test_acceptance_directory_name_and_result_are_git_traceable (test_static_contract.RuntimeContractStaticTests.test_acceptance_directory_name_and_result_are_git_traceable) ... ok
test_acceptance_refuses_wrong_target_or_unconfirmed_lifecycle_event (test_static_contract.RuntimeContractStaticTests.test_acceptance_refuses_wrong_target_or_unconfirmed_lifecycle_event) ... ok
test_acceptance_submits_complete_task_4_mission_schema (test_static_contract.RuntimeContractStaticTests.test_acceptance_submits_complete_task_4_mission_schema) ... ok
test_actuator_commands_use_contract_bound_generic_setter (test_static_contract.RuntimeContractStaticTests.test_actuator_commands_use_contract_bound_generic_setter) ... ok
test_adapter_requires_explicit_ned_contract_not_aliases (test_static_contract.RuntimeContractStaticTests.test_adapter_requires_explicit_ned_contract_not_aliases) ... ok
test_bridge_does_not_fabricate_default_mission_or_nonfinite_values (test_static_contract.RuntimeContractStaticTests.test_bridge_does_not_fabricate_default_mission_or_nonfinite_values) ... ok
test_build_request_is_controlled_and_auditable (test_static_contract.RuntimeContractStaticTests.test_build_request_is_controlled_and_auditable) ... ok
test_build_validates_generated_abi_and_emits_no_defaults (test_static_contract.RuntimeContractStaticTests.test_build_validates_generated_abi_and_emits_no_defaults) ... ok
test_core_enables_realtime_scheduler_and_memory_lock (test_static_contract.RuntimeContractStaticTests.test_core_enables_realtime_scheduler_and_memory_lock) ... ok
test_core_has_fixed_state_receipts_and_lifecycle (test_static_contract.RuntimeContractStaticTests.test_core_has_fixed_state_receipts_and_lifecycle) ... ok
test_core_reserves_capacity_for_50_route_points_plus_landing (test_static_contract.RuntimeContractStaticTests.test_core_reserves_capacity_for_50_route_points_plus_landing) ... ok
test_mission_controller_is_independent_of_generated_model_globals (test_static_contract.RuntimeContractStaticTests.test_mission_controller_is_independent_of_generated_model_globals) ... ok
test_no_model_registry_or_hot_reload_implementation (test_static_contract.RuntimeContractStaticTests.test_no_model_registry_or_hot_reload_implementation) ... ok
test_one_command_ubuntu_acceptance_runner_exists (test_static_contract.RuntimeContractStaticTests.test_one_command_ubuntu_acceptance_runner_exists) ... ok
test_production_deploy_uses_systemd_and_health_gate (test_static_contract.RuntimeContractStaticTests.test_production_deploy_uses_systemd_and_health_gate) ... ok
test_python_only_location_of_ned_to_ue4_conversion (test_static_contract.RuntimeContractStaticTests.test_python_only_location_of_ned_to_ue4_conversion) ... ok
test_runtime_ends_once_when_controller_reports_landed (test_static_contract.RuntimeContractStaticTests.test_runtime_ends_once_when_controller_reports_landed) ... ok
test_target_toolchain_and_python_dependencies_are_pinned (test_static_contract.RuntimeContractStaticTests.test_target_toolchain_and_python_dependencies_are_pinned) ... ok
test_ue4_acceptance_contract_excludes_internal_acceleration_and_rate (test_static_contract.RuntimeContractStaticTests.test_ue4_acceptance_contract_excludes_internal_acceleration_and_rate) ... ok
test_v3_fixed_wing_uses_protocol_defined_tcp_roles (test_static_contract.RuntimeContractStaticTests.test_v3_fixed_wing_uses_protocol_defined_tcp_roles) ... ok
test_acceptance_fixture_uses_internal_acceleration_contract (test_quadrotor_model_contract.QuadrotorModelContractTests.test_acceptance_fixture_uses_internal_acceleration_contract) ... ok
test_builder_rejects_missing_generated_parameter_and_confines_artifacts (test_quadrotor_model_contract.QuadrotorModelContractTests.test_builder_rejects_missing_generated_parameter_and_confines_artifacts) ... ok
test_contract_declares_all_generated_tunable_abi (test_quadrotor_model_contract.QuadrotorModelContractTests.test_contract_declares_all_generated_tunable_abi) ... ok
test_contract_declares_motor_mode_internal_rate_and_state_mapping (test_quadrotor_model_contract.QuadrotorModelContractTests.test_contract_declares_motor_mode_internal_rate_and_state_mapping) ... ok
test_environment_defaults_reach_generated_external_inputs_and_takeoff (test_quadrotor_model_contract.QuadrotorModelContractTests.test_environment_defaults_reach_generated_external_inputs_and_takeoff) ... ok
test_generator_is_fixed_step_exported_global_four_rotor_plant (test_quadrotor_model_contract.QuadrotorModelContractTests.test_generator_is_fixed_step_exported_global_four_rotor_plant) ... ok
test_matlab_validators_require_internal_acceleration_contract (test_quadrotor_model_contract.QuadrotorModelContractTests.test_matlab_validators_require_internal_acceleration_contract) ... ok
test_analysis_emits_review_only_candidate_report (test_parameter_registry_static.ParameterRegistryStaticTests.test_analysis_emits_review_only_candidate_report) ... ok
test_runtime_query_returns_contract_metadata_and_current_value (test_parameter_registry_static.ParameterRegistryStaticTests.test_runtime_query_returns_contract_metadata_and_current_value) ... ok
test_build_emits_surface_values_only_from_explicit_v3_mapping (test_generic_contract_templates.GenericContractTemplateTests.test_build_emits_surface_values_only_from_explicit_v3_mapping) ... ok
test_declares_v3_n_motor_and_fixed_wing_template_paths (test_generic_contract_templates.GenericContractTemplateTests.test_declares_v3_n_motor_and_fixed_wing_template_paths) ... ok
test_fixed_wing_cannot_select_quadrotor_demo_controller (test_generic_contract_templates.GenericContractTemplateTests.test_fixed_wing_cannot_select_quadrotor_demo_controller) ... ok
test_fixed_wing_template_declares_v3_phase_thresholds_without_fake_surfaces (test_generic_contract_templates.GenericContractTemplateTests.test_fixed_wing_template_declares_v3_phase_thresholds_without_fake_surfaces) ... ok
test_template_covers_sensor_rates_faults_and_complex_parameters (test_generic_contract_templates.GenericContractTemplateTests.test_template_covers_sensor_rates_faults_and_complex_parameters) ... ok

----------------------------------------------------------------------
Ran 34 tests in 0.028s

OK
