WARNING: No libpcap provider available ! pcap won't be used
test_capture_parser_and_wire_codec_read_the_exact_generated_frame (test_reference_pcap.ReferencePcapTests.test_capture_parser_and_wire_codec_read_the_exact_generated_frame) ... ok
test_history_and_replay_round_trip_keep_non_executable_boundary (test_reference_pcap.ReferencePcapTests.test_history_and_replay_round_trip_keep_non_executable_boundary) ... ok
test_invalid_profile_and_malformed_capture_fail_explicitly (test_reference_pcap.ReferencePcapTests.test_invalid_profile_and_malformed_capture_fail_explicitly) ... ok
test_loopback_cannot_be_mislabeled_as_frozen_eth0 (test_reference_pcap.ReferencePcapTests.test_loopback_cannot_be_mislabeled_as_frozen_eth0) ... ok
test_persisted_manifest_hashes_match_the_final_files (test_reference_pcap.ReferencePcapTests.test_persisted_manifest_hashes_match_the_final_files) ... ok
test_repeat_generation_is_byte_and_hash_deterministic (test_reference_pcap.ReferencePcapTests.test_repeat_generation_is_byte_and_hash_deterministic) ... ok
test_capture_timestamp_may_differ_when_frame_bytes_match (test_replay_network_evidence.ReplayNetworkEvidenceTests.test_capture_timestamp_may_differ_when_frame_bytes_match) ... ok
test_changed_ethernet_frame_fails (test_replay_network_evidence.ReplayNetworkEvidenceTests.test_changed_ethernet_frame_fails) ... ok
test_empty_received_capture_fails (test_replay_network_evidence.ReplayNetworkEvidenceTests.test_empty_received_capture_fails) ... ok
test_expected_header_mismatch_fails (test_replay_network_evidence.ReplayNetworkEvidenceTests.test_expected_header_mismatch_fails) ... ok
test_expected_payload_mismatch_fails (test_replay_network_evidence.ReplayNetworkEvidenceTests.test_expected_payload_mismatch_fails) ... ok
test_identical_capture_passes (test_replay_network_evidence.ReplayNetworkEvidenceTests.test_identical_capture_passes) ... ok
test_existing_output_directory_is_never_overwritten (test_round2_prepared_pcap.Round2PreparedPcapTests.test_existing_output_directory_is_never_overwritten) ... ok
test_reference_to_prepared_pcap_and_command_offline_closure (test_round2_prepared_pcap.Round2PreparedPcapTests.test_reference_to_prepared_pcap_and_command_offline_closure) ... ok
test_ack_mismatch_or_execution_claim_fails_closed (test_history_round4_gateway.Round4GatewayTests.test_ack_mismatch_or_execution_claim_fails_closed) ... ok
test_evidence_write_is_idempotent_only_for_identical_bytes (test_history_round4_gateway.Round4GatewayTests.test_evidence_write_is_idempotent_only_for_identical_bytes) ... ok
test_received_then_target_missing_is_the_only_passing_ack_pair (test_history_round4_gateway.Round4GatewayTests.test_received_then_target_missing_is_the_only_passing_ack_pair) ... ok
test_round1_is_reencoded_for_fresh_session_without_changing_payload (test_history_round4_gateway.Round4GatewayTests.test_round1_is_reencoded_for_fresh_session_without_changing_payload) ... ok
test_all_11_can_input_frames_reassemble_after_full_log_export (test_replay_export.ExportTests.test_all_11_can_input_frames_reassemble_after_full_log_export) ... ok
test_all_44_granted_udp_inputs_export_in_all_three_modes (test_replay_export.ExportTests.test_all_44_granted_udp_inputs_export_in_all_three_modes) ... ok
test_auxiliary_can_to_udp_requires_explicit_real_l2_identity (test_replay_export.ExportTests.test_auxiliary_can_to_udp_requires_explicit_real_l2_identity) ... ok
test_backward_merged_can_timeline_preserved_but_not_tool_compatible (test_replay_export.ExportTests.test_backward_merged_can_timeline_preserved_but_not_tool_compatible) ... ok
test_can_duplicate_fragment_order_and_ns_timing_are_not_rounded (test_replay_export.ExportTests.test_can_duplicate_fragment_order_and_ns_timing_are_not_rounded) ... ok
test_complete_pcap_three_modes_original_frame_payload_and_exact_time (test_replay_export.ExportTests.test_complete_pcap_three_modes_original_frame_payload_and_exact_time) ... ok
test_corrupted_wire_frame_hash_or_feedback_identity_rejected (test_replay_export.ExportTests.test_corrupted_wire_frame_hash_or_feedback_identity_rejected) ... ok
test_exact_integer_time_cannot_be_rewritten_without_original_policy (test_replay_export.ExportTests.test_exact_integer_time_cannot_be_rewritten_without_original_policy) ... ok
test_explicit_export_filename_cannot_change_medium_or_forge_persistence (test_replay_export.ExportTests.test_explicit_export_filename_cannot_change_medium_or_forge_persistence) ... ok
test_explicit_prepared_filename_is_safe_and_survives_persistence (test_replay_export.ExportTests.test_explicit_prepared_filename_is_safe_and_survives_persistence) ... ok
test_failed_actual_persistence_has_no_complete_manifest_or_silent_cleanup (test_replay_export.ExportTests.test_failed_actual_persistence_has_no_complete_manifest_or_silent_cleanup) ... ok
test_feedback_not_exported_and_exact_packet_manifest_indices (test_replay_export.ExportTests.test_feedback_not_exported_and_exact_packet_manifest_indices) ... ok
test_modified_complete_group_cannot_export_mixed_headers_or_partial_payload (test_replay_export.ExportTests.test_modified_complete_group_cannot_export_mixed_headers_or_partial_payload) ... ok
test_multichannel_pcapng_export_keeps_each_interface_and_file_order (test_replay_export.ExportTests.test_multichannel_pcapng_export_keeps_each_interface_and_file_order) ... ok
test_raw_channel_cannot_be_relabelled (test_replay_export.ExportTests.test_raw_channel_cannot_be_relabelled) ... ok
test_raw_ethernet_l2_or_ttl_cannot_change_by_rehashing (test_replay_export.ExportTests.test_raw_ethernet_l2_or_ttl_cannot_change_by_rehashing) ... ok
test_real_new_directory_package_and_existing_path_never_overwritten (test_replay_export.ExportTests.test_real_new_directory_package_and_existing_path_never_overwritten) ... ok
test_rehashed_reencode_cannot_target_invalid_udp_endpoint (test_replay_export.ExportTests.test_rehashed_reencode_cannot_target_invalid_udp_endpoint) ... ok
test_selected_whole_record_cannot_be_omitted (test_replay_export.ExportTests.test_selected_whole_record_cannot_be_omitted) ... ok
test_session_rebuild_cannot_revert_to_captured_session_or_false_changes (test_replay_export.ExportTests.test_session_rebuild_cannot_revert_to_captured_session_or_false_changes) ... ok
test_strict_bindings_epoch_capacity_and_noninteger_time (test_replay_export.ExportTests.test_strict_bindings_epoch_capacity_and_noninteger_time) ... ok
test_failed_namespace_delete_cannot_report_success (test_history_round4_cleanup.Round4CleanupTests.test_failed_namespace_delete_cannot_report_success) ... ok
test_rejected_existing_output_is_never_modified (test_history_round4_cleanup.Round4CleanupTests.test_rejected_existing_output_is_never_modified) ... ok
test_current_development_can_binding_and_external_controller_config_coexist (test_history_handoff_integration.HistoryHandoffIntegrationTests.test_current_development_can_binding_and_external_controller_config_coexist) ... ok
test_default_current_gateway_keeps_honest_admission_only_boundary (test_history_handoff_integration.HistoryHandoffIntegrationTests.test_default_current_gateway_keeps_honest_admission_only_boundary) ... ok
test_final_round3_captures_still_match_exact_frames_header_and_payload (test_history_handoff_integration.HistoryHandoffIntegrationTests.test_final_round3_captures_still_match_exact_frames_header_and_payload) ... ok
test_final_round4_full_evidence_readback_does_not_rewrite_history (test_history_handoff_integration.HistoryHandoffIntegrationTests.test_final_round4_full_evidence_readback_does_not_rewrite_history) ... ok
test_same_history_wire_uses_current_standard_receive_only_path_and_dedup (test_history_handoff_integration.HistoryHandoffIntegrationTests.test_same_history_wire_uses_current_standard_receive_only_path_and_dedup) ... ok

----------------------------------------------------------------------
Ran 46 tests in 16.911s

OK
