# Fresh Reception Milestone Verification

## Final Gateway: 19 Related Suites, 374 Tests
& './runtime/icd-venv/Scripts/python.exe' -X utf8 -c "import sys,unittest; sys.path.insert(0,'tests/icd_gateway'); names=['test_reception_service','test_can_ingress','test_send_run','test_send_cli','test_receiver','test_session','test_udp','test_cli','test_source_session','test_source_inputs','test_protocol','test_scenario','test_waveform','test_scapy_source','test_can_signal','test_live_tool_input','test_configuration_service','test_lifecycle_service','test_status_service']; suite=unittest.defaultTestLoader.loadTestsFromNames(names); result=unittest.TextTestRunner(verbosity=2).run(suite); sys.exit(not result.wasSuccessful())"

WARNING: No libpcap provider available ! pcap won't be used
test_all_models_all_applicable_messages_and_transports (test_reception_service.ReceptionTests.test_all_models_all_applicable_messages_and_transports) ... ok
test_capacity_rejects_before_new_admission_and_preserves_old_records (test_reception_service.ReceptionTests.test_capacity_rejects_before_new_admission_and_preserves_old_records) ... ok
test_close_keeps_decoded_records_and_rejects_new_receive (test_reception_service.ReceptionTests.test_close_keeps_decoded_records_and_rejects_new_receive) ... ok
test_exact_retry_returns_original_feedback_without_duplicate_record (test_reception_service.ReceptionTests.test_exact_retry_returns_original_feedback_without_duplicate_record) ... ok
test_reception_does_not_enable_status_or_lifecycle_effects (test_reception_service.ReceptionTests.test_reception_does_not_enable_status_or_lifecycle_effects) ... ok
test_role_crc_and_expiry_do_not_record_or_validate (test_reception_service.ReceptionTests.test_role_crc_and_expiry_do_not_record_or_validate) ... ok
test_udp_decodes_full_payload_and_only_publishes_e1 (test_reception_service.ReceptionTests.test_udp_decodes_full_payload_and_only_publishes_e1) ... ok
test_wrong_owner_and_source_identity_are_rejected (test_reception_service.ReceptionTests.test_wrong_owner_and_source_identity_are_rejected) ... ok
test_actual_original_fd_frames_decode_and_return_standard_feedback (test_can_ingress.CANIngressTests.test_actual_original_fd_frames_decode_and_return_standard_feedback) ... ok
test_bad_crc_and_classic_frame_do_not_decode_or_admit (test_can_ingress.CANIngressTests.test_bad_crc_and_classic_frame_do_not_decode_or_admit) ... ok
test_close_owns_only_bus_not_other_receiver_transports (test_can_ingress.CANIngressTests.test_close_owns_only_bus_not_other_receiver_transports) ... ok
test_native_receive_and_feedback_failure_keep_decoded_records (test_can_ingress.CANIngressTests.test_native_receive_and_feedback_failure_keep_decoded_records) ... ok
test_unregistered_binding_rejects_before_backend_open (test_can_ingress.CANIngressTests.test_unregistered_binding_rejects_before_backend_open) ... ok
test_effect_handlers_and_external_replay_are_not_silently_dropped (test_send_run.SendRunTests.test_effect_handlers_and_external_replay_are_not_silently_dropped) ... ok
test_long_stream_explicitly_opens_new_session_without_model_reset_claim (test_send_run.SendRunTests.test_long_stream_explicitly_opens_new_session_without_model_reset_claim) ... ok
test_missing_native_ethgen_does_not_fallback_or_open_session (test_send_run.SendRunTests.test_missing_native_ethgen_does_not_fallback_or_open_session) ... ok
test_missing_receiver_implementation_stops_before_first_data_tx (test_send_run.SendRunTests.test_missing_receiver_implementation_stops_before_first_data_tx) ... ok
test_original_float_sign_is_preserved_in_generated_and_received_snapshots (test_send_run.SendRunTests.test_original_float_sign_is_preserved_in_generated_and_received_snapshots) ... ok
test_partial_can_send_persists_actual_first_frame_and_uncertain_failed_attempt (test_send_run.SendRunTests.test_partial_can_send_persists_actual_first_frame_and_uncertain_failed_attempt) ... ok
test_partial_scapy_send_persists_full_and_failed_original_frames (test_send_run.SendRunTests.test_partial_scapy_send_persists_full_and_failed_original_frames) ... ok
test_protocol_cant_generates_and_receiver_decodes_real_library_frames (test_send_run.SendRunTests.test_protocol_cant_generates_and_receiver_decodes_real_library_frames) ... ok
test_protocol_requires_complete_explicit_payload_and_generates_samples (test_send_run.SendRunTests.test_protocol_requires_complete_explicit_payload_and_generates_samples) ... ok
test_scenario_ethgen_scapy_self_generates_ramp_and_receiver_gets_exact_values (test_send_run.SendRunTests.test_scenario_ethgen_scapy_self_generates_ramp_and_receiver_gets_exact_values) ... ok
test_scenario_reuses_waveform_full_snapshots_and_periodic_stop (test_send_run.SendRunTests.test_scenario_reuses_waveform_full_snapshots_and_periodic_stop) ... ok
test_dry_run_generates_complete_two_sources_without_network_or_model_claims (test_send_cli.SendCLITests.test_dry_run_generates_complete_two_sources_without_network_or_model_claims) ... ok
test_generated_source_cli_keeps_session_and_native_records_with_real_library_bus (test_send_cli.SendCLITests.test_generated_source_cli_keeps_session_and_native_records_with_real_library_bus) ... ok
test_invalid_config_and_existing_output_fail_without_overwrite (test_send_cli.SendCLITests.test_invalid_config_and_existing_output_fail_without_overwrite) ... ok
test_native_backend_failure_is_explicit_before_any_data_tx (test_send_cli.SendCLITests.test_native_backend_failure_is_explicit_before_any_data_tx) ... ok
test_optional_native_can_grants_are_exact_and_unambiguous (test_send_cli.SendCLITests.test_optional_native_can_grants_are_exact_and_unambiguous) ... ok
test_receiver_cli_flushes_decoded_tail_when_native_feedback_fails (test_send_cli.SendCLITests.test_receiver_cli_flushes_decoded_tail_when_native_feedback_fails) ... ok
test_receiver_process_retains_actual_decoded_standard_inputs (test_send_cli.SendCLITests.test_receiver_process_retains_actual_decoded_standard_inputs) ... ok
test_acl_role_and_expiry_checks_precede_reassembly (test_receiver.ReceiverTests.test_acl_role_and_expiry_checks_precede_reassembly) ... ok
test_bad_open_identity_has_zero_session_failed_ack (test_receiver.ReceiverTests.test_bad_open_identity_has_zero_session_failed_ack) ... ok
test_common_receiver_exists (test_receiver.ReceiverTests.test_common_receiver_exists) ... ok
test_complete_retry_reemits_same_feedback_without_second_admission (test_receiver.ReceiverTests.test_complete_retry_reemits_same_feedback_without_second_admission) ... ok
test_different_value_reusing_sequence_is_failed_duplicate (test_receiver.ReceiverTests.test_different_value_reusing_sequence_is_failed_duplicate) ... ok
test_interleaved_fragmented_opens_are_isolated_by_authorized_grant (test_receiver.ReceiverTests.test_interleaved_fragmented_opens_are_isolated_by_authorized_grant) ... ok
test_missing_consumer_has_received_then_failed_and_no_application (test_receiver.ReceiverTests.test_missing_consumer_has_received_then_failed_and_no_application) ... ok
test_open_is_source_transparent_and_does_not_claim_model_readiness (test_receiver.ReceiverTests.test_open_is_source_transparent_and_does_not_claim_model_readiness) ... ok
test_partial_groups_expire_even_without_traffic_and_session_shutdown_frees (test_receiver.ReceiverTests.test_partial_groups_expire_even_without_traffic_and_session_shutdown_frees) ... ok
test_common_gateway_package_exists (test_session.AvailabilityTests.test_common_gateway_package_exists) ... ok
test_actual_8192_retry_cache_eviction_preserves_high_water_mark (test_session.SessionTests.test_actual_8192_retry_cache_eviction_preserves_high_water_mark) ... ok
test_cache_expiry_does_not_reset_session_sequence (test_session.SessionTests.test_cache_expiry_does_not_reset_session_sequence) ... ok
test_capacity_and_pending_duplicate_never_allocate_second_session (test_session.SessionTests.test_capacity_and_pending_duplicate_never_allocate_second_session) ... ok
test_cross_link_complete_duplicate_replays_original_failure_once (test_session.SessionTests.test_cross_link_complete_duplicate_replays_original_failure_once) ... ok
test_duplicate_complete_grant_identity_cannot_split_session_ownership (test_session.SessionTests.test_duplicate_complete_grant_identity_cannot_split_session_ownership) ... ok
test_expired_or_revoked_session_cannot_write_and_ids_are_not_reused (test_session.SessionTests.test_expired_or_revoked_session_cannot_write_and_ids_are_not_reused) ... ok
test_feedback_counter_and_response_bounds (test_session.SessionTests.test_feedback_counter_and_response_bounds) ... ok
test_fixed_lease_and_only_fresh_heartbeat_renewal (test_session.SessionTests.test_fixed_lease_and_only_fresh_heartbeat_renewal) ... ok
test_grants_and_request_identity_are_not_mutable_aliases (test_session.SessionTests.test_grants_and_request_identity_are_not_mutable_aliases) ... ok
test_open_requires_exact_identity_and_granted_roles (test_session.SessionTests.test_open_requires_exact_identity_and_granted_roles) ... ok
test_same_sequence_different_value_or_transaction_is_rejected (test_session.SessionTests.test_same_sequence_different_value_or_transaction_is_rejected) ... ok
test_unregistered_link_and_role_rejected_before_fragment_allocation (test_session.SessionTests.test_unregistered_link_and_role_rejected_before_fragment_allocation) ... ok
test_actual_socket_open_fragmented_input_and_cached_failure_feedback (test_udp.UDPTests.test_actual_socket_open_fragmented_input_and_cached_failure_feedback) ... ok
test_actual_udp_idle_poll_releases_owned_queue_without_model_execution (test_udp.UDPTests.test_actual_udp_idle_poll_releases_owned_queue_without_model_execution) ... ok
test_actual_wire_cleanup_remains_failure_until_all_real_consumers_exist (test_udp.UDPTests.test_actual_wire_cleanup_remains_failure_until_all_real_consumers_exist) ... ok
test_common_udp_and_source_packages_exist (test_udp.UDPTests.test_common_udp_and_source_packages_exist) ... ok
test_defined_port_roles_36100_36101_36102_use_actual_sockets (test_udp.UDPTests.test_defined_port_roles_36100_36101_36102_use_actual_sockets) ... ok
test_feedback_cache_expiry_cannot_rollback_highwater (test_udp.UDPTests.test_feedback_cache_expiry_cannot_rollback_highwater) ... ok
test_feedback_sequence_reuse_for_a_different_reply_is_rejected (test_udp.UDPTests.test_feedback_sequence_reuse_for_a_different_reply_is_rejected) ... ok
test_forward_acl_bad_crc_and_oversize_do_not_allocate (test_udp.UDPTests.test_forward_acl_bad_crc_and_oversize_do_not_allocate) ... ok
test_reliable_retries_are_identical_and_periodic_control_is_not_retried (test_udp.UDPTests.test_reliable_retries_are_identical_and_periodic_control_is_not_retried) ... ok
test_reverse_acl_and_transaction_filter_ignore_foreign_feedback (test_udp.UDPTests.test_reverse_acl_and_transaction_filter_ignore_foreign_feedback) ... ok
test_source_request_waits_for_terminal_and_gateway_idle_expires_session (test_udp.UDPTests.test_source_request_waits_for_terminal_and_gateway_idle_expires_session) ... ok
test_source_tracking_capacity_is_explicit_not_misreported_as_timeout (test_udp.UDPTests.test_source_tracking_capacity_is_explicit_not_misreported_as_timeout) ... ok
test_storage_library_does_not_enable_wire_resource_consumer (test_udp.UDPTests.test_storage_library_does_not_enable_wire_resource_consumer) ... ok
test_udp_close_preserves_receiver_shutdown_records_after_socket_release (test_udp.UDPTests.test_udp_close_preserves_receiver_shutdown_records_after_socket_release) ... ok
test_checked_in_development_config_uses_defined_endpoint_roles (test_cli.CLITests.test_checked_in_development_config_uses_defined_endpoint_roles) ... ok
test_config_rejects_unknown_fields_and_formal_mode_without_release (test_cli.CLITests.test_config_rejects_unknown_fields_and_formal_mode_without_release) ... ok
test_gateway_config_exists (test_cli.CLITests.test_gateway_config_exists) ... ok
test_independent_gateway_and_source_processes_exchange_formal_wire (test_cli.CLITests.test_independent_gateway_and_source_processes_exchange_formal_wire) ... ok
test_one_common_source_with_no_os_or_mock_real_dispatch (test_cli.CLITests.test_one_common_source_with_no_os_or_mock_real_dispatch) ... ok
test_wrong_hash_refuses_service_startup (test_cli.CLITests.test_wrong_hash_refuses_service_startup) ... ok
test_real_grant_header_feeds_replay_and_actual_resource_exchange (test_source_session.ActualResourceSessionTests.test_real_grant_header_feeds_replay_and_actual_resource_exchange) ... ok
test_claim_blocks_manual_tx_and_feedback_read_after_construction (test_source_session.ActualSourceSessionTests.test_claim_blocks_manual_tx_and_feedback_read_after_construction) ... ok
test_opening_transaction_follows_prior_manual_transport_use (test_source_session.ActualSourceSessionTests.test_opening_transaction_follows_prior_manual_transport_use) ... ok
test_real_receiver_grant_used_and_missing_capability_stops_before_tx (test_source_session.ActualSourceSessionTests.test_real_receiver_grant_used_and_missing_capability_stops_before_tx) ... ok
test_real_receiver_rejects_wrong_identity_without_local_grant (test_source_session.ActualSourceSessionTests.test_real_receiver_rejects_wrong_identity_without_local_grant) ... ok
test_real_transport_rejects_new_manager_and_delayed_old_grant (test_source_session.ActualSourceSessionTests.test_real_transport_rejects_new_manager_and_delayed_old_grant) ... ok
test_clock_status_nonce_and_request_type_are_correlated (test_source_session.FeedbackCorrelationTests.test_clock_status_nonce_and_request_type_are_correlated) ... ok
test_status_is_only_a_heartbeat_response (test_source_session.FeedbackCorrelationTests.test_status_is_only_a_heartbeat_response) ... ok
test_unrelated_status_clock_feedback_is_not_an_ack (test_source_session.FeedbackCorrelationTests.test_unrelated_status_clock_feedback_is_not_an_ack) ... ok
test_backward_or_bool_source_mono_is_rejected_without_send (test_source_session.SourceSessionTests.test_backward_or_bool_source_mono_is_rejected_without_send) ... ok
test_bad_target_and_counter_wrap_reject (test_source_session.SourceSessionTests.test_bad_target_and_counter_wrap_reject) ... ok
test_clock_failure_after_reply_keeps_untrusted_exchange_record (test_source_session.SourceSessionTests.test_clock_failure_after_reply_keeps_untrusted_exchange_record) ... ok
test_conservative_lease_starts_before_exchange_not_on_late_reply (test_source_session.SourceSessionTests.test_conservative_lease_starts_before_exchange_not_on_late_reply) ... ok
test_explicit_transaction_reservation_never_collides_with_auto_counter (test_source_session.SourceSessionTests.test_explicit_transaction_reservation_never_collides_with_auto_counter) ... ok
test_failed_heartbeat_and_ordinary_feedback_do_not_renew_lease (test_source_session.SourceSessionTests.test_failed_heartbeat_and_ordinary_feedback_do_not_renew_lease) ... ok
test_heartbeat_uses_actual_last_feedback_and_explicit_sender_step (test_source_session.SourceSessionTests.test_heartbeat_uses_actual_last_feedback_and_explicit_sender_step) ... ok
test_invalid_constructor_limits_identity_and_roles_reject (test_source_session.SourceSessionTests.test_invalid_constructor_limits_identity_and_roles_reject) ... ok
test_invalid_payload_does_not_consume_sequence_or_send (test_source_session.SourceSessionTests.test_invalid_payload_does_not_consume_sequence_or_send) ... ok
test_local_abandon_is_not_a_remote_close_reset_or_clear_queues (test_source_session.SourceSessionTests.test_local_abandon_is_not_a_remote_close_reset_or_clear_queues) ... ok
test_one_counter_owner_per_transport_even_after_local_close (test_source_session.SourceSessionTests.test_one_counter_owner_per_transport_even_after_local_close) ... ok
test_open_after_the_entire_lease_cannot_create_a_live_local_session (test_source_session.SourceSessionTests.test_open_after_the_entire_lease_cannot_create_a_live_local_session) ... ok
test_open_captures_actual_grant_and_allocates_global_fresh_headers (test_source_session.SourceSessionTests.test_open_captures_actual_grant_and_allocates_global_fresh_headers) ... ok
test_open_validates_both_baselines_roles_sid_and_model (test_source_session.SourceSessionTests.test_open_validates_both_baselines_roles_sid_and_model) ... ok
test_record_capacity_rejects_before_send_and_drain_does_not_clear_session (test_source_session.SourceSessionTests.test_record_capacity_rejects_before_send_and_drain_does_not_clear_session) ... ok
test_records_and_capabilities_are_immutable_detached (test_source_session.SourceSessionTests.test_records_and_capabilities_are_immutable_detached) ... ok
test_reopen_requires_explicit_local_abandon_and_never_reuses_nonce_or_sid (test_source_session.SourceSessionTests.test_reopen_requires_explicit_local_abandon_and_never_reuses_nonce_or_sid) ... ok
test_request_keeps_real_failed_feedback_without_manufacturing_stage (test_source_session.SourceSessionTests.test_request_keeps_real_failed_feedback_without_manufacturing_stage) ... ok
test_request_payload_detaches_from_callers_during_transport_exchange (test_source_session.SourceSessionTests.test_request_payload_detaches_from_callers_during_transport_exchange) ... ok
test_roles_capability_and_model_are_checked_before_allocation (test_source_session.SourceSessionTests.test_roles_capability_and_model_are_checked_before_allocation) ... ok
test_session_module_exists (test_source_session.SourceSessionTests.test_session_module_exists) ... ok
test_transport_timeout_is_recorded_without_faking_response_or_session (test_source_session.SourceSessionTests.test_transport_timeout_is_recorded_without_faking_response_or_session) ... ok
test_actual_resource_corruption_is_cli_failure (test_source_inputs.SourceInputCLITests.test_actual_resource_corruption_is_cli_failure) ... ok
test_cli_explicit_local_bindings_decode_and_reject_unknown_keys (test_source_inputs.SourceInputCLITests.test_cli_explicit_local_bindings_decode_and_reject_unknown_keys) ... ok
test_cli_reports_actual_capture_without_granting_history_execution (test_source_inputs.SourceInputCLITests.test_cli_reports_actual_capture_without_granting_history_execution) ... ok
test_offline_cli_reads_real_resources_without_network_or_model (test_source_inputs.SourceInputCLITests.test_offline_cli_reads_real_resources_without_network_or_model) ... ok
test_actual_capture_truncation_and_loss_reject_online_without_trusting_declaration (test_source_inputs.SourceInputsTests.test_actual_capture_truncation_and_loss_reject_online_without_trusting_declaration) ... ok
test_actual_protocol_description_is_immutable_and_not_execution_permission (test_source_inputs.SourceInputsTests.test_actual_protocol_description_is_immutable_and_not_execution_permission) ... ok
test_ambiguous_engineering_stream_and_epoch_overflow_are_rejected (test_source_inputs.SourceInputsTests.test_ambiguous_engineering_stream_and_epoch_overflow_are_rejected) ... ok
test_auditor_is_available (test_source_inputs.SourceInputsTests.test_auditor_is_available) ... ok
test_capture_packet_capacity_and_missing_can_utf8_encoding (test_source_inputs.SourceInputsTests.test_capture_packet_capacity_and_missing_can_utf8_encoding) ... ok
test_duplicate_resource_ids_and_missing_actual_bytes_fail (test_source_inputs.SourceInputsTests.test_duplicate_resource_ids_and_missing_actual_bytes_fail) ... ok
test_equivalent_arxml_is_really_parsed_and_drift_is_rejected (test_source_inputs.SourceInputsTests.test_equivalent_arxml_is_really_parsed_and_drift_is_rejected) ... ok
test_explicit_capture_bindings_enable_real_logical_decode_without_execution (test_source_inputs.SourceInputsTests.test_explicit_capture_bindings_enable_real_logical_decode_without_execution) ... ok
test_fault_and_model_eligibility_are_not_bypassed (test_source_inputs.SourceInputsTests.test_fault_and_model_eligibility_are_not_bypassed) ... ok
test_file_name_is_metadata_not_a_resource_lookup_path (test_source_inputs.SourceInputsTests.test_file_name_is_metadata_not_a_resource_lookup_path) ... ok
test_history_actual_counts_message_ids_and_time_window_are_verified (test_source_inputs.SourceInputsTests.test_history_actual_counts_message_ids_and_time_window_are_verified) ... ok
test_history_decoder_pin_direction_and_duplicate_ids (test_source_inputs.SourceInputsTests.test_history_decoder_pin_direction_and_duplicate_ids) ... ok
test_history_offline_rate_and_rewrite_uniqueness_remain_frozen (test_source_inputs.SourceInputsTests.test_history_offline_rate_and_rewrite_uniqueness_remain_frozen) ... ok
test_history_only_is_allowed_and_offset_uint64_is_exact (test_source_inputs.SourceInputsTests.test_history_only_is_allowed_and_offset_uint64_is_exact) ... ok
test_history_rows_are_closed_valid_non_decreasing_and_bounded (test_source_inputs.SourceInputsTests.test_history_rows_are_closed_valid_non_decreasing_and_bounded) ... ok
test_incomplete_online_rejected_offline_never_claims_complete_capture (test_source_inputs.SourceInputsTests.test_incomplete_online_rejected_offline_never_claims_complete_capture) ... ok
test_invalid_capture_cannot_pass_by_self_declared_integrity (test_source_inputs.SourceInputsTests.test_invalid_capture_cannot_pass_by_self_declared_integrity) ... ok
test_jsonl_cannot_claim_raw_replay_or_original_session_rebuild (test_source_inputs.SourceInputsTests.test_jsonl_cannot_claim_raw_replay_or_original_session_rebuild) ... ok
test_missing_mandatory_protocol_artifact_is_rejected (test_source_inputs.SourceInputsTests.test_missing_mandatory_protocol_artifact_is_rejected) ... ok
test_nonnumeric_assertion_cannot_use_tolerance_or_order (test_source_inputs.SourceInputsTests.test_nonnumeric_assertion_cannot_use_tolerance_or_order) ... ok
test_null_both_sources_and_unknown_scenario_field_fail_closed (test_source_inputs.SourceInputsTests.test_null_both_sources_and_unknown_scenario_field_fail_closed) ... ok
test_online_scenario_replay_cannot_bypass_actual_incomplete_capture (test_source_inputs.SourceInputsTests.test_online_scenario_replay_cannot_bypass_actual_incomplete_capture) ... ok
test_parsed_only_contract_has_no_verified_resource_authority (test_source_inputs.SourceInputsTests.test_parsed_only_contract_has_no_verified_resource_authority) ... ok
test_periodic_stop_requires_prior_unique_start (test_source_inputs.SourceInputsTests.test_periodic_stop_requires_prior_unique_start) ... ok
test_protocol_ids_must_be_unique_known_and_include_used_inputs (test_source_inputs.SourceInputsTests.test_protocol_ids_must_be_unique_known_and_include_used_inputs) ... ok
test_real_protocol_files_and_all_three_sources_do_not_claim_execution (test_source_inputs.SourceInputsTests.test_real_protocol_files_and_all_three_sources_do_not_claim_execution) ... ok
test_rehashed_replacement_catalog_or_dbc_is_still_rejected (test_source_inputs.SourceInputsTests.test_rehashed_replacement_catalog_or_dbc_is_still_rejected) ... ok
test_replay_event_policy_is_checked_against_actual_engineering_capture (test_source_inputs.SourceInputsTests.test_replay_event_policy_is_checked_against_actual_engineering_capture) ... ok
test_scenario_events_and_assertions_have_unique_namespaces (test_source_inputs.SourceInputsTests.test_scenario_events_and_assertions_have_unique_namespaces) ... ok
test_size_hash_encoding_and_resource_budgets (test_source_inputs.SourceInputsTests.test_size_hash_encoding_and_resource_budgets) ... ok
test_snapshot_and_decoded_records_are_immutable (test_source_inputs.SourceInputsTests.test_snapshot_and_decoded_records_are_immutable) ... ok
test_source_baseline_and_component_pins_cannot_drift (test_source_inputs.SourceInputsTests.test_source_baseline_and_component_pins_cannot_drift) ... ok
test_three_actual_capture_containers_are_parsed_not_business_decoded (test_source_inputs.SourceInputsTests.test_three_actual_capture_containers_are_parsed_not_business_decoded) ... ok
test_unknown_protocol_format_is_pending_not_parsed (test_source_inputs.SourceInputsTests.test_unknown_protocol_format_is_pending_not_parsed) ... ok
test_unrecognized_model_and_bad_audit_limits_fail (test_source_inputs.SourceInputsTests.test_unrecognized_model_and_bad_audit_limits_fail) ... ok
test_actual_dbc_has_all_frozen_frames_and_signals (test_protocol.ProtocolTests.test_actual_dbc_has_all_frozen_frames_and_signals) ... ok
test_actual_equivalent_arxml_is_parsed_by_original_library (test_protocol.ProtocolTests.test_actual_equivalent_arxml_is_parsed_by_original_library) ... ok
test_all_can_golden_vectors_and_wire_codec_are_byte_exact (test_protocol.ProtocolTests.test_all_can_golden_vectors_and_wire_codec_are_byte_exact) ... ok
test_arxml_malformed_dtd_entities_and_bounds_fail_closed (test_protocol.ProtocolTests.test_arxml_malformed_dtd_entities_and_bounds_fail_closed) ... ok
test_arxml_nonfinite_extreme_or_overlong_period_is_resource_failure (test_protocol.ProtocolTests.test_arxml_nonfinite_extreme_or_overlong_period_is_resource_failure) ... ok
test_arxml_unprojected_pdu_mapping_length_and_update_bit_are_rejected (test_protocol.ProtocolTests.test_arxml_unprojected_pdu_mapping_length_and_update_bit_are_rejected) ... ok
test_arxml_unrounded_conversion_range_and_coefficient_are_exact (test_protocol.ProtocolTests.test_arxml_unrounded_conversion_range_and_coefficient_are_exact) ... ok
test_arxml_wire_drift_and_ignored_metadata_are_rejected (test_protocol.ProtocolTests.test_arxml_wire_drift_and_ignored_metadata_are_rejected) ... ok
test_component_message_and_resource_declarations_cannot_drift (test_protocol.ProtocolTests.test_component_message_and_resource_declarations_cannot_drift) ... ok
test_declared_message_scope_and_input_snapshot_cannot_change (test_protocol.ProtocolTests.test_declared_message_scope_and_input_snapshot_cannot_change) ... ok
test_every_signal_layout_property_is_verified (test_protocol.ProtocolTests.test_every_signal_layout_property_is_verified) ... ok
test_formal_crc_direction_and_transport_rules_are_not_bypassed (test_protocol.ProtocolTests.test_formal_crc_direction_and_transport_rules_are_not_bypassed) ... ok
test_original_resource_pins_and_actual_bytes_are_required (test_protocol.ProtocolTests.test_original_resource_pins_and_actual_bytes_are_required) ... ok
test_parser_is_available (test_protocol.ProtocolTests.test_parser_is_available) ... ok
test_real_database_frame_drift_is_rejected (test_protocol.ProtocolTests.test_real_database_frame_drift_is_rejected) ... ok
test_unimplemented_resource_format_is_explicitly_pending (test_protocol.ProtocolTests.test_unimplemented_resource_format_is_explicitly_pending) ... ok
test_unparsed_or_failed_parser_cannot_encode_or_decode (test_protocol.ProtocolTests.test_unparsed_or_failed_parser_cannot_encode_or_decode) ... ok
test_all_97_frozen_bindings_and_105_elements_resolve_to_complete_actual_fields (test_scenario.ScenarioTests.test_all_97_frozen_bindings_and_105_elements_resolve_to_complete_actual_fields) ... ok
test_all_snapshot_storage_counts_and_unverified_contract_rejects (test_scenario.ScenarioTests.test_all_snapshot_storage_counts_and_unverified_contract_rejects) ... ok
test_all_ten_events_retained_sorted_and_controls_not_executed (test_scenario.ScenarioTests.test_all_ten_events_retained_sorted_and_controls_not_executed) ... ok
test_arithmetic_intersection_matches_small_enumerated_progressions (test_scenario.ScenarioTests.test_arithmetic_intersection_matches_small_enumerated_progressions) ... ok
test_arrays_all_elements_and_boolean_targets_count_for_complete_snapshot (test_scenario.ScenarioTests.test_arrays_all_elements_and_boolean_targets_count_for_complete_snapshot) ... ok
test_collision_budget_does_not_silently_ignore_long_overlapping_streams (test_scenario.ScenarioTests.test_collision_budget_does_not_silently_ignore_long_overlapping_streams) ... ok
test_complete_snapshot_collision_across_original_tools_and_alias_messages (test_scenario.ScenarioTests.test_complete_snapshot_collision_across_original_tools_and_alias_messages) ... ok
test_duplicate_namespaces_prior_stop_link_and_fault_restrictions (test_scenario.ScenarioTests.test_duplicate_namespaces_prior_stop_link_and_fault_restrictions) ... ok
test_end_cleanup_clips_future_streams_but_is_not_completed_cleanup (test_scenario.ScenarioTests.test_end_cleanup_clips_future_streams_but_is_not_completed_cleanup) ... ok
test_large_finite_streams_are_not_expanded_and_output_limit_fails_before_yield (test_scenario.ScenarioTests.test_large_finite_streams_are_not_expanded_and_output_limit_fails_before_yield) ... ok
test_negative_mutation_integer_fields_do_not_accept_float_or_bool (test_scenario.ScenarioTests.test_negative_mutation_integer_fields_do_not_accept_float_or_bool) ... ok
test_periodic_collision_with_static_and_later_coprime_intersection (test_scenario.ScenarioTests.test_periodic_collision_with_static_and_later_coprime_intersection) ... ok
test_periodic_first_count_and_same_step_stop_sort_boundary (test_scenario.ScenarioTests.test_periodic_first_count_and_same_step_stop_sort_boundary) ... ok
test_replay_reference_negative_case_and_unresolved_consumers_are_explicit (test_scenario.ScenarioTests.test_replay_reference_negative_case_and_unresolved_consumers_are_explicit) ... ok
test_snapshot_actions_detached_immutable_and_signed_zero_preserved (test_scenario.ScenarioTests.test_snapshot_actions_detached_immutable_and_signed_zero_preserved) ... ok
test_sort_priority_then_event_id_without_changing_original_snapshot (test_scenario.ScenarioTests.test_sort_priority_then_event_id_without_changing_original_snapshot) ... ok
test_source_audit_exposes_plan_and_rejects_real_complete_snapshot_collision (test_scenario.ScenarioTests.test_source_audit_exposes_plan_and_rejects_real_complete_snapshot_collision) ... ok
test_strict_models_timing_counts_and_uint32_overflow (test_scenario.ScenarioTests.test_strict_models_timing_counts_and_uint32_overflow) ... ok
test_terminal_waveform_sample_collision_and_stop_clipping_are_not_missed (test_scenario.ScenarioTests.test_terminal_waveform_sample_collision_and_stop_clipping_are_not_missed) ... ok
test_two_waveforms_different_changed_fields_still_write_full_same_ports (test_scenario.ScenarioTests.test_two_waveforms_different_changed_fields_still_write_full_same_ports) ... ok
test_waveform_exact_terminal_sample_even_when_period_not_divisible (test_scenario.ScenarioTests.test_waveform_exact_terminal_sample_even_when_period_not_divisible) ... ok
test_all_registered_numeric_bindings_and_array_elements_are_sampled (test_waveform.WaveformTests.test_all_registered_numeric_bindings_and_array_elements_are_sampled) ... ok
test_constant_is_complete_detached_stimulus_with_no_header_or_execution_claim (test_waveform.WaveformTests.test_constant_is_complete_detached_stimulus_with_no_header_or_execution_claim) ... ok
test_direct_sampler_requires_explicit_frozen_model_identity (test_waveform.WaveformTests.test_direct_sampler_requires_explicit_frozen_model_identity) ... ok
test_fixed_array_explicit_index_all_models_and_no_mutable_alias (test_waveform.WaveformTests.test_fixed_array_explicit_index_all_models_and_no_mutable_alias) ... ok
test_peak_between_samples_is_rejected_and_valid_short_interval_is_not (test_waveform.WaveformTests.test_peak_between_samples_is_rejected_and_valid_short_interval_is_not) ... ok
test_ramp_explicit_endpoint_negative_zero_is_not_recomputed_positive (test_waveform.WaveformTests.test_ramp_explicit_endpoint_negative_zero_is_not_recomputed_positive) ... ok
test_ramp_linear_formula_internal_and_outer_end_hold (test_waveform.WaveformTests.test_ramp_linear_formula_internal_and_outer_end_hold) ... ok
test_relative_step_changes_at_elapsed_boundary_and_holds_end (test_waveform.WaveformTests.test_relative_step_changes_at_elapsed_boundary_and_holds_end) ... ok
test_sine_and_ascending_descending_chirp_use_frozen_phase_formula (test_waveform.WaveformTests.test_sine_and_ascending_descending_chirp_use_frozen_phase_formula) ... ok
test_source_audit_enforces_wave_semantics_and_exposes_all_samplers (test_waveform.WaveformTests.test_source_audit_enforces_wave_semantics_and_exposes_all_samplers) ... ok
test_source_audit_preserves_original_number_types_and_negative_zero (test_waveform.WaveformTests.test_source_audit_preserves_original_number_types_and_negative_zero) ... ok
test_strict_steps_end_overflow_and_packed_signed_zero_preserved (test_waveform.WaveformTests.test_strict_steps_end_overflow_and_packed_signed_zero_preserved) ... ok
test_ten_times_sampling_boundary_both_chirp_ends_and_long_wave_no_expansion (test_waveform.WaveformTests.test_ten_times_sampling_boundary_both_chirp_ends_and_long_wave_no_expansion) ... ok
test_unregistered_bool_feedback_wrong_model_and_bad_event_types_rejected (test_waveform.WaveformTests.test_unregistered_bool_feedback_wrong_model_and_bad_event_types_rejected) ... ok
test_actual_record_is_immutable_and_drain_cannot_overlap_tx (test_scapy_source.ScapySourceTests.test_actual_record_is_immutable_and_drain_cannot_overlap_tx) ... ok
test_actual_scapy_complete_frame_and_standard_grant_no_udp_fallback (test_scapy_source.ScapySourceTests.test_actual_scapy_complete_frame_and_standard_grant_no_udp_fallback) ... ok
test_actual_scapy_resource_fragments_keep_original_no_burst_pacing (test_scapy_source.ScapySourceTests.test_actual_scapy_resource_fragments_keep_original_no_burst_pacing) ... ok
test_all_four_formal_eth_mappings_keep_same_standard_contract (test_scapy_source.ScapySourceTests.test_all_four_formal_eth_mappings_keep_same_standard_contract) ... ok
test_bounded_bytes_fail_before_actual_call_and_limits_are_strict (test_scapy_source.ScapySourceTests.test_bounded_bytes_fail_before_actual_call_and_limits_are_strict) ... ok
test_bounded_l2_records_fail_before_send_and_keep_original_prefix (test_scapy_source.ScapySourceTests.test_bounded_l2_records_fail_before_send_and_keep_original_prefix) ... ok
test_close_failure_retries_same_original_pcap_handle (test_scapy_source.ScapySourceTests.test_close_failure_retries_same_original_pcap_handle) ... ok
test_close_retains_records_reservation_and_does_not_report_remote_cleanup (test_scapy_source.ScapySourceTests.test_close_retains_records_reservation_and_does_not_report_remote_cleanup) ... ok
test_constructor_backend_failure_closes_both_udp_sockets (test_scapy_source.ScapySourceTests.test_constructor_backend_failure_closes_both_udp_sockets) ... ok
test_cooperative_original_dispatcher_uses_scapy_and_matching_feedback (test_scapy_source.ScapySourceTests.test_cooperative_original_dispatcher_uses_scapy_and_matching_feedback) ... ok
test_direct_send_and_close_cannot_bypass_attached_dispatcher (test_scapy_source.ScapySourceTests.test_direct_send_and_close_cannot_bypass_attached_dispatcher) ... ok
test_direct_send_and_close_cannot_bypass_session_operation (test_scapy_source.ScapySourceTests.test_direct_send_and_close_cannot_bypass_session_operation) ... ok
test_existing_prepared_bytes_remain_owned_after_later_allocation (test_scapy_source.ScapySourceTests.test_existing_prepared_bytes_remain_owned_after_later_allocation) ... ok
test_expired_grant_rejected_before_send (test_scapy_source.ScapySourceTests.test_expired_grant_rejected_before_send) ... ok
test_explicit_transaction_gap_and_header_mutation_are_not_allocations (test_scapy_source.ScapySourceTests.test_explicit_transaction_gap_and_header_mutation_are_not_allocations) ... ok
test_invalid_backend_return_is_not_success (test_scapy_source.ScapySourceTests.test_invalid_backend_return_is_not_success) ... ok
test_l2_record_drain_rejected_while_original_recorder_attached (test_scapy_source.ScapySourceTests.test_l2_record_drain_rejected_while_original_recorder_attached) ... ok
test_missing_original_l2_backend_never_falls_back (test_scapy_source.ScapySourceTests.test_missing_original_l2_backend_never_falls_back) ... ok
test_no_live_standard_grant_cannot_send_regular_input (test_scapy_source.ScapySourceTests.test_no_live_standard_grant_cannot_send_regular_input) ... ok
test_original_recorded_udp_dispatch_bytes_still_match_outer_frames (test_scapy_source.ScapySourceTests.test_original_recorded_udp_dispatch_bytes_still_match_outer_frames) ... ok
test_post_send_expiry_keeps_actual_transmitted_bytes_and_failure (test_scapy_source.ScapySourceTests.test_post_send_expiry_keeps_actual_transmitted_bytes_and_failure) ... ok
test_released_local_token_cannot_transmit_and_is_not_automatically_reacquired (test_scapy_source.ScapySourceTests.test_released_local_token_cannot_transmit_and_is_not_automatically_reacquired) ... ok
test_role_and_capability_and_sid_are_checked_at_actual_tx (test_scapy_source.ScapySourceTests.test_role_and_capability_and_sid_are_checked_at_actual_tx) ... ok
test_short_write_is_recorded_not_success_and_no_retry_fallback (test_scapy_source.ScapySourceTests.test_short_write_is_recorded_not_success_and_no_retry_fallback) ... ok
test_signed_zero_remains_original_wire_bytes (test_scapy_source.ScapySourceTests.test_signed_zero_remains_original_wire_bytes) ... ok
test_socket_error_retains_complete_attempt_and_dispatch_failure (test_scapy_source.ScapySourceTests.test_socket_error_retains_complete_attempt_and_dispatch_failure) ... ok
test_source_rejects_foreign_reservation_branch_mapping_and_bad_mac (test_scapy_source.ScapySourceTests.test_source_rejects_foreign_reservation_branch_mapping_and_bad_mac) ... ok
test_successful_original_pcap_close_is_not_repeated (test_scapy_source.ScapySourceTests.test_successful_original_pcap_close_is_not_repeated) ... ok
test_actual_corrupt_native_frame_kept_and_not_applied (test_can_signal.CANSignalTests.test_actual_corrupt_native_frame_kept_and_not_applied) ... ok
test_actual_original_can_group_and_immutable_attempts (test_can_signal.CANSignalTests.test_actual_original_can_group_and_immutable_attempts) ... ok
test_all_eleven_inputs_all_models_original_full_groups (test_can_signal.CANSignalTests.test_all_eleven_inputs_all_models_original_full_groups) ... ok
test_all_four_formal_can_channels_map_original_library_groups (test_can_signal.CANSignalTests.test_all_four_formal_can_channels_map_original_library_groups) ... ok
test_attached_dispatcher_prevents_send_close_and_bypass (test_can_signal.CANSignalTests.test_attached_dispatcher_prevents_send_close_and_bypass) ... ok
test_bus_failure_keeps_original_attempt_and_does_not_retry (test_can_signal.CANSignalTests.test_bus_failure_keeps_original_attempt_and_does_not_retry) ... ok
test_cached_heartbeat_renews_at_acceptance_not_later_delivery (test_can_signal.CANSignalTests.test_cached_heartbeat_renews_at_acceptance_not_later_delivery) ... ok
test_capacity_checked_for_whole_group_before_first_tx (test_can_signal.CANSignalTests.test_capacity_checked_for_whole_group_before_first_tx) ... ok
test_close_failure_retries_same_actual_bus (test_can_signal.CANSignalTests.test_close_failure_retries_same_actual_bus) ... ok
test_close_retry_stops_original_periodic_task_after_shutdown_flag_set (test_can_signal.CANSignalTests.test_close_retry_stops_original_periodic_task_after_shutdown_flag_set) ... ok
test_current_role_capability_and_released_token_checked_before_tx (test_can_signal.CANSignalTests.test_current_role_capability_and_released_token_checked_before_tx) ... ok
test_discarded_actual_pending_plan_can_retire_without_forged_identity (test_can_signal.CANSignalTests.test_discarded_actual_pending_plan_can_retire_without_forged_identity) ... ok
test_drain_preserves_complete_tx_context_and_counter_order (test_can_signal.CANSignalTests.test_drain_preserves_complete_tx_context_and_counter_order) ... ok
test_factory_revocation_keeps_opened_native_bus_owned_until_close (test_can_signal.CANSignalTests.test_factory_revocation_keeps_opened_native_bus_owned_until_close) ... ok
test_fresh_actual_heartbeat_status_renews_from_original_tx_only (test_can_signal.CANSignalTests.test_fresh_actual_heartbeat_status_renews_from_original_tx_only) ... ok
test_full_tx_pool_requires_reserved_failure_slot_before_send (test_can_signal.CANSignalTests.test_full_tx_pool_requires_reserved_failure_slot_before_send) ... ok
test_heartbeat_transaction_cannot_be_reused_after_retirement (test_can_signal.CANSignalTests.test_heartbeat_transaction_cannot_be_reused_after_retirement) ... ok
test_held_session_operation_blocks_other_thread_send_and_close (test_can_signal.CANSignalTests.test_held_session_operation_blocks_other_thread_send_and_close) ... ok
test_invalid_native_metadata_keeps_original_received_wire_bytes (test_can_signal.CANSignalTests.test_invalid_native_metadata_keeps_original_received_wire_bytes) ... ok
test_local_close_preserves_records_reservation_without_remote_safety (test_can_signal.CANSignalTests.test_local_close_preserves_records_reservation_without_remote_safety) ... ok
test_local_retire_frees_capacity_not_wire_authorization_or_reservation (test_can_signal.CANSignalTests.test_local_retire_frees_capacity_not_wire_authorization_or_reservation) ... ok
test_missing_socketcan_default_never_falls_back (test_can_signal.CANSignalTests.test_missing_socketcan_default_never_falls_back) ... ok
test_native_feedback_for_other_pending_group_is_retained_not_lost (test_can_signal.CANSignalTests.test_native_feedback_for_other_pending_group_is_retained_not_lost) ... ok
test_native_receive_failure_retains_bounded_original_request_evidence (test_can_signal.CANSignalTests.test_native_receive_failure_retains_bounded_original_request_evidence) ... ok
test_native_socketcan_close_retry_keeps_original_bcm_and_raw_cleanup (test_can_signal.CANSignalTests.test_native_socketcan_close_retry_keeps_original_bcm_and_raw_cleanup) ... socket.CMSG_SPACE not available on this platform
ok
test_non_none_backend_return_records_unknown_result_and_fails (test_can_signal.CANSignalTests.test_non_none_backend_return_records_unknown_result_and_fails) ... ok
test_one_native_feedback_owner_per_reservation_and_actual_bus (test_can_signal.CANSignalTests.test_one_native_feedback_owner_per_reservation_and_actual_bus) ... ok
test_original_role_revocation_after_native_tx_retains_actual_attempt (test_can_signal.CANSignalTests.test_original_role_revocation_after_native_tx_retains_actual_attempt) ... ok
test_partial_group_expiry_before_next_frame_records_group_failure (test_can_signal.CANSignalTests.test_partial_group_expiry_before_next_frame_records_group_failure) ... ok
test_post_tx_expiry_retains_actual_queued_frame (test_can_signal.CANSignalTests.test_post_tx_expiry_retains_actual_queued_frame) ... ok
test_receive_delay_expiry_does_not_allocate_half_group (test_can_signal.CANSignalTests.test_receive_delay_expiry_does_not_allocate_half_group) ... ok
test_released_reservation_does_not_free_still_open_native_backend (test_can_signal.CANSignalTests.test_released_reservation_does_not_free_still_open_native_backend) ... ok
test_replacement_builder_does_not_reset_session_can_transmit_sequence_floor (test_can_signal.CANSignalTests.test_replacement_builder_does_not_reset_session_can_transmit_sequence_floor) ... ok
test_replacement_builder_preserves_session_heartbeat_transaction_history (test_can_signal.CANSignalTests.test_replacement_builder_preserves_session_heartbeat_transaction_history) ... ok
test_rx_timeout_and_expired_lease_do_not_create_applied (test_can_signal.CANSignalTests.test_rx_timeout_and_expired_lease_do_not_create_applied) ... ok
test_second_sender_cannot_replay_attempt_after_success_or_partial_failure (test_can_signal.CANSignalTests.test_second_sender_cannot_replay_attempt_after_success_or_partial_failure) ... ok
test_sender_replacement_after_close_keeps_shared_attempt_history (test_can_signal.CANSignalTests.test_sender_replacement_after_close_keeps_shared_attempt_history) ... ok
test_signed_zero_original_can_bytes_not_normalized (test_can_signal.CANSignalTests.test_signed_zero_original_can_bytes_not_normalized) ... ok
test_standard_can_feedback_matches_actual_full_tx_and_global_highwater (test_can_signal.CANSignalTests.test_standard_can_feedback_matches_actual_full_tx_and_global_highwater) ... ok
test_strict_limits_timeouts_and_original_binding (test_can_signal.CANSignalTests.test_strict_limits_timeouts_and_original_binding) ... ok
test_untransmitted_or_forged_plan_cannot_read_or_send (test_can_signal.CANSignalTests.test_untransmitted_or_forged_plan_cannot_read_or_send) ... ok
test_actual_standard_grant_prepares_published_resource_without_tool_tx_claim (test_live_tool_input.ActualInputTests.test_actual_standard_grant_prepares_published_resource_without_tool_tx_claim) ... ok
test_all_11_can_inputs_and_44_grantable_udp_inputs_use_complete_original_groups (test_live_tool_input.InputTests.test_all_11_can_inputs_and_44_grantable_udp_inputs_use_complete_original_groups) ... ok
test_builder_capacity_never_evicts_or_consumes_failed_sequence (test_live_tool_input.InputTests.test_builder_capacity_never_evicts_or_consumes_failed_sequence) ... ok
test_byte_limits_preflight_before_counter_and_never_clear_existing (test_live_tool_input.InputTests.test_byte_limits_preflight_before_counter_and_never_clear_existing) ... ok
test_cansend_literal_complete_group_has_no_frontend_options (test_live_tool_input.InputTests.test_cansend_literal_complete_group_has_no_frontend_options) ... ok
test_cantools_python_can_complete_group_is_original_bytes_not_mutable_snapshot (test_live_tool_input.InputTests.test_cantools_python_can_complete_group_is_original_bytes_not_mutable_snapshot) ... ok
test_current_grant_complete_input_group_global_allocation_and_no_tx (test_live_tool_input.InputTests.test_current_grant_complete_input_group_global_allocation_and_no_tx) ... ok
test_expired_plan_cannot_validate_but_can_discard_without_releasing_channel (test_live_tool_input.InputTests.test_expired_plan_cannot_validate_but_can_discard_without_releasing_channel) ... ok
test_failed_preparation_budget_identity_and_revoked_local_recovery (test_live_tool_input.InputTests.test_failed_preparation_budget_identity_and_revoked_local_recovery) ... ok
test_forged_foreign_discarded_and_abandoned_inputs_are_not_live (test_live_tool_input.InputTests.test_forged_foreign_discarded_and_abandoned_inputs_are_not_live) ... ok
test_lack_of_role_wrong_model_or_other_ethernet_channel_never_allocates (test_live_tool_input.InputTests.test_lack_of_role_wrong_model_or_other_ethernet_channel_never_allocates) ... ok
test_lease_expiry_during_encoding_rejects_without_consuming_sequence (test_live_tool_input.InputTests.test_lease_expiry_during_encoding_rejects_without_consuming_sequence) ... ok
test_malformed_objects_and_forged_bytes_fail_explicitly_before_allocation (test_live_tool_input.InputTests.test_malformed_objects_and_forged_bytes_fail_explicitly_before_allocation) ... ok
test_missing_expired_role_capability_and_invalid_input_do_not_consume_sequence (test_live_tool_input.InputTests.test_missing_expired_role_capability_and_invalid_input_do_not_consume_sequence) ... ok
test_observer_unknown_original_branch_and_invalid_limits_are_rejected (test_live_tool_input.InputTests.test_observer_unknown_original_branch_and_invalid_limits_are_rejected) ... ok
test_packed_signed_zero_survives_source_snapshot_and_original_can_udp_builders (test_live_tool_input.InputTests.test_packed_signed_zero_survives_source_snapshot_and_original_can_udp_builders) ... ok
test_plan_validation_links_actual_reservation_source_and_discard (test_live_tool_input.InputTests.test_plan_validation_links_actual_reservation_source_and_discard) ... ok
test_post_allocation_tool_error_or_revoke_preserves_original_input_no_rollback (test_live_tool_input.InputTests.test_post_allocation_tool_error_or_revoke_preserves_original_input_no_rollback) ... ok
test_preflight_bad_binding_protocol_and_mac_preserve_global_counter (test_live_tool_input.InputTests.test_preflight_bad_binding_protocol_and_mac_preserve_global_counter) ... ok
test_scapy_complete_ethernet_uses_current_transport_endpoints_and_original_wire (test_live_tool_input.InputTests.test_scapy_complete_ethernet_uses_current_transport_endpoints_and_original_wire) ... ok
test_shared_bounded_evidence_pool_drain_and_discard_never_roll_back (test_live_tool_input.InputTests.test_shared_bounded_evidence_pool_drain_and_discard_never_roll_back) ... ok
test_source_prepare_respects_exclusive_owner_and_counter_exhaustion (test_live_tool_input.InputTests.test_source_prepare_respects_exclusive_owner_and_counter_exhaustion) ... ok
test_typed_message_id_is_not_normalized_into_a_valid_integer (test_live_tool_input.InputTests.test_typed_message_id_is_not_normalized_into_a_valid_integer) ... ok
test_actual_udp_source_receives_original_configuration_consumer_applied (test_configuration_service.ConfigurationServiceTests.test_actual_udp_source_receives_original_configuration_consumer_applied) ... ok
test_actual_view_metadata_cannot_escape_bounded_immutable_evidence (test_configuration_service.ConfigurationServiceTests.test_actual_view_metadata_cannot_escape_bounded_immutable_evidence) ... ok
test_applied_configuration_state_and_input_readback_must_match_every_field (test_configuration_service.ConfigurationServiceTests.test_applied_configuration_state_and_input_readback_must_match_every_field) ... ok
test_busy_status_cannot_partially_close_installed_configuration_service (test_configuration_service.ConfigurationServiceTests.test_busy_status_cannot_partially_close_installed_configuration_service) ... ok
test_byte_budget_refuses_before_read_and_write (test_configuration_service.ConfigurationServiceTests.test_byte_budget_refuses_before_read_and_write) ... ok
test_complete_three_model_receipts_on_frozen_udp_transport (test_configuration_service.ConfigurationServiceTests.test_complete_three_model_receipts_on_frozen_udp_transport) ... ok
test_configuration_keeps_frozen_udp_only_transport (test_configuration_service.ConfigurationServiceTests.test_configuration_keeps_frozen_udp_only_transport) ... ok
test_context_and_receipt_are_strict_immutable_bounded_samples (test_configuration_service.ConfigurationServiceTests.test_context_and_receipt_are_strict_immutable_bounded_samples) ... ok
test_context_expiry_during_getter_cannot_write (test_configuration_service.ConfigurationServiceTests.test_context_expiry_during_getter_cannot_write) ... ok
test_context_from_another_requested_terrain_or_point_cannot_write (test_configuration_service.ConfigurationServiceTests.test_context_from_another_requested_terrain_or_point_cannot_write) ... ok
test_context_request_and_maximum_failed_receipt_are_reserved_before_getter (test_configuration_service.ConfigurationServiceTests.test_context_request_and_maximum_failed_receipt_are_reserved_before_getter) ... ok
test_default_receiver_does_not_publish_or_apply_configuration (test_configuration_service.ConfigurationServiceTests.test_default_receiver_does_not_publish_or_apply_configuration) ... ok
test_exact_retry_keeps_original_terminal_feedback_without_read_write_or_renewal (test_configuration_service.ConfigurationServiceTests.test_exact_retry_keeps_original_terminal_feedback_without_read_write_or_renewal) ... ok
test_failed_maximum_receipt_reservation_cannot_exceed_history_budget (test_configuration_service.ConfigurationServiceTests.test_failed_maximum_receipt_reservation_cannot_exceed_history_budget) ... ok
test_feedback_counter_limit_refuses_write (test_configuration_service.ConfigurationServiceTests.test_feedback_counter_limit_refuses_write) ... ok
test_forged_direct_configuration_completion_is_refused_outside_original_operation (test_configuration_service.ConfigurationServiceTests.test_forged_direct_configuration_completion_is_refused_outside_original_operation) ... ok
test_history_reservation_precedes_getter_and_preserves_first_record (test_configuration_service.ConfigurationServiceTests.test_history_reservation_precedes_getter_and_preserves_first_record) ... ok
test_installed_capability_is_only_consumer_not_hardware_qualification (test_configuration_service.ConfigurationServiceTests.test_installed_capability_is_only_consumer_not_hardware_qualification) ... ok
test_invalid_raw_readback_is_retained_and_failure_retry_never_rewrites (test_configuration_service.ConfigurationServiceTests.test_invalid_raw_readback_is_retained_and_failure_retry_never_rewrites) ... ok
test_invalid_semantics_reject_before_write_and_keep_context (test_configuration_service.ConfigurationServiceTests.test_invalid_semantics_reject_before_write_and_keep_context) ... ok
test_late_or_throwing_writer_retains_completion_without_claiming_no_effect (test_configuration_service.ConfigurationServiceTests.test_late_or_throwing_writer_retains_completion_without_claiming_no_effect) ... ok
test_missing_backend_and_unhashable_model_ids_are_typed_errors (test_configuration_service.ConfigurationServiceTests.test_missing_backend_and_unhashable_model_ids_are_typed_errors) ... ok
test_ordinary_session_layer_still_cannot_forge_consumer_applied (test_configuration_service.ConfigurationServiceTests.test_ordinary_session_layer_still_cannot_forge_consumer_applied) ... ok
test_owner_replacement_after_context_read_refuses_before_write (test_configuration_service.ConfigurationServiceTests.test_owner_replacement_after_context_read_refuses_before_write) ... ok
test_real_model_queue_pending_inputs_are_not_silently_discarded_for_configuration (test_configuration_service.ConfigurationServiceTests.test_real_model_queue_pending_inputs_are_not_silently_discarded_for_configuration) ... ok
test_receipt_state_control_boundary_and_future_sampling_fail_closed (test_configuration_service.ConfigurationServiceTests.test_receipt_state_control_boundary_and_future_sampling_fail_closed) ... ok
test_requested_terrain_origin_and_initial_point_reach_getter_before_write (test_configuration_service.ConfigurationServiceTests.test_requested_terrain_origin_and_initial_point_reach_getter_before_write) ... ok
test_throwing_getter_retains_original_error_and_actual_completion_without_write (test_configuration_service.ConfigurationServiceTests.test_throwing_getter_retains_original_error_and_actual_completion_without_write) ... ok
test_unsafe_initial_input_and_unresolved_terrain_cannot_write (test_configuration_service.ConfigurationServiceTests.test_unsafe_initial_input_and_unresolved_terrain_cannot_write) ... ok
test_wrong_original_request_or_receipt_identity_cannot_mint_applied (test_configuration_service.ConfigurationServiceTests.test_wrong_original_request_or_receipt_identity_cannot_mint_applied) ... ok
test_actual_udp_source_retires_old_epoch_and_explicitly_opens_current_step (test_lifecycle_service.LifecycleServiceTests.test_actual_udp_source_retires_old_epoch_and_explicitly_opens_current_step) ... ok
test_all_three_models_and_six_actions_have_correlated_applied_readback (test_lifecycle_service.LifecycleServiceTests.test_all_three_models_and_six_actions_have_correlated_applied_readback) ... ok
test_capability_is_only_consumer_not_model_or_hardware_qualification (test_lifecycle_service.LifecycleServiceTests.test_capability_is_only_consumer_not_model_or_hardware_qualification) ... ok
test_changed_backend_or_queue_fails_and_keeps_original_effect_provenance (test_lifecycle_service.LifecycleServiceTests.test_changed_backend_or_queue_fails_and_keeps_original_effect_provenance) ... ok
test_expired_earlier_group_actor_does_not_replace_live_request_origin (test_lifecycle_service.LifecycleServiceTests.test_expired_earlier_group_actor_does_not_replace_live_request_origin) ... ok
test_getter_and_writer_expiry_preserve_context_receipt_and_actual_completion (test_lifecycle_service.LifecycleServiceTests.test_getter_and_writer_expiry_preserve_context_receipt_and_actual_completion) ... ok
test_history_capacity_and_retirement_capacity_reject_before_effect (test_lifecycle_service.LifecycleServiceTests.test_history_capacity_and_retirement_capacity_reject_before_effect) ... ok
test_immutable_snapshots_and_history_survive_service_close (test_lifecycle_service.LifecycleServiceTests.test_immutable_snapshots_and_history_survive_service_close) ... ok
test_incomplete_local_cleanup_never_publishes_applied (test_lifecycle_service.LifecycleServiceTests.test_incomplete_local_cleanup_never_publishes_applied) ... ok
test_invalid_full_context_or_receipt_does_not_produce_application_probe (test_lifecycle_service.LifecycleServiceTests.test_invalid_full_context_or_receipt_does_not_produce_application_probe) ... ok
test_lifecycle_preserves_frozen_udp_only_transport (test_lifecycle_service.LifecycleServiceTests.test_lifecycle_preserves_frozen_udp_only_transport) ... ok
test_live_retry_is_original_and_never_rereads_rewrites_or_renews (test_lifecycle_service.LifecycleServiceTests.test_live_retry_is_original_and_never_rereads_rewrites_or_renews) ... ok
test_missing_consumer_does_not_publish_or_write (test_lifecycle_service.LifecycleServiceTests.test_missing_consumer_does_not_publish_or_write) ... ok
test_offline_solver_steps_do_not_require_one_ms_host_sleep (test_lifecycle_service.LifecycleServiceTests.test_offline_solver_steps_do_not_require_one_ms_host_sleep) ... ok
test_ordinary_registry_cannot_forge_applied_lifecycle (test_lifecycle_service.LifecycleServiceTests.test_ordinary_registry_cannot_forge_applied_lifecycle) ... ok
test_other_same_model_run_rejects_before_write_or_local_deletion (test_lifecycle_service.LifecycleServiceTests.test_other_same_model_run_rejects_before_write_or_local_deletion) ... ok
test_pause_clears_original_queue_without_retiring_session_or_resetting_step (test_lifecycle_service.LifecycleServiceTests.test_pause_clears_original_queue_without_retiring_session_or_resetting_step) ... ok
test_queue_and_fragments_captured_before_reset_and_real_step_floor_synchronized (test_lifecycle_service.LifecycleServiceTests.test_queue_and_fragments_captured_before_reset_and_real_step_floor_synchronized) ... ok
test_reentrant_receiver_operations_and_close_are_rejected_during_backend (test_lifecycle_service.LifecycleServiceTests.test_reentrant_receiver_operations_and_close_are_rejected_during_backend) ... ok
test_reset_requires_complete_initial_state_and_every_initial_input (test_lifecycle_service.LifecycleServiceTests.test_reset_requires_complete_initial_state_and_every_initial_input) ... ok
test_resume_preserves_complete_paused_state_and_confirmed_inputs (test_lifecycle_service.LifecycleServiceTests.test_resume_preserves_complete_paused_state_and_confirmed_inputs) ... ok
test_safety_uses_actual_outputs_owner_and_receive_queue_readback (test_lifecycle_service.LifecycleServiceTests.test_safety_uses_actual_outputs_owner_and_receive_queue_readback) ... ok
test_same_group_all_old_sources_retire_but_other_model_source_survives (test_lifecycle_service.LifecycleServiceTests.test_same_group_all_old_sources_retire_but_other_model_source_survives) ... ok
test_start_requires_valid_complete_actuator_readback (test_lifecycle_service.LifecycleServiceTests.test_start_requires_valid_complete_actuator_readback) ... ok
test_state_expected_target_configuration_and_physical_checks_precede_write (test_lifecycle_service.LifecycleServiceTests.test_state_expected_target_configuration_and_physical_checks_precede_write) ... ok
test_step_requires_every_exact_sequential_observation_and_solver_step (test_lifecycle_service.LifecycleServiceTests.test_step_requires_every_exact_sequential_observation_and_solver_step) ... ok
test_writer_exception_keeps_original_inputs_and_never_retries_effects (test_lifecycle_service.LifecycleServiceTests.test_writer_exception_keeps_original_inputs_and_never_retries_effects) ... ok
test_wrong_received_ack_is_rejected_before_any_backend_effect (test_lifecycle_service.LifecycleServiceTests.test_wrong_received_ack_is_rejected_before_any_backend_effect) ... ok
test_actual_udp_receiver_status_feeds_original_source_clock_and_reader (test_status_service.StatusServiceTests.test_actual_udp_receiver_status_feeds_original_source_clock_and_reader) ... ok
test_all_frozen_models_and_new_sid_allow_new_model_epoch_without_reusing_old_floor (test_status_service.StatusServiceTests.test_all_frozen_models_and_new_sid_allow_new_model_epoch_without_reusing_old_floor) ... ok
test_all_twelve_fields_required_exact_types_and_unknown_fields_rejected (test_status_service.StatusServiceTests.test_all_twelve_fields_required_exact_types_and_unknown_fields_rejected) ... ok
test_backend_error_and_untyped_sample_never_create_status_or_application (test_status_service.StatusServiceTests.test_backend_error_and_untyped_sample_never_create_status_or_application) ... ok
test_backend_returns_after_lease_expiry_no_status_or_stale_ack_is_minted (test_status_service.StatusServiceTests.test_backend_returns_after_lease_expiry_no_status_or_stale_ack_is_minted) ... ok
test_direct_service_requires_original_admission_and_typed_request (test_status_service.StatusServiceTests.test_direct_service_requires_original_admission_and_typed_request) ... ok
test_failed_open_after_field_validation_retries_original_error_without_read (test_status_service.StatusServiceTests.test_failed_open_after_field_validation_retries_original_error_without_read) ... ok
test_failed_open_snapshot_retained_no_grant_and_exact_attempt_not_resampled (test_status_service.StatusServiceTests.test_failed_open_snapshot_retained_no_grant_and_exact_attempt_not_resampled) ... ok
test_finite_evidence_reservation_refuses_before_backend_read (test_status_service.StatusServiceTests.test_finite_evidence_reservation_refuses_before_backend_read) ... ok
test_full_pending_retry_cache_rejects_open_before_read_or_sid_allocation (test_status_service.StatusServiceTests.test_full_pending_retry_cache_rejects_open_before_read_or_sid_allocation) ... ok
test_immutable_sample_strict_time_and_byte_bounds (test_status_service.StatusServiceTests.test_immutable_sample_strict_time_and_byte_bounds) ... ok
test_installed_backend_open_grant_uses_actual_model_step_not_interface_origin (test_status_service.StatusServiceTests.test_installed_backend_open_grant_uses_actual_model_step_not_interface_origin) ... ok
test_no_backend_can_be_created_or_implicitly_enabled (test_status_service.StatusServiceTests.test_no_backend_can_be_created_or_implicitly_enabled) ... ok
test_only_installed_status_capability_is_published_without_model_ready_claims (test_status_service.StatusServiceTests.test_only_installed_status_capability_is_published_without_model_ready_claims) ... ok
test_open_invalid_context_freshness_type_or_backend_failure_never_allocates (test_status_service.StatusServiceTests.test_open_invalid_context_freshness_type_or_backend_failure_never_allocates) ... ok
test_open_outliving_request_never_grants_even_with_fresh_model_sample (test_status_service.StatusServiceTests.test_open_outliving_request_never_grants_even_with_fresh_model_sample) ... ok
test_open_retry_preserves_original_grant_and_sample_without_new_sid (test_status_service.StatusServiceTests.test_open_retry_preserves_original_grant_and_sample_without_new_sid) ... ok
test_opening_sample_seeds_same_sid_model_floor_before_first_heartbeat (test_status_service.StatusServiceTests.test_opening_sample_seeds_same_sid_model_floor_before_first_heartbeat) ... ok
test_original_retry_uses_identical_cached_status_without_resampling_or_renewal (test_status_service.StatusServiceTests.test_original_retry_uses_identical_cached_status_without_resampling_or_renewal) ... ok
test_original_sample_identity_all_context_fields_must_match (test_status_service.StatusServiceTests.test_original_sample_identity_all_context_fields_must_match) ... ok
test_preview_open_checks_identity_roles_nonce_and_capacity_without_allocation (test_status_service.StatusServiceTests.test_preview_open_checks_identity_roles_nonce_and_capacity_without_allocation) ... ok
test_reentrant_backend_and_closed_service_do_not_lose_original_records (test_status_service.StatusServiceTests.test_reentrant_backend_and_closed_service_do_not_lose_original_records) ... ok
test_same_receiver_registry_and_backend_identity_cannot_be_replaced (test_status_service.StatusServiceTests.test_same_receiver_registry_and_backend_identity_cannot_be_replaced) ... ok
test_same_sid_model_step_and_sample_time_cannot_regress (test_status_service.StatusServiceTests.test_same_sid_model_step_and_sample_time_cannot_regress) ... ok
test_slow_backend_snapshot_expiry_is_checked_at_actual_completion_not_ingress (test_status_service.StatusServiceTests.test_slow_backend_snapshot_expiry_is_checked_at_actual_completion_not_ingress) ... ok
test_slow_open_allocates_lease_and_caches_reply_at_actual_completion (test_status_service.StatusServiceTests.test_slow_open_allocates_lease_and_caches_reply_at_actual_completion) ... ok
test_snapshot_half_open_deadline_future_and_frozen_240ms_freshness (test_status_service.StatusServiceTests.test_snapshot_half_open_deadline_future_and_frozen_240ms_freshness) ... ok
test_standard_heartbeat_status_exact_payload_and_original_correlation (test_status_service.StatusServiceTests.test_standard_heartbeat_status_exact_payload_and_original_correlation) ... ok
test_throwing_backend_retains_actual_completion_time_and_does_not_ack_expired_sid (test_status_service.StatusServiceTests.test_throwing_backend_retains_actual_completion_time_and_does_not_ack_expired_sid) ... ok

----------------------------------------------------------------------
Ran 374 tests in 259.684s

OK


## runtime
& './runtime/icd-venv/Scripts/python.exe' -X utf8 -m unittest discover -s tests/icd_runtime -p test_*.py -v
exit_code=0
test_mutated_fixtures_cannot_pass_by_rewriting_local_manifest (test_cli.CLITests.test_mutated_fixtures_cannot_pass_by_rewriting_local_manifest) ... ok
test_no_platform_specific_behavior_or_qa_imports (test_cli.CLITests.test_no_platform_specific_behavior_or_qa_imports) ... ok
test_offline_common_cli_checks_all_goldens_and_no_runtime_claim (test_cli.CLITests.test_offline_common_cli_checks_all_goldens_and_no_runtime_claim) ... ok
test_wrong_pinned_baseline_exits_nonzero (test_cli.CLITests.test_wrong_pinned_baseline_exits_nonzero) ... ok
test_runtime_is_a_real_separate_package (test_contract_payload.AvailabilityTest.test_runtime_is_a_real_separate_package) ... ok
test_baseline_and_all_59_fixtures_without_mutation (test_contract_payload.ContractPayloadTests.test_baseline_and_all_59_fixtures_without_mutation) ... ok
test_date_time_fields_reject_invalid_calendar_values (test_contract_payload.ContractPayloadTests.test_date_time_fields_reject_invalid_calendar_values) ... ok
test_each_frozen_component_tamper_is_rejected (test_contract_payload.ContractPayloadTests.test_each_frozen_component_tamper_is_rejected) ... ok
test_external_expected_hash_is_mandatory_and_not_trusted_from_file (test_contract_payload.ContractPayloadTests.test_external_expected_hash_is_mandatory_and_not_trusted_from_file) ... ok
test_ieee754_exact_large_numbers_are_not_uint64_fields (test_contract_payload.ContractPayloadTests.test_ieee754_exact_large_numbers_are_not_uint64_fields) ... ok
test_missing_unknown_types_arrays_and_nonfinite_rejected (test_contract_payload.ContractPayloadTests.test_missing_unknown_types_arrays_and_nonfinite_rejected) ... ok
test_packed_layout_offsets_boolean_and_enum_codes (test_contract_payload.ContractPayloadTests.test_packed_layout_offsets_boolean_and_enum_codes) ... ok
test_session_open_and_nonzero_session_header_rules (test_contract_payload.ContractPayloadTests.test_session_open_and_nonzero_session_header_rules) ... ok
test_strict_json_rejects_ambiguous_and_noncanonical_input (test_contract_payload.ContractPayloadTests.test_strict_json_rejects_ambiguous_and_noncanonical_input) ... ok
test_uint64_string_overflow_is_rejected (test_contract_payload.ContractPayloadTests.test_uint64_string_overflow_is_rejected) ... ok
test_unknown_id_direction_and_wrong_model_rejected (test_contract_payload.ContractPayloadTests.test_unknown_id_direction_and_wrong_model_rejected) ... ok
test_bounded_common_reassembly_exists (test_reassembly.ReassemblyAvailabilityTests.test_bounded_common_reassembly_exists) ... ok
test_64_slots_per_channel_no_eviction (test_reassembly.ReassemblyTests.test_64_slots_per_channel_no_eviction) ... ok
test_all_transports_reassemble_in_reverse_order (test_reassembly.ReassemblyTests.test_all_transports_reassemble_in_reverse_order) ... ok
test_can_timeout_is_20ms (test_reassembly.ReassemblyTests.test_can_timeout_is_20ms) ... ok
test_channel_half_groups_cannot_be_spliced (test_reassembly.ReassemblyTests.test_channel_half_groups_cannot_be_spliced) ... ok
test_clock_cannot_go_backwards_and_terminal_entries_expire (test_reassembly.ReassemblyTests.test_clock_cannot_go_backwards_and_terminal_entries_expire) ... ok
test_completed_retransmission_cannot_emit_second_completion (test_reassembly.ReassemblyTests.test_completed_retransmission_cannot_emit_second_completion) ... ok
test_conflict_invalidates_whole_group_and_blocks_restart (test_reassembly.ReassemblyTests.test_conflict_invalidates_whole_group_and_blocks_restart) ... ok
test_decoded_fragment_metadata_cannot_bypass_reservation_limits (test_reassembly.ReassemblyTests.test_decoded_fragment_metadata_cannot_bypass_reservation_limits) ... ok
test_explicit_session_dedup_owner_can_reassemble_complete_retries (test_reassembly.ReassemblyTests.test_explicit_session_dedup_owner_can_reassemble_complete_retries) ... ok
test_global_8mib_reservation_is_enforced (test_reassembly.ReassemblyTests.test_global_8mib_reservation_is_enforced) ... ok
test_header_inconsistency_invalidates_group (test_reassembly.ReassemblyTests.test_header_inconsistency_invalidates_group) ... ok
test_identical_duplicate_never_extends_fixed_deadline (test_reassembly.ReassemblyTests.test_identical_duplicate_never_extends_fixed_deadline) ... ok
test_pre_session_namespace_cannot_partition_established_business (test_reassembly.ReassemblyTests.test_pre_session_namespace_cannot_partition_established_business) ... ok
test_pre_session_namespaces_share_channel_capacity (test_reassembly.ReassemblyTests.test_pre_session_namespaces_share_channel_capacity) ... ok
test_reassembled_invalid_payload_is_rejected_not_returned (test_reassembly.ReassemblyTests.test_reassembled_invalid_payload_is_rejected_not_returned) ... ok
test_session_discard_frees_only_its_groups_and_terminal_entries (test_reassembly.ReassemblyTests.test_session_discard_frees_only_its_groups_and_terminal_entries) ... ok
test_terminal_cache_overflow_evicts_oldest_at_8192_entries (test_reassembly.ReassemblyTests.test_terminal_cache_overflow_evicts_oldest_at_8192_entries) ... ok
test_unauthorized_direction_or_channel_never_allocates (test_reassembly.ReassemblyTests.test_unauthorized_direction_or_channel_never_allocates) ... ok
test_unknown_channel_and_wrong_medium_never_allocate (test_reassembly.ReassemblyTests.test_unknown_channel_and_wrong_medium_never_allocate) ... ok
test_video_complete_frame_hash_and_four_frame_capacity (test_reassembly.ReassemblyTests.test_video_complete_frame_hash_and_four_frame_capacity) ... ok
test_all_45_input_stimuli_and_model_gate (test_source_contract.SourceContractTests.test_all_45_input_stimuli_and_model_gate) ... ok
test_all_ten_event_branches_use_frozen_closed_definitions (test_source_contract.SourceContractTests.test_all_ten_event_branches_use_frozen_closed_definitions) ... ok
test_complete_source_structure_is_unchanged (test_source_contract.SourceContractTests.test_complete_source_structure_is_unchanged) ... ok
test_component_hashes_are_actual_read_only_copies (test_source_contract.SourceContractTests.test_component_hashes_are_actual_read_only_copies) ... ok
test_decimal_time_cannot_use_trailing_newline_to_bypass_range (test_source_contract.SourceContractTests.test_decimal_time_cannot_use_trailing_newline_to_bypass_range) ... ok
test_decimal_uint64_limit_is_preserved_for_replay (test_source_contract.SourceContractTests.test_decimal_uint64_limit_is_preserved_for_replay) ... ok
test_definition_names_are_a_closed_allowlist (test_source_contract.SourceContractTests.test_definition_names_are_a_closed_allowlist) ... ok
test_each_source_required_field_and_unknown_key_are_rejected (test_source_contract.SourceContractTests.test_each_source_required_field_and_unknown_key_are_rejected) ... ok
test_source_validation_entry_points_exist (test_source_contract.SourceContractTests.test_source_validation_entry_points_exist) ... ok
test_stimulus_cannot_include_session_header_or_feedback (test_source_contract.SourceContractTests.test_stimulus_cannot_include_session_header_or_feedback) ... ok
test_common_video_framing_exists (test_video.VideoAvailabilityTests.test_common_video_framing_exists) ... ok
test_h264_h265_fragment_shapes_and_capacity (test_video.VideoTests.test_h264_h265_fragment_shapes_and_capacity) ... ok
test_invalid_raw_size_codec_header_and_empty_data (test_video.VideoTests.test_invalid_raw_size_codec_header_and_empty_data) ... ok
test_raw_800_fragments_and_all_existing_video_goldens (test_video.VideoTests.test_raw_800_fragments_and_all_existing_video_goldens) ... ok
test_reject_crc_version_flags_reserved_and_fragment_length (test_video.VideoTests.test_reject_crc_version_flags_reserved_and_fragment_length) ... ok
test_wire_codec_exists (test_wire.WireAvailabilityTests.test_wire_codec_exists) ... ok
test_all_business_golden_fragments_byte_exact (test_wire.WireTests.test_all_business_golden_fragments_byte_exact) ... ok
test_can_transport_attributes_and_padding_rejected (test_wire.WireTests.test_can_transport_attributes_and_padding_rejected) ... ok
test_crc_and_truncation_rejected (test_wire.WireTests.test_crc_and_truncation_rejected) ... ok
test_crc_reference_check_values (test_wire.WireTests.test_crc_reference_check_values) ... ok
test_decode_every_logical_message_fragment (test_wire.WireTests.test_decode_every_logical_message_fragment) ... ok
test_integral_json_header_numbers_encode_without_struct_errors (test_wire.WireTests.test_integral_json_header_numbers_encode_without_struct_errors) ... ok
test_json_cannot_be_sent_over_can_and_no_unknown_transport (test_wire.WireTests.test_json_cannot_be_sent_over_can_and_no_unknown_transport) ... ok
test_udp_65536_byte_capacity_requires_a_576_byte_final_chunk (test_wire.WireTests.test_udp_65536_byte_capacity_requires_a_576_byte_final_chunk) ... ok
test_udp_fragment_indexes_counts_and_payload_lengths (test_wire.WireTests.test_udp_fragment_indexes_counts_and_payload_lengths) ... ok
test_udp_magic_version_flags_reserved_and_ids (test_wire.WireTests.test_udp_magic_version_flags_reserved_and_ids) ... ok
test_wire_headers_checked_before_payload_reassembly (test_wire.WireTests.test_wire_headers_checked_before_payload_reassembly) ... ok
test_every_formal_fragment_retains_payload_layout (test_wire_rewrite.RewriteTests.test_every_formal_fragment_retains_payload_layout) ... ok
test_invalid_original_or_header_never_rewritten (test_wire_rewrite.RewriteTests.test_invalid_original_or_header_never_rewritten) ... ok
test_rewrite_exists (test_wire_rewrite.RewriteTests.test_rewrite_exists) ... ok

----------------------------------------------------------------------
Ran 67 tests in 27.280s

OK


## ledger
& './runtime/icd-venv/Scripts/python.exe' -X utf8 -m unittest discover -s tests -p test_development_backlog.py -v
exit_code=0
test_all_41_plan_items_have_common_and_linux_ownership (test_development_backlog.BacklogTests.test_all_41_plan_items_have_common_and_linux_ownership) ... ok
test_removed_or_duplicated_plan_item_cannot_pass_coverage (test_development_backlog.BacklogTests.test_removed_or_duplicated_plan_item_cannot_pass_coverage) ... ok
test_stage_closeout_is_append_only_and_linux_completion_requires_evidence (test_development_backlog.BacklogTests.test_stage_closeout_is_append_only_and_linux_completion_requires_evidence) ... ok

----------------------------------------------------------------------
Ran 3 tests in 0.014s

OK


## single_file
& './runtime/icd-venv/Scripts/python.exe' -X utf8 -m unittest discover -s tests -p test_contract_single_file.py -v
exit_code=0
test_all_field_rows_and_management_definitions_present (test_contract_single_file.SingleFileContractTests.test_all_field_rows_and_management_definitions_present) ... ok
test_all_original_artifacts_are_embedded_byte_exact (test_contract_single_file.SingleFileContractTests.test_all_original_artifacts_are_embedded_byte_exact) ... ok
test_all_schema_references_resolve_inside_document (test_contract_single_file.SingleFileContractTests.test_all_schema_references_resolve_inside_document) ... ok
test_missing_or_corrupt_snapshot_fails_verification (test_contract_single_file.SingleFileContractTests.test_missing_or_corrupt_snapshot_fails_verification) ... ok

----------------------------------------------------------------------
Ran 4 tests in 0.149s

OK


## static
& './runtime/icd-venv/Scripts/python.exe' -X utf8 -c "import sys,unittest; sys.path.insert(0,'tests'); names=['test_static_contract','test_quadrotor_model_contract','test_parameter_registry_static','test_generic_contract_templates']; result=unittest.TextTestRunner(verbosity=2).run(unittest.defaultTestLoader.loadTestsFromNames(names)); sys.exit(not result.wasSuccessful())"
exit_code=0
test_acceptance_directory_name_and_result_are_git_traceable (test_static_contract.RuntimeContractStaticTests.test_acceptance_directory_name_and_result_are_git_traceable) ... ok
test_acceptance_refuses_wrong_target_or_unconfirmed_lifecycle_event (test_static_contract.RuntimeContractStaticTests.test_acceptance_refuses_wrong_target_or_unconfirmed_lifecycle_event) ... ok
test_acceptance_submits_complete_task_4_mission_schema (test_static_contract.RuntimeContractStaticTests.test_acceptance_submits_complete_task_4_mission_schema) ... ok
test_actuator_commands_use_contract_bound_generic_setter (test_static_contract.RuntimeContractStaticTests.test_actuator_commands_use_contract_bound_generic_setter) ... ok
test_adapter_requires_explicit_ned_contract_not_aliases (test_static_contract.RuntimeContractStaticTests.test_adapter_requires_explicit_ned_contract_not_aliases) ... ok
test_bridge_does_not_fabricate_default_mission_or_nonfinite_values (test_static_contract.RuntimeContractStaticTests.test_bridge_does_not_fabricate_default_mission_or_nonfinite_values) ... ok
test_build_request_is_controlled_and_auditable (test_static_contract.RuntimeContractStaticTests.test_build_request_is_controlled_and_auditable) ... ok
test_build_validates_generated_abi_and_emits_no_defaults (test_static_contract.RuntimeContractStaticTests.test_build_validates_generated_abi_and_emits_no_defaults) ... ok
test_core_enables_realtime_scheduler_and_memory_lock (test_static_contract.RuntimeContractStaticTests.test_core_enables_realtime_scheduler_and_memory_lock) ... ok
test_core_has_fixed_state_receipts_and_lifecycle (test_static_contract.RuntimeContractStaticTests.test_core_has_fixed_state_receipts_and_lifecycle) ... ok
test_core_reserves_capacity_for_50_route_points_plus_landing (test_static_contract.RuntimeContractStaticTests.test_core_reserves_capacity_for_50_route_points_plus_landing) ... ok
test_mission_controller_is_independent_of_generated_model_globals (test_static_contract.RuntimeContractStaticTests.test_mission_controller_is_independent_of_generated_model_globals) ... ok
test_no_model_registry_or_hot_reload_implementation (test_static_contract.RuntimeContractStaticTests.test_no_model_registry_or_hot_reload_implementation) ... ok
test_one_command_ubuntu_acceptance_runner_exists (test_static_contract.RuntimeContractStaticTests.test_one_command_ubuntu_acceptance_runner_exists) ... ok
test_production_deploy_uses_systemd_and_health_gate (test_static_contract.RuntimeContractStaticTests.test_production_deploy_uses_systemd_and_health_gate) ... ok
test_python_only_location_of_ned_to_ue4_conversion (test_static_contract.RuntimeContractStaticTests.test_python_only_location_of_ned_to_ue4_conversion) ... ok
test_runtime_ends_once_when_controller_reports_landed (test_static_contract.RuntimeContractStaticTests.test_runtime_ends_once_when_controller_reports_landed) ... ok
test_target_toolchain_and_python_dependencies_are_pinned (test_static_contract.RuntimeContractStaticTests.test_target_toolchain_and_python_dependencies_are_pinned) ... ok
test_ue4_acceptance_contract_excludes_internal_acceleration_and_rate (test_static_contract.RuntimeContractStaticTests.test_ue4_acceptance_contract_excludes_internal_acceleration_and_rate) ... ok
test_v3_fixed_wing_uses_protocol_defined_tcp_roles (test_static_contract.RuntimeContractStaticTests.test_v3_fixed_wing_uses_protocol_defined_tcp_roles) ... ok
test_acceptance_fixture_uses_internal_acceleration_contract (test_quadrotor_model_contract.QuadrotorModelContractTests.test_acceptance_fixture_uses_internal_acceleration_contract) ... ok
test_builder_rejects_missing_generated_parameter_and_confines_artifacts (test_quadrotor_model_contract.QuadrotorModelContractTests.test_builder_rejects_missing_generated_parameter_and_confines_artifacts) ... ok
test_contract_declares_all_generated_tunable_abi (test_quadrotor_model_contract.QuadrotorModelContractTests.test_contract_declares_all_generated_tunable_abi) ... ok
test_contract_declares_motor_mode_internal_rate_and_state_mapping (test_quadrotor_model_contract.QuadrotorModelContractTests.test_contract_declares_motor_mode_internal_rate_and_state_mapping) ... ok
test_environment_defaults_reach_generated_external_inputs_and_takeoff (test_quadrotor_model_contract.QuadrotorModelContractTests.test_environment_defaults_reach_generated_external_inputs_and_takeoff) ... ok
test_generator_is_fixed_step_exported_global_four_rotor_plant (test_quadrotor_model_contract.QuadrotorModelContractTests.test_generator_is_fixed_step_exported_global_four_rotor_plant) ... ok
test_matlab_validators_require_internal_acceleration_contract (test_quadrotor_model_contract.QuadrotorModelContractTests.test_matlab_validators_require_internal_acceleration_contract) ... ok
test_analysis_emits_review_only_candidate_report (test_parameter_registry_static.ParameterRegistryStaticTests.test_analysis_emits_review_only_candidate_report) ... ok
test_runtime_query_returns_contract_metadata_and_current_value (test_parameter_registry_static.ParameterRegistryStaticTests.test_runtime_query_returns_contract_metadata_and_current_value) ... ok
test_build_emits_surface_values_only_from_explicit_v3_mapping (test_generic_contract_templates.GenericContractTemplateTests.test_build_emits_surface_values_only_from_explicit_v3_mapping) ... ok
test_declares_v3_n_motor_and_fixed_wing_template_paths (test_generic_contract_templates.GenericContractTemplateTests.test_declares_v3_n_motor_and_fixed_wing_template_paths) ... ok
test_fixed_wing_cannot_select_quadrotor_demo_controller (test_generic_contract_templates.GenericContractTemplateTests.test_fixed_wing_cannot_select_quadrotor_demo_controller) ... ok
test_fixed_wing_template_declares_v3_phase_thresholds_without_fake_surfaces (test_generic_contract_templates.GenericContractTemplateTests.test_fixed_wing_template_declares_v3_phase_thresholds_without_fake_surfaces) ... ok
test_template_covers_sensor_rates_faults_and_complex_parameters (test_generic_contract_templates.GenericContractTemplateTests.test_template_covers_sensor_rates_faults_and_complex_parameters) ... ok

----------------------------------------------------------------------
Ran 34 tests in 0.023s

OK


## frozen
& './runtime/icd-venv/Scripts/python.exe' -X utf8 scripts/build_contract_single_file.py --check
exit_code=0
{
  "status": "SINGLE_FILE_CONTENT_VERIFIED",
  "embedded_sources": 14,
  "resolved_schema_references": 663,
  "business_messages": 59,
  "management_commands": 25,
  "golden_vectors": 85,
  "physical_channels": 56,
  "model_bindings": 97,
  "runtime_hardware_replacement": "NOT_VERIFIED_BY_THIS_CONSOLIDATION"
}


## pip
& './runtime/icd-venv/Scripts/python.exe' -X utf8 -m pip check
exit_code=0
No broken requirements found.


## compile
& './runtime/icd-venv/Scripts/python.exe' -X utf8 -m compileall -q input_simulator icd_gateway icd_runtime tests/icd_gateway tests/icd_runtime scripts/test_icd_runtime.py scripts/build_contract_single_file.py
exit_code=0


## offline
& './runtime/icd-venv/Scripts/python.exe' -X utf8 -m icd_runtime --contract-dir docs/interfaces/baseline --expected-sha256 22163dc21526ceadd63260b3d5670404a1064c4301e52b2a80edcf41a4fe8a27
exit_code=0
{
  "status": "OFFLINE_CODEC_PASS",
  "baseline_sha256": "22163dc21526ceadd63260b3d5670404a1064c4301e52b2a80edcf41a4fe8a27",
  "business_messages": 59,
  "business_transport_completions": 72,
  "golden_fragments": 85,
  "video_raw_fragments": 800,
  "pending_groups": 0,
  "reserved_payload_bytes": 0,
  "runtime_network_model_hardware_replacement": "NOT_EXECUTED"
}


## Fixed Source And Third-Path Integrity
PASS: 170 fixed source/config hashes and 20 retained third-path hashes

## Actual Evidence And Historical Ledger Prefix Readback
{
  "status": "PASS",
  "third_retained": 20,
  "ledger_prefix_sha256": "9a3884c1540ca0c517b1f0eb26bd3a9fd3ea95eb8448215bb1481cdac9351cf5",
  "library_evidence_sha256": "08fb7ee3c3b82b7841cdf2be8c1216e57bfa746fe52babe79343c394febb7936",
  "samples_sha256": "d88dcc598a0a554ad6e5072e312fb2184914b541f39d6f9a778db8c853abc927",
  "actual_tx": 6,
  "actual_rx": 6,
  "physical_qualified": false
}

