W3.26 Task 1 fixed-source focused compatibility. Not full runtime or three-chain acceptance.

python -X utf8 -m unittest discover -s tests/icd_gateway -p test_scenario_driver.py -v
WARNING: No libpcap provider available ! pcap won't be used
test_actual_original_native_tx_and_feedback_inside_controller (test_scenario_driver.ScenarioDriverTests.test_actual_original_native_tx_and_feedback_inside_controller) ... ok
test_bad_local_cleanup_clock_still_attempts_remote_cleanup (test_scenario_driver.ScenarioDriverTests.test_bad_local_cleanup_clock_still_attempts_remote_cleanup) ... ok
test_cleanup_accumulates_original_incremental_receipts (test_scenario_driver.ScenarioDriverTests.test_cleanup_accumulates_original_incremental_receipts) ... ok
test_cleanup_can_confirm_actual_original_source_close (test_scenario_driver.ScenarioDriverTests.test_cleanup_can_confirm_actual_original_source_close) ... ok
test_cleanup_deadline_clock_failure_is_local_not_remote (test_scenario_driver.ScenarioDriverTests.test_cleanup_deadline_clock_failure_is_local_not_remote) ... ok
test_cleanup_error_history_stays_bounded_and_invalid_receipts_are_closed (test_scenario_driver.ScenarioDriverTests.test_cleanup_error_history_stays_bounded_and_invalid_receipts_are_closed) ... ok
test_cleanup_has_local_monotonic_deadline (test_scenario_driver.ScenarioDriverTests.test_cleanup_has_local_monotonic_deadline) ... ok
test_cleanup_provider_session_change_cannot_count_new_receipts (test_scenario_driver.ScenarioDriverTests.test_cleanup_provider_session_change_cannot_count_new_receipts) ... ok
test_cleanup_session_change_before_poll_never_calls_remote (test_scenario_driver.ScenarioDriverTests.test_cleanup_session_change_before_poll_never_calls_remote) ... ok
test_cleanup_stale_session_stops_local_without_remote_begin (test_scenario_driver.ScenarioDriverTests.test_cleanup_stale_session_stops_local_without_remote_begin) ... ok
test_cleanup_starts_remote_even_when_local_stop_needs_retry (test_scenario_driver.ScenarioDriverTests.test_cleanup_starts_remote_even_when_local_stop_needs_retry) ... ok
test_cleanup_synchronous_original_close_can_deliver_final_receipt (test_scenario_driver.ScenarioDriverTests.test_cleanup_synchronous_original_close_can_deliver_final_receipt) ... ok
test_closing_another_sid_cannot_confirm_original_cleanup (test_scenario_driver.ScenarioDriverTests.test_closing_another_sid_cannot_confirm_original_cleanup) ... ok
test_delegate_begin_failure_is_not_retried (test_scenario_driver.ScenarioDriverTests.test_delegate_begin_failure_is_not_retried) ... ok
test_empty_provider_handle_cannot_be_wrapped_as_valid_action (test_scenario_driver.ScenarioDriverTests.test_empty_provider_handle_cannot_be_wrapped_as_valid_action) ... ok
test_empty_provider_handle_cannot_be_wrapped_as_valid_root_assertion (test_scenario_driver.ScenarioDriverTests.test_empty_provider_handle_cannot_be_wrapped_as_valid_root_assertion) ... ok
test_explicit_none_step_cannot_start_remote_cleanup (test_scenario_driver.ScenarioDriverTests.test_explicit_none_step_cannot_start_remote_cleanup) ... ok
test_finite_handle_budget_and_reentry_are_rejected (test_scenario_driver.ScenarioDriverTests.test_finite_handle_budget_and_reentry_are_rejected) ... ok
test_forged_root_assertion_metadata_is_rejected_before_service_begin (test_scenario_driver.ScenarioDriverTests.test_forged_root_assertion_metadata_is_rejected_before_service_begin) ... ok
test_frozen_model_native_target_must_equal_actual_current_step (test_scenario_driver.ScenarioDriverTests.test_frozen_model_native_target_must_equal_actual_current_step) ... ok
test_missing_receipt_never_becomes_complete (test_scenario_driver.ScenarioDriverTests.test_missing_receipt_never_becomes_complete) ... ok
test_missing_services_or_status_never_allocates_or_transmits (test_scenario_driver.ScenarioDriverTests.test_missing_services_or_status_never_allocates_or_transmits) ... ok
test_partition_preserves_original_nonnative_link_and_plan (test_scenario_driver.ScenarioDriverTests.test_partition_preserves_original_nonnative_link_and_plan) ... ok
test_remote_terminal_receipt_is_not_repolled_while_local_recovery_pending (test_scenario_driver.ScenarioDriverTests.test_remote_terminal_receipt_is_not_repolled_while_local_recovery_pending) ... ok
test_service_begin_session_change_retains_attempt_without_retry (test_scenario_driver.ScenarioDriverTests.test_service_begin_session_change_retains_attempt_without_retry) ... ok
test_service_poll_exception_retains_context_and_separate_remote_error (test_scenario_driver.ScenarioDriverTests.test_service_poll_exception_retains_context_and_separate_remote_error) ... ok
test_service_poll_session_change_cannot_cache_completion (test_scenario_driver.ScenarioDriverTests.test_service_poll_session_change_cannot_cache_completion) ... ok
test_strict_observed_step_target_and_action_before_native_allocation (test_scenario_driver.ScenarioDriverTests.test_strict_observed_step_target_and_action_before_native_allocation) ... ok
test_whole_plan_service_preflight_failure_precedes_native_send (test_scenario_driver.ScenarioDriverTests.test_whole_plan_service_preflight_failure_precedes_native_send) ... ok
test_wrapped_original_handles_reject_forged_or_foreign_progress (test_scenario_driver.ScenarioDriverTests.test_wrapped_original_handles_reject_forged_or_foreign_progress) ... ok
test_wrong_kind_on_native_link_remains_service_event (test_scenario_driver.ScenarioDriverTests.test_wrong_kind_on_native_link_remains_service_event) ... ok

----------------------------------------------------------------------
Ran 31 tests in 54.761s

OK

python -X utf8 -m unittest discover -s tests/icd_gateway -p test_scenario_execution.py -v
WARNING: No libpcap provider available ! pcap won't be used
test_begin_failure_record_names_original_attempted_event (test_scenario_execution.ScenarioExecutionTests.test_begin_failure_record_names_original_attempted_event) ... ok
test_cleanup_exception_record_is_distinct_from_prior_run_failure (test_scenario_execution.ScenarioExecutionTests.test_cleanup_exception_record_is_distinct_from_prior_run_failure) ... ok
test_cleanup_missing_one_of_nine_fields_never_local_stopped (test_scenario_execution.ScenarioExecutionTests.test_cleanup_missing_one_of_nine_fields_never_local_stopped) ... ok
test_cleanup_unknown_error_is_normalized_to_frozen_resource (test_scenario_execution.ScenarioExecutionTests.test_cleanup_unknown_error_is_normalized_to_frozen_resource) ... ok
test_complete_budget_rejects_million_actions_before_any_driver_call (test_scenario_execution.ScenarioExecutionTests.test_complete_budget_rejects_million_actions_before_any_driver_call) ... ok
test_completed_short_root_does_not_timeout_while_long_root_is_pending (test_scenario_execution.ScenarioExecutionTests.test_completed_short_root_does_not_timeout_while_long_root_is_pending) ... ok
test_driver_non_icd_exception_is_recorded_and_cleanup_runs (test_scenario_execution.ScenarioExecutionTests.test_driver_non_icd_exception_is_recorded_and_cleanup_runs) ... ok
test_driver_reentrancy_is_rejected_without_second_execution (test_scenario_execution.ScenarioExecutionTests.test_driver_reentrancy_is_rejected_without_second_execution) ... ok
test_each_root_assertion_deadline_is_enforced_independently (test_scenario_execution.ScenarioExecutionTests.test_each_root_assertion_deadline_is_enforced_independently) ... ok
test_end_waits_for_outstanding_assert_operation_before_cleanup (test_scenario_execution.ScenarioExecutionTests.test_end_waits_for_outstanding_assert_operation_before_cleanup) ... ok
test_event_assertions_do_not_start_as_root_assertions_before_their_events (test_scenario_execution.ScenarioExecutionTests.test_event_assertions_do_not_start_as_root_assertions_before_their_events) ... ok
test_failure_reaches_cleanup_without_starting_later_events (test_scenario_execution.ScenarioExecutionTests.test_failure_reaches_cleanup_without_starting_later_events) ... ok
test_foreign_progress_handle_is_rejected_and_cleanup_requested (test_scenario_execution.ScenarioExecutionTests.test_foreign_progress_handle_is_rejected_and_cleanup_requested) ... ok
test_forged_compiled_plan_and_unknown_progress_are_not_trusted (test_scenario_execution.ScenarioExecutionTests.test_forged_compiled_plan_and_unknown_progress_are_not_trusted) ... ok
test_incremental_cleanup_requires_all_nine_receipts (test_scenario_execution.ScenarioExecutionTests.test_incremental_cleanup_requires_all_nine_receipts) ... ok
test_missing_driver_and_preflight_rejection_never_start_or_dispatch (test_scenario_execution.ScenarioExecutionTests.test_missing_driver_and_preflight_rejection_never_start_or_dispatch) ... ok
test_pending_limit_fails_before_next_begin_without_partial_overwrite (test_scenario_execution.ScenarioExecutionTests.test_pending_limit_fails_before_next_begin_without_partial_overwrite) ... ok
test_periodic_and_waveform_sampling_uses_original_order_without_duplication (test_scenario_execution.ScenarioExecutionTests.test_periodic_and_waveform_sampling_uses_original_order_without_duplication) ... ok
test_poll_exception_preserves_original_failed_handle_not_cancellation (test_scenario_execution.ScenarioExecutionTests.test_poll_exception_preserves_original_failed_handle_not_cancellation) ... ok
test_root_assertions_and_same_original_complete_stimulus_are_retained (test_scenario_execution.ScenarioExecutionTests.test_root_assertions_and_same_original_complete_stimulus_are_retained) ... ok
test_root_assertions_must_finish_before_cleanup (test_scenario_execution.ScenarioExecutionTests.test_root_assertions_must_finish_before_cleanup) ... ok
test_same_handle_for_two_operations_is_rejected (test_scenario_execution.ScenarioExecutionTests.test_same_handle_for_two_operations_is_rejected) ... ok
test_skip_model_step_fails_without_catchup_or_new_handle (test_scenario_execution.ScenarioExecutionTests.test_skip_model_step_fails_without_catchup_or_new_handle) ... ok
test_stop_cleanup_once_and_does_not_reexecute_or_claim_remote_safety (test_scenario_execution.ScenarioExecutionTests.test_stop_cleanup_once_and_does_not_reexecute_or_claim_remote_safety) ... ok
test_strict_step_types_backwards_and_second_start (test_scenario_execution.ScenarioExecutionTests.test_strict_step_types_backwards_and_second_start) ... ok
test_successful_stop_retains_local_cancellation_and_nine_cleanup_receipts (test_scenario_execution.ScenarioExecutionTests.test_successful_stop_retains_local_cancellation_and_nine_cleanup_receipts) ... ok
test_ten_original_event_kinds_and_replay_negative_fields_not_changed (test_scenario_execution.ScenarioExecutionTests.test_ten_original_event_kinds_and_replay_negative_fields_not_changed) ... ok
test_terminal_records_keep_original_runtime_handle_correlation (test_scenario_execution.ScenarioExecutionTests.test_terminal_records_keep_original_runtime_handle_correlation) ... ok
test_unhashable_adapter_error_code_cannot_escape_failure_recording (test_scenario_execution.ScenarioExecutionTests.test_unhashable_adapter_error_code_cannot_escape_failure_recording) ... ok
test_wait_blocks_same_step_following_until_original_handle_completes (test_scenario_execution.ScenarioExecutionTests.test_wait_blocks_same_step_following_until_original_handle_completes) ... ok
test_wait_does_not_rewrite_overdue_absolute_steps_after_release (test_scenario_execution.ScenarioExecutionTests.test_wait_does_not_rewrite_overdue_absolute_steps_after_release) ... ok
test_wait_timeout_is_enforced_even_if_driver_stays_pending (test_scenario_execution.ScenarioExecutionTests.test_wait_timeout_is_enforced_even_if_driver_stays_pending) ... ok

----------------------------------------------------------------------
Ran 32 tests in 16.766s

OK

python -X utf8 -m unittest discover -s tests/icd_gateway -p test_native_scenario_actions.py -v
WARNING: No libpcap provider available ! pcap won't be used
test_can_only_plan_still_requires_common_original_reservation_book (test_native_scenario_actions.NativeScenarioActionTests.test_can_only_plan_still_requires_common_original_reservation_book) ... ok
test_elapsed_original_can_validity_fails_without_late_application_claim (test_native_scenario_actions.NativeScenarioActionTests.test_elapsed_original_can_validity_fails_without_late_application_claim) ... ok
test_empty_native_poll_does_not_create_failed_observations (test_native_scenario_actions.NativeScenarioActionTests.test_empty_native_poll_does_not_create_failed_observations) ... ok
test_expired_grant_or_unpublished_capability_reject_without_tx (test_native_scenario_actions.NativeScenarioActionTests.test_expired_grant_or_unpublished_capability_reject_without_tx) ... ok
test_failed_post_allocation_preparation_has_owned_recoverable_context (test_native_scenario_actions.NativeScenarioActionTests.test_failed_post_allocation_preparation_has_owned_recoverable_context) ... ok
test_finite_run_budgets_preflight_before_original_input_allocation (test_native_scenario_actions.NativeScenarioActionTests.test_finite_run_budgets_preflight_before_original_input_allocation) ... ok
test_forged_action_duplicate_begin_and_foreign_handle_reject (test_native_scenario_actions.NativeScenarioActionTests.test_forged_action_duplicate_begin_and_foreign_handle_reject) ... ok
test_intermediate_ack_is_not_completion_and_terminal_is_remote_claim_only (test_native_scenario_actions.NativeScenarioActionTests.test_intermediate_ack_is_not_completion_and_terminal_is_remote_claim_only) ... ok
test_invalid_original_contract_is_a_closed_error_not_attribute_failure (test_native_scenario_actions.NativeScenarioActionTests.test_invalid_original_contract_is_a_closed_error_not_attribute_failure) ... ok
test_local_can_reclaim_survives_detach_and_new_dispatcher (test_native_scenario_actions.NativeScenarioActionTests.test_local_can_reclaim_survives_detach_and_new_dispatcher) ... ok
test_local_can_reclaim_survives_failed_and_completed_shared_close (test_native_scenario_actions.NativeScenarioActionTests.test_local_can_reclaim_survives_failed_and_completed_shared_close) ... ok
test_local_reclaim_failure_is_not_hidden_by_remote_terminal_claim (test_native_scenario_actions.NativeScenarioActionTests.test_local_reclaim_failure_is_not_hidden_by_remote_terminal_claim) ... ok
test_missing_original_send_branch_never_falls_back (test_native_scenario_actions.NativeScenarioActionTests.test_missing_original_send_branch_never_falls_back) ... ok
test_native_can_and_scapy_preserve_original_stimulus_sid_and_feedback (test_native_scenario_actions.NativeScenarioActionTests.test_native_can_and_scapy_preserve_original_stimulus_sid_and_feedback) ... ok
test_original_record_drain_cannot_turn_pending_request_into_success (test_native_scenario_actions.NativeScenarioActionTests.test_original_record_drain_cannot_turn_pending_request_into_success) ... ok
test_original_selected_protocol_must_declare_every_scheduled_can_message (test_native_scenario_actions.NativeScenarioActionTests.test_original_selected_protocol_must_declare_every_scheduled_can_message) ... ok
test_original_wave_periodic_and_fault_values_are_not_replaced (test_native_scenario_actions.NativeScenarioActionTests.test_original_wave_periodic_and_fault_values_are_not_replaced) ... ok
test_other_event_handlers_are_not_claimed_as_implemented (test_native_scenario_actions.NativeScenarioActionTests.test_other_event_handlers_are_not_claimed_as_implemented) ... ok
test_partial_native_send_failure_is_retained_not_retried (test_native_scenario_actions.NativeScenarioActionTests.test_partial_native_send_failure_is_retained_not_retried) ... ok
test_pending_limit_rejects_before_second_original_allocation (test_native_scenario_actions.NativeScenarioActionTests.test_pending_limit_rejects_before_second_original_allocation) ... ok
test_plain_udp_is_not_used_as_original_ethgen (test_native_scenario_actions.NativeScenarioActionTests.test_plain_udp_is_not_used_as_original_ethgen) ... ok
test_preflight_checks_native_actions_without_allocation_or_transmission (test_native_scenario_actions.NativeScenarioActionTests.test_preflight_checks_native_actions_without_allocation_or_transmission) ... ok
test_reentry_rejects_before_allocating_another_event (test_native_scenario_actions.NativeScenarioActionTests.test_reentry_rejects_before_allocating_another_event) ... ok
test_standalone_original_scapy_does_not_require_an_unrelated_can_backend (test_native_scenario_actions.NativeScenarioActionTests.test_standalone_original_scapy_does_not_require_an_unrelated_can_backend) ... ok
test_stop_cancels_only_owned_groups_preserving_shared_backends (test_native_scenario_actions.NativeScenarioActionTests.test_stop_cancels_only_owned_groups_preserving_shared_backends) ... ok
test_stop_still_cancels_udp_group_after_begin_poll_failure (test_native_scenario_actions.NativeScenarioActionTests.test_stop_still_cancels_udp_group_after_begin_poll_failure) ... ok
test_strict_original_steps_and_explicit_target_no_counter_on_rejection (test_native_scenario_actions.NativeScenarioActionTests.test_strict_original_steps_and_explicit_target_no_counter_on_rejection) ... ok
test_typed_action_metadata_cannot_use_equal_bool_values (test_native_scenario_actions.NativeScenarioActionTests.test_typed_action_metadata_cannot_use_equal_bool_values) ... ok

----------------------------------------------------------------------
Ran 28 tests in 36.035s

OK

python -X utf8 -m unittest discover -s tests/icd_gateway -p test_source_session.py -v
test_real_grant_header_feeds_replay_and_actual_resource_exchange (test_source_session.ActualResourceSessionTests.test_real_grant_header_feeds_replay_and_actual_resource_exchange) ... WARNING: No libpcap provider available ! pcap won't be used
ok
test_claim_blocks_manual_tx_and_feedback_read_after_construction (test_source_session.ActualSourceSessionTests.test_claim_blocks_manual_tx_and_feedback_read_after_construction) ... ok
test_opening_transaction_follows_prior_manual_transport_use (test_source_session.ActualSourceSessionTests.test_opening_transaction_follows_prior_manual_transport_use) ... ok
test_real_receiver_grant_used_and_missing_capability_stops_before_tx (test_source_session.ActualSourceSessionTests.test_real_receiver_grant_used_and_missing_capability_stops_before_tx) ... ok
test_real_receiver_rejects_wrong_identity_without_local_grant (test_source_session.ActualSourceSessionTests.test_real_receiver_rejects_wrong_identity_without_local_grant) ... ok
test_real_transport_rejects_new_manager_and_delayed_old_grant (test_source_session.ActualSourceSessionTests.test_real_transport_rejects_new_manager_and_delayed_old_grant) ... ok
test_clock_status_nonce_and_request_type_are_correlated (test_source_session.FeedbackCorrelationTests.test_clock_status_nonce_and_request_type_are_correlated) ... ok
test_status_is_only_a_heartbeat_response (test_source_session.FeedbackCorrelationTests.test_status_is_only_a_heartbeat_response) ... ok
test_unrelated_status_clock_feedback_is_not_an_ack (test_source_session.FeedbackCorrelationTests.test_unrelated_status_clock_feedback_is_not_an_ack) ... ok
test_backward_or_bool_source_mono_is_rejected_without_send (test_source_session.SourceSessionTests.test_backward_or_bool_source_mono_is_rejected_without_send) ... ok
test_bad_target_and_counter_wrap_reject (test_source_session.SourceSessionTests.test_bad_target_and_counter_wrap_reject) ... ok
test_clock_failure_after_reply_keeps_untrusted_exchange_record (test_source_session.SourceSessionTests.test_clock_failure_after_reply_keeps_untrusted_exchange_record) ... ok
test_conservative_lease_starts_before_exchange_not_on_late_reply (test_source_session.SourceSessionTests.test_conservative_lease_starts_before_exchange_not_on_late_reply) ... ok
test_explicit_transaction_reservation_never_collides_with_auto_counter (test_source_session.SourceSessionTests.test_explicit_transaction_reservation_never_collides_with_auto_counter) ... ok
test_failed_heartbeat_and_ordinary_feedback_do_not_renew_lease (test_source_session.SourceSessionTests.test_failed_heartbeat_and_ordinary_feedback_do_not_renew_lease) ... ok
test_heartbeat_uses_actual_last_feedback_and_explicit_sender_step (test_source_session.SourceSessionTests.test_heartbeat_uses_actual_last_feedback_and_explicit_sender_step) ... ok
test_invalid_constructor_limits_identity_and_roles_reject (test_source_session.SourceSessionTests.test_invalid_constructor_limits_identity_and_roles_reject) ... ok
test_invalid_payload_does_not_consume_sequence_or_send (test_source_session.SourceSessionTests.test_invalid_payload_does_not_consume_sequence_or_send) ... ok
test_local_abandon_is_not_a_remote_close_reset_or_clear_queues (test_source_session.SourceSessionTests.test_local_abandon_is_not_a_remote_close_reset_or_clear_queues) ... ok
test_one_counter_owner_per_transport_even_after_local_close (test_source_session.SourceSessionTests.test_one_counter_owner_per_transport_even_after_local_close) ... ok
test_open_after_the_entire_lease_cannot_create_a_live_local_session (test_source_session.SourceSessionTests.test_open_after_the_entire_lease_cannot_create_a_live_local_session) ... ok
test_open_captures_actual_grant_and_allocates_global_fresh_headers (test_source_session.SourceSessionTests.test_open_captures_actual_grant_and_allocates_global_fresh_headers) ... ok
test_open_validates_both_baselines_roles_sid_and_model (test_source_session.SourceSessionTests.test_open_validates_both_baselines_roles_sid_and_model) ... ok
test_record_capacity_rejects_before_send_and_drain_does_not_clear_session (test_source_session.SourceSessionTests.test_record_capacity_rejects_before_send_and_drain_does_not_clear_session) ... ok
test_records_and_capabilities_are_immutable_detached (test_source_session.SourceSessionTests.test_records_and_capabilities_are_immutable_detached) ... ok
test_reopen_requires_explicit_local_abandon_and_never_reuses_nonce_or_sid (test_source_session.SourceSessionTests.test_reopen_requires_explicit_local_abandon_and_never_reuses_nonce_or_sid) ... ok
test_request_keeps_real_failed_feedback_without_manufacturing_stage (test_source_session.SourceSessionTests.test_request_keeps_real_failed_feedback_without_manufacturing_stage) ... ok
test_request_payload_detaches_from_callers_during_transport_exchange (test_source_session.SourceSessionTests.test_request_payload_detaches_from_callers_during_transport_exchange) ... ok
test_roles_capability_and_model_are_checked_before_allocation (test_source_session.SourceSessionTests.test_roles_capability_and_model_are_checked_before_allocation) ... ok
test_session_module_exists (test_source_session.SourceSessionTests.test_session_module_exists) ... ok
test_transport_timeout_is_recorded_without_faking_response_or_session (test_source_session.SourceSessionTests.test_transport_timeout_is_recorded_without_faking_response_or_session) ... ok

----------------------------------------------------------------------
Ran 31 tests in 6.401s

OK

python -X utf8 -m unittest discover -s tests/icd_gateway -p test_native_tools.py -v
WARNING: No libpcap provider available ! pcap won't be used
test_actual_original_can_and_udp_share_sid_counters_and_feedback (test_native_tools.NativeToolTests.test_actual_original_can_and_udp_share_sid_counters_and_feedback) ... ok
test_all_four_original_can_channels_share_one_actual_grant (test_native_tools.NativeToolTests.test_all_four_original_can_channels_share_one_actual_grant) ... ok
test_all_local_close_preserves_session_dispatcher_and_send_reservation (test_native_tools.NativeToolTests.test_all_local_close_preserves_session_dispatcher_and_send_reservation) ... ok
test_cancel_only_the_exact_owned_udp_group_before_native_tx (test_native_tools.NativeToolTests.test_cancel_only_the_exact_owned_udp_group_before_native_tx) ... ok
test_closed_dispatcher_does_not_release_source_before_native_cleanup (test_native_tools.NativeToolTests.test_closed_dispatcher_does_not_release_source_before_native_cleanup) ... ok
test_copied_old_scope_cannot_bypass_current_native_lock (test_native_tools.NativeToolTests.test_copied_old_scope_cannot_bypass_current_native_lock) ... ok
test_cross_link_heartbeat_transaction_floor_and_standard_model_observation (test_native_tools.NativeToolTests.test_cross_link_heartbeat_transaction_floor_and_standard_model_observation) ... ok
test_deferred_udp_first_attempt_cannot_send_after_newer_can (test_native_tools.NativeToolTests.test_deferred_udp_first_attempt_cannot_send_after_newer_can) ... ok
test_detached_cleanup_keeps_records_counters_and_rejects_send_or_reentry (test_native_tools.NativeToolTests.test_detached_cleanup_keeps_records_counters_and_rejects_send_or_reentry) ... ok
test_direct_native_and_source_apis_cannot_bypass_dispatcher (test_native_tools.NativeToolTests.test_direct_native_and_source_apis_cannot_bypass_dispatcher) ... ok
test_direct_selected_sender_and_builder_reentry_reject_before_mutation (test_native_tools.NativeToolTests.test_direct_selected_sender_and_builder_reentry_reject_before_mutation) ... ok
test_discard_after_retirement_reclaims_only_local_original_plan (test_native_tools.NativeToolTests.test_discard_after_retirement_reclaims_only_local_original_plan) ... ok
test_dispatcher_replacement_waits_for_native_coordinator_cleanup (test_native_tools.NativeToolTests.test_dispatcher_replacement_waits_for_native_coordinator_cleanup) ... ok
test_failed_close_keeps_same_native_handle_for_retry (test_native_tools.NativeToolTests.test_failed_close_keeps_same_native_handle_for_retry) ... ok
test_failed_coordinator_close_blocks_original_udp_transmission (test_native_tools.NativeToolTests.test_failed_coordinator_close_blocks_original_udp_transmission) ... ok
test_inflight_can_plan_requires_retirement_before_discard (test_native_tools.NativeToolTests.test_inflight_can_plan_requires_retirement_before_discard) ... ok
test_newer_can_first_tx_prevents_older_pending_udp_first_tx (test_native_tools.NativeToolTests.test_newer_can_first_tx_prevents_older_pending_udp_first_tx) ... ok
test_newer_udp_first_tx_prevents_older_prepared_can_first_tx (test_native_tools.NativeToolTests.test_newer_udp_first_tx_prevents_older_prepared_can_first_tx) ... ok
test_nonblocking_native_poll_empty_is_not_a_failure (test_native_tools.NativeToolTests.test_nonblocking_native_poll_empty_is_not_a_failure) ... ok
test_nonfresh_input_allocation_and_invalid_sender_list_reject (test_native_tools.NativeToolTests.test_nonfresh_input_allocation_and_invalid_sender_list_reject) ... ok
test_original_recorder_cannot_be_bypassed_for_native_evidence (test_native_tools.NativeToolTests.test_original_recorder_cannot_be_bypassed_for_native_evidence) ... ok
test_original_udp_retry_is_not_a_new_first_tx_after_can (test_native_tools.NativeToolTests.test_original_udp_retry_is_not_a_new_first_tx_after_can) ... ok
test_other_channel_cannot_discard_shared_builder_inflight_plan (test_native_tools.NativeToolTests.test_other_channel_cannot_discard_shared_builder_inflight_plan) ... ok
test_owned_udp_cancel_allowed_after_expiry_or_failed_close (test_native_tools.NativeToolTests.test_owned_udp_cancel_allowed_after_expiry_or_failed_close) ... ok
test_reentry_and_other_thread_cannot_get_delegated_tool_authority (test_native_tools.NativeToolTests.test_reentry_and_other_thread_cannot_get_delegated_tool_authority) ... ok
test_source_and_dispatcher_busy_do_not_allocate_or_send (test_native_tools.NativeToolTests.test_source_and_dispatcher_busy_do_not_allocate_or_send) ... ok
test_unregistered_or_forged_original_instances_and_plans_reject (test_native_tools.NativeToolTests.test_unregistered_or_forged_original_instances_and_plans_reject) ... ok

----------------------------------------------------------------------
Ran 27 tests in 33.318s

OK

python -X utf8 -m unittest discover -s tests/icd_gateway -p test_model_clock.py -v
WARNING: No libpcap provider available ! pcap won't be used
test_applied_reset_and_resume_invalidate_old_sid_until_new_grant (test_model_clock.ModelClockTests.test_applied_reset_and_resume_invalidate_old_sid_until_new_grant) ... ok
test_can_heartbeat_attempt_blocks_reuse_by_serial_udp (test_model_clock.ModelClockTests.test_can_heartbeat_attempt_blocks_reuse_by_serial_udp) ... ok
test_current_lease_is_required_even_with_cached_status (test_model_clock.ModelClockTests.test_current_lease_is_required_even_with_cached_status) ... ok
test_dispatcher_feedback_reader_never_sends_or_drains (test_model_clock.ModelClockTests.test_dispatcher_feedback_reader_never_sends_or_drains) ... ok
test_duplicate_feedback_cannot_refresh_original_deadline (test_model_clock.ModelClockTests.test_duplicate_feedback_cannot_refresh_original_deadline) ... ok
test_failed_received_or_unpublished_lifecycle_does_not_claim_reset (test_model_clock.ModelClockTests.test_failed_received_or_unpublished_lifecycle_does_not_claim_reset) ... ok
test_failed_serial_heartbeat_attempt_cannot_reuse_transaction (test_model_clock.ModelClockTests.test_failed_serial_heartbeat_attempt_cannot_reuse_transaction) ... ok
test_frozen_240ms_validity_exact_boundary_and_delayed_arrival (test_model_clock.ModelClockTests.test_frozen_240ms_validity_exact_boundary_and_delayed_arrival) ... ok
test_immutable_detached_snapshot_retains_original_exchange_and_identity (test_model_clock.ModelClockTests.test_immutable_detached_snapshot_retains_original_exchange_and_identity) ... ok
test_interleaved_older_heartbeat_still_contributes_model_step_floor (test_model_clock.ModelClockTests.test_interleaved_older_heartbeat_still_contributes_model_step_floor) ... ok
test_local_elapsed_time_never_advances_reported_model_step (test_model_clock.ModelClockTests.test_local_elapsed_time_never_advances_reported_model_step) ... ok
test_local_monotonic_clock_reversal_is_not_a_model_reset (test_model_clock.ModelClockTests.test_local_monotonic_clock_reversal_is_not_a_model_reset) ... ok
test_new_sid_requires_new_status_and_allows_reset_step (test_model_clock.ModelClockTests.test_new_sid_requires_new_status_and_allows_reset_step) ... ok
test_original_can_feedback_uses_source_clock_domain (test_model_clock.ModelClockTests.test_original_can_feedback_uses_source_clock_domain) ... ok
test_private_feedback_capture_cannot_bypass_actual_operation_owner (test_model_clock.ModelClockTests.test_private_feedback_capture_cannot_bypass_actual_operation_owner) ... ok
test_requires_actual_status_not_grant_or_an_arbitrary_object (test_model_clock.ModelClockTests.test_requires_actual_status_not_grant_or_an_arbitrary_object) ... ok
test_reused_heartbeat_transaction_cannot_retime_or_replace_sample (test_model_clock.ModelClockTests.test_reused_heartbeat_transaction_cannot_retime_or_replace_sample) ... ok
test_serial_udp_status_is_bound_to_actual_socket_request (test_model_clock.ModelClockTests.test_serial_udp_status_is_bound_to_actual_socket_request) ... ok
test_source_owner_lock_and_closed_session_are_respected (test_model_clock.ModelClockTests.test_source_owner_lock_and_closed_session_are_respected) ... ok
test_strict_exact_step_and_required_state (test_model_clock.ModelClockTests.test_strict_exact_step_and_required_state) ... ok
test_temporarily_deferred_original_heartbeat_claims_transaction_once (test_model_clock.ModelClockTests.test_temporarily_deferred_original_heartbeat_claims_transaction_once) ... ok
test_timed_out_heartbeat_transaction_cannot_be_reused_after_dispatch_replacement (test_model_clock.ModelClockTests.test_timed_out_heartbeat_transaction_cannot_be_reused_after_dispatch_replacement) ... ok
test_unread_regression_survives_drain_and_reader_replacement (test_model_clock.ModelClockTests.test_unread_regression_survives_drain_and_reader_replacement) ... ok

----------------------------------------------------------------------
Ran 23 tests in 16.118s

OK

python -X utf8 scripts/build_contract_single_file.py --check
{
  "status": "SINGLE_FILE_CONTENT_VERIFIED",
  "embedded_sources": 14,
  "resolved_schema_references": 663,
  "business_messages": 59,
  "management_commands": 25,
  "golden_vectors": 85,
  "physical_channels": 56,
  "model_bindings": 97,
  "runtime_hardware_replacement": "NOT_VERIFIED_BY_THIS_CONSOLIDATION"
}

python -X utf8 -m icd_runtime --contract-dir docs/interfaces/baseline --expected-sha256 22163dc21526ceadd63260b3d5670404a1064c4301e52b2a80edcf41a4fe8a27
{
  "status": "OFFLINE_CODEC_PASS",
  "baseline_sha256": "22163dc21526ceadd63260b3d5670404a1064c4301e52b2a80edcf41a4fe8a27",
  "business_messages": 59,
  "business_transport_completions": 72,
  "golden_fragments": 85,
  "video_raw_fragments": 800,
  "pending_groups": 0,
  "reserved_payload_bytes": 0,
  "runtime_network_model_hardware_replacement": "NOT_EXECUTED"
}

python -X utf8 -m pip check
No broken requirements found.

python -X utf8 -m compileall -q input_simulator tests/icd_gateway
