& './runtime/icd-venv/Scripts/python.exe' -X utf8 -m unittest discover -s tests/icd_gateway -p test_runtime_lifecycle.py -v
WARNING: No libpcap provider available ! pcap won't be used
test_actual_submitted_lifecycle_payload_cannot_replace_approved_steps (test_runtime_lifecycle.RuntimeLifecycleTests.test_actual_submitted_lifecycle_payload_cannot_replace_approved_steps) ... ok
test_actual_transition_state_is_checked_before_allocation (test_runtime_lifecycle.RuntimeLifecycleTests.test_actual_transition_state_is_checked_before_allocation) ... ok
test_all_six_actions_keep_the_original_semantic_decision (test_runtime_lifecycle.RuntimeLifecycleTests.test_all_six_actions_keep_the_original_semantic_decision) ... ok
test_encoded_lifecycle_packet_cannot_replace_approved_steps (test_runtime_lifecycle.RuntimeLifecycleTests.test_encoded_lifecycle_packet_cannot_replace_approved_steps) ... ok
test_exact_applied_resume_transaction_can_finish_after_clock_retirement (test_runtime_lifecycle.RuntimeLifecycleTests.test_exact_applied_resume_transaction_can_finish_after_clock_retirement) ... ok
test_exact_reset_can_finish_but_wrong_step_cannot_use_retirement (test_runtime_lifecycle.RuntimeLifecycleTests.test_exact_reset_can_finish_but_wrong_step_cannot_use_retirement) ... ok
test_first_retirement_is_immutable_and_status_cannot_revive_old_epoch (test_runtime_lifecycle.RuntimeLifecycleTests.test_first_retirement_is_immutable_and_status_cannot_revive_old_epoch) ... ok
test_lifecycle_probe_is_rechecked_before_allocation_without_counter_use (test_runtime_lifecycle.RuntimeLifecycleTests.test_lifecycle_probe_is_rechecked_before_allocation_without_counter_use) ... ok
test_offline_step_rejects_physical_loop_and_actual_run_duration (test_runtime_lifecycle.RuntimeLifecycleTests.test_offline_step_rejects_physical_loop_and_actual_run_duration) ... ok
test_published_message_without_actual_lifecycle_probe_is_not_ready (test_runtime_lifecycle.RuntimeLifecycleTests.test_published_message_without_actual_lifecycle_probe_is_not_ready) ... ok
test_retirement_does_not_finish_another_pending_native_transaction (test_runtime_lifecycle.RuntimeLifecycleTests.test_retirement_does_not_finish_another_pending_native_transaction) ... ok
test_stopped_reset_is_management_only_not_permission_for_data (test_runtime_lifecycle.RuntimeLifecycleTests.test_stopped_reset_is_management_only_not_permission_for_data) ... ok
test_validated_ack_does_not_retire_or_finish_lifecycle (test_runtime_lifecycle.RuntimeLifecycleTests.test_validated_ack_does_not_retire_or_finish_lifecycle) ... ok

----------------------------------------------------------------------
Ran 13 tests in 37.680s

OK


& './runtime/icd-venv/Scripts/python.exe' -X utf8 -m unittest discover -s tests/icd_gateway -p test_runtime_targets.py -v
WARNING: No libpcap provider available ! pcap won't be used
test_actual_paused_context_approves_current_boundary_without_allocation (test_runtime_targets.RuntimeTargetTests.test_actual_paused_context_approves_current_boundary_without_allocation) ... ok
test_allocation_scope_fails_if_another_original_scope_lock_is_held (test_runtime_targets.RuntimeTargetTests.test_allocation_scope_fails_if_another_original_scope_lock_is_held) ... ok
test_approval_cannot_adopt_a_replaced_lease_during_driver_handoff (test_runtime_targets.RuntimeTargetTests.test_approval_cannot_adopt_a_replaced_lease_during_driver_handoff) ... ok
test_backend_failure_and_replacement_never_approve_or_lose_history (test_runtime_targets.RuntimeTargetTests.test_backend_failure_and_replacement_never_approve_or_lose_history) ... ok
test_can_requires_actual_selected_sender_before_target_approval (test_runtime_targets.RuntimeTargetTests.test_can_requires_actual_selected_sender_before_target_approval) ... ok
test_complete_frozen_config_context_and_status_agreement_required (test_runtime_targets.RuntimeTargetTests.test_complete_frozen_config_context_and_status_agreement_required) ... ok
test_controller_cannot_borrow_same_source_string_without_actual_owner (test_runtime_targets.RuntimeTargetTests.test_controller_cannot_borrow_same_source_string_without_actual_owner) ... ok
test_driver_rechecks_selected_sender_after_preflight (test_runtime_targets.RuntimeTargetTests.test_driver_rechecks_selected_sender_after_preflight) ... ok
test_driver_replacement_of_explicit_authorizer_is_rejected_before_tx (test_runtime_targets.RuntimeTargetTests.test_driver_replacement_of_explicit_authorizer_is_rejected_before_tx) ... ok
test_expired_control_during_native_validation_cannot_allocate_or_tx (test_runtime_targets.RuntimeTargetTests.test_expired_control_during_native_validation_cannot_allocate_or_tx) ... ok
test_expiry_after_allocation_before_fragment_tx_retains_allocation_without_send (test_runtime_targets.RuntimeTargetTests.test_expiry_after_allocation_before_fragment_tx_retains_allocation_without_send) ... ok
test_installed_authorizer_is_used_by_original_driver_before_native_tx (test_runtime_targets.RuntimeTargetTests.test_installed_authorizer_is_used_by_original_driver_before_native_tx) ... ok
test_invalid_half_open_times_and_source_changed_during_getter_refuse (test_runtime_targets.RuntimeTargetTests.test_invalid_half_open_times_and_source_changed_during_getter_refuse) ... ok
test_no_default_backend_and_snapshot_immutable_strict_types (test_runtime_targets.RuntimeTargetTests.test_no_default_backend_and_snapshot_immutable_strict_types) ... ok
test_pre_read_count_and_byte_limits_keep_original_prefix (test_runtime_targets.RuntimeTargetTests.test_pre_read_count_and_byte_limits_keep_original_prefix) ... ok
test_registered_actual_owner_and_standard_applied_lease_allow_controller_only_until_deadline (test_runtime_targets.RuntimeTargetTests.test_registered_actual_owner_and_standard_applied_lease_allow_controller_only_until_deadline) ... ok
test_registered_snapshot_rejects_nested_mutability_and_boolean_deadlines (test_runtime_targets.RuntimeTargetTests.test_registered_snapshot_rejects_nested_mutability_and_boolean_deadlines) ... ok
test_running_future_target_is_bounded_by_actual_configured_duration (test_runtime_targets.RuntimeTargetTests.test_running_future_target_is_bounded_by_actual_configured_duration) ... ok
test_selected_can_channel_must_be_active_and_original_binding_retained (test_runtime_targets.RuntimeTargetTests.test_selected_can_channel_must_be_active_and_original_binding_retained) ... ok
test_unhashable_action_and_backend_model_are_typed_rejections (test_runtime_targets.RuntimeTargetTests.test_unhashable_action_and_backend_model_are_typed_rejections) ... ok

----------------------------------------------------------------------
Ran 20 tests in 46.523s

OK


& './runtime/icd-venv/Scripts/python.exe' -X utf8 -m unittest discover -s tests/icd_gateway -p test_scenario_driver.py -v
WARNING: No libpcap provider available ! pcap won't be used
test_actual_original_native_tx_and_feedback_inside_controller (test_scenario_driver.ScenarioDriverTests.test_actual_original_native_tx_and_feedback_inside_controller) ... ok
test_bad_local_cleanup_clock_still_attempts_remote_cleanup (test_scenario_driver.ScenarioDriverTests.test_bad_local_cleanup_clock_still_attempts_remote_cleanup) ... ok
test_cleanup_accumulates_original_incremental_receipts (test_scenario_driver.ScenarioDriverTests.test_cleanup_accumulates_original_incremental_receipts) ... ok
test_cleanup_can_confirm_actual_original_source_close (test_scenario_driver.ScenarioDriverTests.test_cleanup_can_confirm_actual_original_source_close) ... ok
test_cleanup_deadline_clock_failure_is_local_not_remote (test_scenario_driver.ScenarioDriverTests.test_cleanup_deadline_clock_failure_is_local_not_remote) ... ok
test_cleanup_error_history_stays_bounded_and_invalid_receipts_are_closed (test_scenario_driver.ScenarioDriverTests.test_cleanup_error_history_stays_bounded_and_invalid_receipts_are_closed) ... ok
test_cleanup_has_local_monotonic_deadline (test_scenario_driver.ScenarioDriverTests.test_cleanup_has_local_monotonic_deadline) ... ok
test_cleanup_provider_session_change_cannot_count_new_receipts (test_scenario_driver.ScenarioDriverTests.test_cleanup_provider_session_change_cannot_count_new_receipts) ... ok
test_cleanup_session_change_before_poll_never_calls_remote (test_scenario_driver.ScenarioDriverTests.test_cleanup_session_change_before_poll_never_calls_remote) ... ok
test_cleanup_stale_session_stops_local_without_remote_begin (test_scenario_driver.ScenarioDriverTests.test_cleanup_stale_session_stops_local_without_remote_begin) ... ok
test_cleanup_starts_remote_even_when_local_stop_needs_retry (test_scenario_driver.ScenarioDriverTests.test_cleanup_starts_remote_even_when_local_stop_needs_retry) ... ok
test_cleanup_synchronous_original_close_can_deliver_final_receipt (test_scenario_driver.ScenarioDriverTests.test_cleanup_synchronous_original_close_can_deliver_final_receipt) ... ok
test_closing_another_sid_cannot_confirm_original_cleanup (test_scenario_driver.ScenarioDriverTests.test_closing_another_sid_cannot_confirm_original_cleanup) ... ok
test_delegate_begin_failure_is_not_retried (test_scenario_driver.ScenarioDriverTests.test_delegate_begin_failure_is_not_retried) ... ok
test_empty_provider_handle_cannot_be_wrapped_as_valid_action (test_scenario_driver.ScenarioDriverTests.test_empty_provider_handle_cannot_be_wrapped_as_valid_action) ... ok
test_empty_provider_handle_cannot_be_wrapped_as_valid_root_assertion (test_scenario_driver.ScenarioDriverTests.test_empty_provider_handle_cannot_be_wrapped_as_valid_root_assertion) ... ok
test_explicit_none_step_cannot_start_remote_cleanup (test_scenario_driver.ScenarioDriverTests.test_explicit_none_step_cannot_start_remote_cleanup) ... ok
test_finite_handle_budget_and_reentry_are_rejected (test_scenario_driver.ScenarioDriverTests.test_finite_handle_budget_and_reentry_are_rejected) ... ok
test_forged_root_assertion_metadata_is_rejected_before_service_begin (test_scenario_driver.ScenarioDriverTests.test_forged_root_assertion_metadata_is_rejected_before_service_begin) ... ok
test_frozen_model_native_target_must_equal_actual_current_step (test_scenario_driver.ScenarioDriverTests.test_frozen_model_native_target_must_equal_actual_current_step) ... ok
test_missing_receipt_never_becomes_complete (test_scenario_driver.ScenarioDriverTests.test_missing_receipt_never_becomes_complete) ... ok
test_missing_services_or_status_never_allocates_or_transmits (test_scenario_driver.ScenarioDriverTests.test_missing_services_or_status_never_allocates_or_transmits) ... ok
test_partition_preserves_original_nonnative_link_and_plan (test_scenario_driver.ScenarioDriverTests.test_partition_preserves_original_nonnative_link_and_plan) ... ok
test_remote_terminal_receipt_is_not_repolled_while_local_recovery_pending (test_scenario_driver.ScenarioDriverTests.test_remote_terminal_receipt_is_not_repolled_while_local_recovery_pending) ... ok
test_service_begin_session_change_retains_attempt_without_retry (test_scenario_driver.ScenarioDriverTests.test_service_begin_session_change_retains_attempt_without_retry) ... ok
test_service_poll_exception_retains_context_and_separate_remote_error (test_scenario_driver.ScenarioDriverTests.test_service_poll_exception_retains_context_and_separate_remote_error) ... ok
test_service_poll_session_change_cannot_cache_completion (test_scenario_driver.ScenarioDriverTests.test_service_poll_session_change_cannot_cache_completion) ... ok
test_strict_observed_step_target_and_action_before_native_allocation (test_scenario_driver.ScenarioDriverTests.test_strict_observed_step_target_and_action_before_native_allocation) ... ok
test_whole_plan_service_preflight_failure_precedes_native_send (test_scenario_driver.ScenarioDriverTests.test_whole_plan_service_preflight_failure_precedes_native_send) ... ok
test_wrapped_original_handles_reject_forged_or_foreign_progress (test_scenario_driver.ScenarioDriverTests.test_wrapped_original_handles_reject_forged_or_foreign_progress) ... ok
test_wrong_kind_on_native_link_remains_service_event (test_scenario_driver.ScenarioDriverTests.test_wrong_kind_on_native_link_remains_service_event) ... ok

----------------------------------------------------------------------
Ran 31 tests in 54.566s

OK


& './runtime/icd-venv/Scripts/python.exe' -X utf8 -m unittest discover -s tests/icd_gateway -p test_native_scenario_actions.py -v
WARNING: No libpcap provider available ! pcap won't be used
test_can_only_plan_still_requires_common_original_reservation_book (test_native_scenario_actions.NativeScenarioActionTests.test_can_only_plan_still_requires_common_original_reservation_book) ... ok
test_elapsed_original_can_validity_fails_without_late_application_claim (test_native_scenario_actions.NativeScenarioActionTests.test_elapsed_original_can_validity_fails_without_late_application_claim) ... ok
test_empty_native_poll_does_not_create_failed_observations (test_native_scenario_actions.NativeScenarioActionTests.test_empty_native_poll_does_not_create_failed_observations) ... ok
test_expired_grant_or_unpublished_capability_reject_without_tx (test_native_scenario_actions.NativeScenarioActionTests.test_expired_grant_or_unpublished_capability_reject_without_tx) ... ok
test_failed_post_allocation_preparation_has_owned_recoverable_context (test_native_scenario_actions.NativeScenarioActionTests.test_failed_post_allocation_preparation_has_owned_recoverable_context) ... ok
test_finite_run_budgets_preflight_before_original_input_allocation (test_native_scenario_actions.NativeScenarioActionTests.test_finite_run_budgets_preflight_before_original_input_allocation) ... ok
test_forged_action_duplicate_begin_and_foreign_handle_reject (test_native_scenario_actions.NativeScenarioActionTests.test_forged_action_duplicate_begin_and_foreign_handle_reject) ... ok
test_intermediate_ack_is_not_completion_and_terminal_is_remote_claim_only (test_native_scenario_actions.NativeScenarioActionTests.test_intermediate_ack_is_not_completion_and_terminal_is_remote_claim_only) ... ok
test_invalid_original_contract_is_a_closed_error_not_attribute_failure (test_native_scenario_actions.NativeScenarioActionTests.test_invalid_original_contract_is_a_closed_error_not_attribute_failure) ... ok
test_local_can_reclaim_survives_detach_and_new_dispatcher (test_native_scenario_actions.NativeScenarioActionTests.test_local_can_reclaim_survives_detach_and_new_dispatcher) ... ok
test_local_can_reclaim_survives_failed_and_completed_shared_close (test_native_scenario_actions.NativeScenarioActionTests.test_local_can_reclaim_survives_failed_and_completed_shared_close) ... ok
test_local_reclaim_failure_is_not_hidden_by_remote_terminal_claim (test_native_scenario_actions.NativeScenarioActionTests.test_local_reclaim_failure_is_not_hidden_by_remote_terminal_claim) ... ok
test_missing_original_send_branch_never_falls_back (test_native_scenario_actions.NativeScenarioActionTests.test_missing_original_send_branch_never_falls_back) ... ok
test_native_can_and_scapy_preserve_original_stimulus_sid_and_feedback (test_native_scenario_actions.NativeScenarioActionTests.test_native_can_and_scapy_preserve_original_stimulus_sid_and_feedback) ... ok
test_original_record_drain_cannot_turn_pending_request_into_success (test_native_scenario_actions.NativeScenarioActionTests.test_original_record_drain_cannot_turn_pending_request_into_success) ... ok
test_original_selected_protocol_must_declare_every_scheduled_can_message (test_native_scenario_actions.NativeScenarioActionTests.test_original_selected_protocol_must_declare_every_scheduled_can_message) ... ok
test_original_wave_periodic_and_fault_values_are_not_replaced (test_native_scenario_actions.NativeScenarioActionTests.test_original_wave_periodic_and_fault_values_are_not_replaced) ... ok
test_other_event_handlers_are_not_claimed_as_implemented (test_native_scenario_actions.NativeScenarioActionTests.test_other_event_handlers_are_not_claimed_as_implemented) ... ok
test_partial_native_send_failure_is_retained_not_retried (test_native_scenario_actions.NativeScenarioActionTests.test_partial_native_send_failure_is_retained_not_retried) ... ok
test_pending_limit_rejects_before_second_original_allocation (test_native_scenario_actions.NativeScenarioActionTests.test_pending_limit_rejects_before_second_original_allocation) ... ok
test_plain_udp_is_not_used_as_original_ethgen (test_native_scenario_actions.NativeScenarioActionTests.test_plain_udp_is_not_used_as_original_ethgen) ... ok
test_preflight_checks_native_actions_without_allocation_or_transmission (test_native_scenario_actions.NativeScenarioActionTests.test_preflight_checks_native_actions_without_allocation_or_transmission) ... ok
test_reentry_rejects_before_allocating_another_event (test_native_scenario_actions.NativeScenarioActionTests.test_reentry_rejects_before_allocating_another_event) ... ok
test_standalone_original_scapy_does_not_require_an_unrelated_can_backend (test_native_scenario_actions.NativeScenarioActionTests.test_standalone_original_scapy_does_not_require_an_unrelated_can_backend) ... ok
test_stop_cancels_only_owned_groups_preserving_shared_backends (test_native_scenario_actions.NativeScenarioActionTests.test_stop_cancels_only_owned_groups_preserving_shared_backends) ... ok
test_stop_still_cancels_udp_group_after_begin_poll_failure (test_native_scenario_actions.NativeScenarioActionTests.test_stop_still_cancels_udp_group_after_begin_poll_failure) ... ok
test_strict_original_steps_and_explicit_target_no_counter_on_rejection (test_native_scenario_actions.NativeScenarioActionTests.test_strict_original_steps_and_explicit_target_no_counter_on_rejection) ... ok
test_typed_action_metadata_cannot_use_equal_bool_values (test_native_scenario_actions.NativeScenarioActionTests.test_typed_action_metadata_cannot_use_equal_bool_values) ... ok

----------------------------------------------------------------------
Ran 28 tests in 37.064s

OK


& './runtime/icd-venv/Scripts/python.exe' -X utf8 -m unittest discover -s tests/icd_gateway -p test_model_clock.py -v
WARNING: No libpcap provider available ! pcap won't be used
test_applied_reset_and_resume_invalidate_old_sid_until_new_grant (test_model_clock.ModelClockTests.test_applied_reset_and_resume_invalidate_old_sid_until_new_grant) ... ok
test_can_heartbeat_attempt_blocks_reuse_by_serial_udp (test_model_clock.ModelClockTests.test_can_heartbeat_attempt_blocks_reuse_by_serial_udp) ... ok
test_current_lease_is_required_even_with_cached_status (test_model_clock.ModelClockTests.test_current_lease_is_required_even_with_cached_status) ... ok
test_dispatcher_feedback_reader_never_sends_or_drains (test_model_clock.ModelClockTests.test_dispatcher_feedback_reader_never_sends_or_drains) ... ok
test_duplicate_feedback_cannot_refresh_original_deadline (test_model_clock.ModelClockTests.test_duplicate_feedback_cannot_refresh_original_deadline) ... ok
test_failed_received_or_unpublished_lifecycle_does_not_claim_reset (test_model_clock.ModelClockTests.test_failed_received_or_unpublished_lifecycle_does_not_claim_reset) ... ok
test_failed_serial_heartbeat_attempt_cannot_reuse_transaction (test_model_clock.ModelClockTests.test_failed_serial_heartbeat_attempt_cannot_reuse_transaction) ... ok
test_frozen_240ms_validity_exact_boundary_and_delayed_arrival (test_model_clock.ModelClockTests.test_frozen_240ms_validity_exact_boundary_and_delayed_arrival) ... ok
test_immutable_detached_snapshot_retains_original_exchange_and_identity (test_model_clock.ModelClockTests.test_immutable_detached_snapshot_retains_original_exchange_and_identity) ... ok
test_interleaved_older_heartbeat_still_contributes_model_step_floor (test_model_clock.ModelClockTests.test_interleaved_older_heartbeat_still_contributes_model_step_floor) ... ok
test_local_elapsed_time_never_advances_reported_model_step (test_model_clock.ModelClockTests.test_local_elapsed_time_never_advances_reported_model_step) ... ok
test_local_monotonic_clock_reversal_is_not_a_model_reset (test_model_clock.ModelClockTests.test_local_monotonic_clock_reversal_is_not_a_model_reset) ... ok
test_new_sid_requires_new_status_and_allows_reset_step (test_model_clock.ModelClockTests.test_new_sid_requires_new_status_and_allows_reset_step) ... ok
test_original_can_feedback_uses_source_clock_domain (test_model_clock.ModelClockTests.test_original_can_feedback_uses_source_clock_domain) ... ok
test_private_feedback_capture_cannot_bypass_actual_operation_owner (test_model_clock.ModelClockTests.test_private_feedback_capture_cannot_bypass_actual_operation_owner) ... ok
test_requires_actual_status_not_grant_or_an_arbitrary_object (test_model_clock.ModelClockTests.test_requires_actual_status_not_grant_or_an_arbitrary_object) ... ok
test_reused_heartbeat_transaction_cannot_retime_or_replace_sample (test_model_clock.ModelClockTests.test_reused_heartbeat_transaction_cannot_retime_or_replace_sample) ... ok
test_serial_udp_status_is_bound_to_actual_socket_request (test_model_clock.ModelClockTests.test_serial_udp_status_is_bound_to_actual_socket_request) ... ok
test_source_owner_lock_and_closed_session_are_respected (test_model_clock.ModelClockTests.test_source_owner_lock_and_closed_session_are_respected) ... ok
test_strict_exact_step_and_required_state (test_model_clock.ModelClockTests.test_strict_exact_step_and_required_state) ... ok
test_temporarily_deferred_original_heartbeat_claims_transaction_once (test_model_clock.ModelClockTests.test_temporarily_deferred_original_heartbeat_claims_transaction_once) ... ok
test_timed_out_heartbeat_transaction_cannot_be_reused_after_dispatch_replacement (test_model_clock.ModelClockTests.test_timed_out_heartbeat_transaction_cannot_be_reused_after_dispatch_replacement) ... ok
test_unread_regression_survives_drain_and_reader_replacement (test_model_clock.ModelClockTests.test_unread_regression_survives_drain_and_reader_replacement) ... ok

----------------------------------------------------------------------
Ran 23 tests in 16.357s

OK


& './runtime/icd-venv/Scripts/python.exe' -X utf8 -m unittest discover -s tests/icd_gateway -p test_source_session.py -v
test_real_grant_header_feeds_replay_and_actual_resource_exchange (test_source_session.ActualResourceSessionTests.test_real_grant_header_feeds_replay_and_actual_resource_exchange) ... WARNING: No libpcap provider available ! pcap won't be used
ok
test_claim_blocks_manual_tx_and_feedback_read_after_construction (test_source_session.ActualSourceSessionTests.test_claim_blocks_manual_tx_and_feedback_read_after_construction) ... ok
test_opening_transaction_follows_prior_manual_transport_use (test_source_session.ActualSourceSessionTests.test_opening_transaction_follows_prior_manual_transport_use) ... ok
test_real_receiver_grant_used_and_missing_capability_stops_before_tx (test_source_session.ActualSourceSessionTests.test_real_receiver_grant_used_and_missing_capability_stops_before_tx) ... ok
test_real_receiver_rejects_wrong_identity_without_local_grant (test_source_session.ActualSourceSessionTests.test_real_receiver_rejects_wrong_identity_without_local_grant) ... ok
test_real_transport_rejects_new_manager_and_delayed_old_grant (test_source_session.ActualSourceSessionTests.test_real_transport_rejects_new_manager_and_delayed_old_grant) ... ok
test_clock_status_nonce_and_request_type_are_correlated (test_source_session.FeedbackCorrelationTests.test_clock_status_nonce_and_request_type_are_correlated) ... ok
test_status_is_only_a_heartbeat_response (test_source_session.FeedbackCorrelationTests.test_status_is_only_a_heartbeat_response) ... ok
test_unrelated_status_clock_feedback_is_not_an_ack (test_source_session.FeedbackCorrelationTests.test_unrelated_status_clock_feedback_is_not_an_ack) ... ok
test_backward_or_bool_source_mono_is_rejected_without_send (test_source_session.SourceSessionTests.test_backward_or_bool_source_mono_is_rejected_without_send) ... ok
test_bad_target_and_counter_wrap_reject (test_source_session.SourceSessionTests.test_bad_target_and_counter_wrap_reject) ... ok
test_clock_failure_after_reply_keeps_untrusted_exchange_record (test_source_session.SourceSessionTests.test_clock_failure_after_reply_keeps_untrusted_exchange_record) ... ok
test_conservative_lease_starts_before_exchange_not_on_late_reply (test_source_session.SourceSessionTests.test_conservative_lease_starts_before_exchange_not_on_late_reply) ... ok
test_explicit_transaction_reservation_never_collides_with_auto_counter (test_source_session.SourceSessionTests.test_explicit_transaction_reservation_never_collides_with_auto_counter) ... ok
test_failed_heartbeat_and_ordinary_feedback_do_not_renew_lease (test_source_session.SourceSessionTests.test_failed_heartbeat_and_ordinary_feedback_do_not_renew_lease) ... ok
test_heartbeat_uses_actual_last_feedback_and_explicit_sender_step (test_source_session.SourceSessionTests.test_heartbeat_uses_actual_last_feedback_and_explicit_sender_step) ... ok
test_invalid_constructor_limits_identity_and_roles_reject (test_source_session.SourceSessionTests.test_invalid_constructor_limits_identity_and_roles_reject) ... ok
test_invalid_payload_does_not_consume_sequence_or_send (test_source_session.SourceSessionTests.test_invalid_payload_does_not_consume_sequence_or_send) ... ok
test_local_abandon_is_not_a_remote_close_reset_or_clear_queues (test_source_session.SourceSessionTests.test_local_abandon_is_not_a_remote_close_reset_or_clear_queues) ... ok
test_one_counter_owner_per_transport_even_after_local_close (test_source_session.SourceSessionTests.test_one_counter_owner_per_transport_even_after_local_close) ... ok
test_open_after_the_entire_lease_cannot_create_a_live_local_session (test_source_session.SourceSessionTests.test_open_after_the_entire_lease_cannot_create_a_live_local_session) ... ok
test_open_captures_actual_grant_and_allocates_global_fresh_headers (test_source_session.SourceSessionTests.test_open_captures_actual_grant_and_allocates_global_fresh_headers) ... ok
test_open_validates_both_baselines_roles_sid_and_model (test_source_session.SourceSessionTests.test_open_validates_both_baselines_roles_sid_and_model) ... ok
test_record_capacity_rejects_before_send_and_drain_does_not_clear_session (test_source_session.SourceSessionTests.test_record_capacity_rejects_before_send_and_drain_does_not_clear_session) ... ok
test_records_and_capabilities_are_immutable_detached (test_source_session.SourceSessionTests.test_records_and_capabilities_are_immutable_detached) ... ok
test_reopen_requires_explicit_local_abandon_and_never_reuses_nonce_or_sid (test_source_session.SourceSessionTests.test_reopen_requires_explicit_local_abandon_and_never_reuses_nonce_or_sid) ... ok
test_request_keeps_real_failed_feedback_without_manufacturing_stage (test_source_session.SourceSessionTests.test_request_keeps_real_failed_feedback_without_manufacturing_stage) ... ok
test_request_payload_detaches_from_callers_during_transport_exchange (test_source_session.SourceSessionTests.test_request_payload_detaches_from_callers_during_transport_exchange) ... ok
test_roles_capability_and_model_are_checked_before_allocation (test_source_session.SourceSessionTests.test_roles_capability_and_model_are_checked_before_allocation) ... ok
test_session_module_exists (test_source_session.SourceSessionTests.test_session_module_exists) ... ok
test_transport_timeout_is_recorded_without_faking_response_or_session (test_source_session.SourceSessionTests.test_transport_timeout_is_recorded_without_faking_response_or_session) ... ok

----------------------------------------------------------------------
Ran 31 tests in 6.406s

OK


& './runtime/icd-venv/Scripts/python.exe' -X utf8 -m unittest discover -s tests/icd_gateway -p test_control_lease.py -v
test_actual_can_command_and_udp_share_one_lease_observation (test_control_lease.ControlLeaseSocketTests.test_actual_can_command_and_udp_share_one_lease_observation) ... WARNING: No libpcap provider available ! pcap won't be used
ok
test_actual_interleaved_owner_replies_keep_latest_attempt_only (test_control_lease.ControlLeaseSocketTests.test_actual_interleaved_owner_replies_keep_latest_attempt_only) ... ok
test_actual_udp_validated_command_extends_same_original_lease (test_control_lease.ControlLeaseSocketTests.test_actual_udp_validated_command_extends_same_original_lease) ... ok
test_earlier_heartbeat_conflict_permanently_revokes_applied_owner (test_control_lease.ControlLeaseSocketTests.test_earlier_heartbeat_conflict_permanently_revokes_applied_owner) ... ok
test_fresh_conflicting_status_revokes_even_if_clock_cache_keeps_newer_request (test_control_lease.ControlLeaseSocketTests.test_fresh_conflicting_status_revokes_even_if_clock_cache_keeps_newer_request) ... ok
test_pending_owner_ack_cannot_undo_later_safety_status (test_control_lease.ControlLeaseSocketTests.test_pending_owner_ack_cannot_undo_later_safety_status) ... ok
test_pending_owner_source_conflict_requires_a_new_owner_exchange (test_control_lease.ControlLeaseSocketTests.test_pending_owner_source_conflict_requires_a_new_owner_exchange) ... ok
test_abandon_and_new_sid_never_adopt_previous_lease (test_control_lease.ControlLeaseTests.test_abandon_and_new_sid_never_adopt_previous_lease) ... ok
test_applied_owner_cannot_establish_from_an_active_safety_status (test_control_lease.ControlLeaseTests.test_applied_owner_cannot_establish_from_an_active_safety_status) ... ok
test_control_capture_requires_actual_source_operation_owner (test_control_lease.ControlLeaseTests.test_control_capture_requires_actual_source_operation_owner) ... ok
test_control_deadline_exact_boundary_and_heartbeat_do_not_renew (test_control_lease.ControlLeaseTests.test_control_deadline_exact_boundary_and_heartbeat_do_not_renew) ... ok
test_control_permission_failure_revokes_existing_lease (test_control_lease.ControlLeaseTests.test_control_permission_failure_revokes_existing_lease) ... ok
test_control_reader_does_not_transmit_allocate_or_drain (test_control_lease.ControlLeaseTests.test_control_reader_does_not_transmit_allocate_or_drain) ... ok
test_drain_and_reader_replacement_never_reset_deadline (test_control_lease.ControlLeaseTests.test_drain_and_reader_replacement_never_reset_deadline) ... ok
test_duplicate_command_feedback_cannot_renew_again (test_control_lease.ControlLeaseTests.test_duplicate_command_feedback_cannot_renew_again) ... ok
test_exact_applied_owner_retains_original_provenance_without_qualification (test_control_lease.ControlLeaseTests.test_exact_applied_owner_retains_original_provenance_without_qualification) ... ok
test_expired_lease_cannot_be_recreated_by_late_command_ack (test_control_lease.ControlLeaseTests.test_expired_lease_cannot_be_recreated_by_late_command_ack) ... ok
test_new_owner_attempt_invalidates_old_even_when_send_fails (test_control_lease.ControlLeaseTests.test_new_owner_attempt_invalidates_old_even_when_send_fails) ... ok
test_old_owner_reply_after_new_attempt_cannot_restore_old_lease (test_control_lease.ControlLeaseTests.test_old_owner_reply_after_new_attempt_cannot_restore_old_lease) ... ok
test_old_owner_reply_after_status_revocation_cannot_restore_old_lease (test_control_lease.ControlLeaseTests.test_old_owner_reply_after_status_revocation_cannot_restore_old_lease) ... ok
test_received_failed_environment_and_wrong_lane_never_renew (test_control_lease.ControlLeaseTests.test_received_failed_environment_and_wrong_lane_never_renew) ... ok
test_safety_lifecycle_attempt_revokes_before_reply (test_control_lease.ControlLeaseTests.test_safety_lifecycle_attempt_revokes_before_reply) ... ok
test_safety_status_and_changed_source_revoke_without_regain (test_control_lease.ControlLeaseTests.test_safety_status_and_changed_source_revoke_without_regain) ... ok
test_status_alone_cannot_invent_control_lease (test_control_lease.ControlLeaseTests.test_status_alone_cannot_invent_control_lease) ... ok
test_status_step_freshness_and_strict_expected_source_lane_are_required (test_control_lease.ControlLeaseTests.test_status_step_freshness_and_strict_expected_source_lane_are_required) ... ok
test_unpublished_or_received_owner_never_establishes_lease (test_control_lease.ControlLeaseTests.test_unpublished_or_received_owner_never_establishes_lease) ... ok
test_unpublished_owner_probe_never_establishes_lease (test_control_lease.ControlLeaseTests.test_unpublished_owner_probe_never_establishes_lease) ... ok
test_validated_matching_control_renews_from_first_tx_not_reply (test_control_lease.ControlLeaseTests.test_validated_matching_control_renews_from_first_tx_not_reply) ... ok

----------------------------------------------------------------------
Ran 28 tests in 20.594s

OK


& './runtime/icd-venv/Scripts/python.exe' -X utf8 -m unittest discover -s tests/icd_gateway -p test_scapy_source.py -v
WARNING: No libpcap provider available ! pcap won't be used
test_actual_record_is_immutable_and_drain_cannot_overlap_tx (test_scapy_source.ScapySourceTests.test_actual_record_is_immutable_and_drain_cannot_overlap_tx) ... ok
test_actual_scapy_complete_frame_and_standard_grant_no_udp_fallback (test_scapy_source.ScapySourceTests.test_actual_scapy_complete_frame_and_standard_grant_no_udp_fallback) ... ok
test_actual_scapy_resource_fragments_keep_original_no_burst_pacing (test_scapy_source.ScapySourceTests.test_actual_scapy_resource_fragments_keep_original_no_burst_pacing) ... ok
test_all_four_formal_eth_mappings_keep_same_standard_contract (test_scapy_source.ScapySourceTests.test_all_four_formal_eth_mappings_keep_same_standard_contract) ... ok
test_bounded_bytes_fail_before_actual_call_and_limits_are_strict (test_scapy_source.ScapySourceTests.test_bounded_bytes_fail_before_actual_call_and_limits_are_strict) ... ok
test_bounded_l2_records_fail_before_send_and_keep_original_prefix (test_scapy_source.ScapySourceTests.test_bounded_l2_records_fail_before_send_and_keep_original_prefix) ... ok
test_close_failure_retries_same_original_pcap_handle (test_scapy_source.ScapySourceTests.test_close_failure_retries_same_original_pcap_handle) ... ok
test_close_retains_records_reservation_and_does_not_report_remote_cleanup (test_scapy_source.ScapySourceTests.test_close_retains_records_reservation_and_does_not_report_remote_cleanup) ... ok
test_constructor_backend_failure_closes_both_udp_sockets (test_scapy_source.ScapySourceTests.test_constructor_backend_failure_closes_both_udp_sockets) ... ok
test_cooperative_original_dispatcher_uses_scapy_and_matching_feedback (test_scapy_source.ScapySourceTests.test_cooperative_original_dispatcher_uses_scapy_and_matching_feedback) ... ok
test_direct_send_and_close_cannot_bypass_attached_dispatcher (test_scapy_source.ScapySourceTests.test_direct_send_and_close_cannot_bypass_attached_dispatcher) ... ok
test_direct_send_and_close_cannot_bypass_session_operation (test_scapy_source.ScapySourceTests.test_direct_send_and_close_cannot_bypass_session_operation) ... ok
test_existing_prepared_bytes_remain_owned_after_later_allocation (test_scapy_source.ScapySourceTests.test_existing_prepared_bytes_remain_owned_after_later_allocation) ... ok
test_expired_grant_rejected_before_send (test_scapy_source.ScapySourceTests.test_expired_grant_rejected_before_send) ... ok
test_explicit_transaction_gap_and_header_mutation_are_not_allocations (test_scapy_source.ScapySourceTests.test_explicit_transaction_gap_and_header_mutation_are_not_allocations) ... ok
test_invalid_backend_return_is_not_success (test_scapy_source.ScapySourceTests.test_invalid_backend_return_is_not_success) ... ok
test_l2_record_drain_rejected_while_original_recorder_attached (test_scapy_source.ScapySourceTests.test_l2_record_drain_rejected_while_original_recorder_attached) ... ok
test_missing_original_l2_backend_never_falls_back (test_scapy_source.ScapySourceTests.test_missing_original_l2_backend_never_falls_back) ... ok
test_no_live_standard_grant_cannot_send_regular_input (test_scapy_source.ScapySourceTests.test_no_live_standard_grant_cannot_send_regular_input) ... ok
test_original_recorded_udp_dispatch_bytes_still_match_outer_frames (test_scapy_source.ScapySourceTests.test_original_recorded_udp_dispatch_bytes_still_match_outer_frames) ... ok
test_post_send_expiry_keeps_actual_transmitted_bytes_and_failure (test_scapy_source.ScapySourceTests.test_post_send_expiry_keeps_actual_transmitted_bytes_and_failure) ... ok
test_released_local_token_cannot_transmit_and_is_not_automatically_reacquired (test_scapy_source.ScapySourceTests.test_released_local_token_cannot_transmit_and_is_not_automatically_reacquired) ... ok
test_role_and_capability_and_sid_are_checked_at_actual_tx (test_scapy_source.ScapySourceTests.test_role_and_capability_and_sid_are_checked_at_actual_tx) ... ok
test_short_write_is_recorded_not_success_and_no_retry_fallback (test_scapy_source.ScapySourceTests.test_short_write_is_recorded_not_success_and_no_retry_fallback) ... ok
test_signed_zero_remains_original_wire_bytes (test_scapy_source.ScapySourceTests.test_signed_zero_remains_original_wire_bytes) ... ok
test_socket_error_retains_complete_attempt_and_dispatch_failure (test_scapy_source.ScapySourceTests.test_socket_error_retains_complete_attempt_and_dispatch_failure) ... ok
test_source_rejects_foreign_reservation_branch_mapping_and_bad_mac (test_scapy_source.ScapySourceTests.test_source_rejects_foreign_reservation_branch_mapping_and_bad_mac) ... ok
test_successful_original_pcap_close_is_not_repeated (test_scapy_source.ScapySourceTests.test_successful_original_pcap_close_is_not_repeated) ... ok

----------------------------------------------------------------------
Ran 28 tests in 16.064s

OK


& './runtime/icd-venv/Scripts/python.exe' -X utf8 -m unittest discover -s tests/icd_gateway -p test_dispatch.py -v
test_large_earlier_group_is_admitted_before_later_small_group (test_dispatch.ActualResourceDispatchTests.test_large_earlier_group_is_admitted_before_later_small_group) ... ok
test_lost_unadmitted_earlier_sequence_is_failed_not_silently_renumbered (test_dispatch.ActualResourceDispatchTests.test_lost_unadmitted_earlier_sequence_is_failed_not_silently_renumbered) ... ok
test_two_actual_worker_resources_interleaved_complete_without_model_claim (test_dispatch.ActualResourceDispatchTests.test_two_actual_worker_resources_interleaved_complete_without_model_claim) ... ok
test_actual_multi_inflight_out_of_order_feedback_and_terminal_records (test_dispatch.DispatcherTests.test_actual_multi_inflight_out_of_order_feedback_and_terminal_records) ... ok
test_auto_heartbeat_late_tick_rejected_not_catchup_and_records_are_immutable (test_dispatch.DispatcherTests.test_auto_heartbeat_late_tick_rejected_not_catchup_and_records_are_immutable) ... ok
test_capacity_before_allocation_and_local_close_releases_binding_not_remote_session (test_dispatch.DispatcherTests.test_capacity_before_allocation_and_local_close_releases_binding_not_remote_session) ... ok
test_clock_failure_after_actual_tx_keeps_wire_and_progress (test_dispatch.DispatcherTests.test_clock_failure_after_actual_tx_keeps_wire_and_progress) ... ok
test_clock_failure_still_cancels_locally_without_inventing_timestamp (test_dispatch.DispatcherTests.test_clock_failure_still_cancels_locally_without_inventing_timestamp) ... ok
test_deferred_heartbeat_checks_actual_tx_deadline (test_dispatch.DispatcherTests.test_deferred_heartbeat_checks_actual_tx_deadline) ... ok
test_final_resource_late_actual_feedback_is_retained_but_not_complete (test_dispatch.DispatcherTests.test_final_resource_late_actual_feedback_is_retained_but_not_complete) ... ok
test_heartbeat_keeps_conservative_session_live_during_resource_wait (test_dispatch.DispatcherTests.test_heartbeat_keeps_conservative_session_live_during_resource_wait) ... ok
test_lease_expiry_after_actual_tx_keeps_wire_but_fails_run (test_dispatch.DispatcherTests.test_lease_expiry_after_actual_tx_keeps_wire_but_fails_run) ... ok
test_lease_expiry_inside_poll_stops_before_actual_tx (test_dispatch.DispatcherTests.test_lease_expiry_inside_poll_stops_before_actual_tx) ... ok
test_nonfinal_resource_feedback_during_paced_retry_is_not_lost (test_dispatch.DispatcherTests.test_nonfinal_resource_feedback_during_paced_retry_is_not_lost) ... ok
test_received_is_not_terminal_and_unrelated_heartbeat_can_complete (test_dispatch.DispatcherTests.test_received_is_not_terminal_and_unrelated_heartbeat_can_complete) ... ok
test_record_capacity_preserves_existing_and_rejects_before_sequence (test_dispatch.DispatcherTests.test_record_capacity_preserves_existing_and_rejects_before_sequence) ... ok
test_reliable_four_original_attempts_periodic_one_and_timeout (test_dispatch.DispatcherTests.test_reliable_four_original_attempts_periodic_one_and_timeout) ... ok
test_interleaved_same_transaction_ack_matches_original_sequence (test_dispatch.MatchingTests.test_interleaved_same_transaction_ack_matches_original_sequence) ... ok
test_matching_list_is_bounded_strict_and_unique (test_dispatch.MatchingTests.test_matching_list_is_bounded_strict_and_unique) ... ok
test_matured_resource_reservations_do_not_burst_after_delayed_poll (test_dispatch.MatchingTests.test_matured_resource_reservations_do_not_burst_after_delayed_poll) ... ok
test_nonblocking_typed_feedback_does_not_drop_other_pending_request (test_dispatch.MatchingTests.test_nonblocking_typed_feedback_does_not_drop_other_pending_request) ... ok

----------------------------------------------------------------------
Ran 21 tests in 13.995s

OK


& './runtime/icd-venv/Scripts/python.exe' -X utf8 -m unittest discover -s tests/icd_gateway -p test_native_tools.py -v
WARNING: No libpcap provider available ! pcap won't be used
test_actual_original_can_and_udp_share_sid_counters_and_feedback (test_native_tools.NativeToolTests.test_actual_original_can_and_udp_share_sid_counters_and_feedback) ... ok
test_all_four_original_can_channels_share_one_actual_grant (test_native_tools.NativeToolTests.test_all_four_original_can_channels_share_one_actual_grant) ... ok
test_all_local_close_preserves_session_dispatcher_and_send_reservation (test_native_tools.NativeToolTests.test_all_local_close_preserves_session_dispatcher_and_send_reservation) ... ok
test_cancel_only_the_exact_owned_udp_group_before_native_tx (test_native_tools.NativeToolTests.test_cancel_only_the_exact_owned_udp_group_before_native_tx) ... ok
test_closed_dispatcher_does_not_release_source_before_native_cleanup (test_native_tools.NativeToolTests.test_closed_dispatcher_does_not_release_source_before_native_cleanup) ... ok
test_copied_old_scope_cannot_bypass_current_native_lock (test_native_tools.NativeToolTests.test_copied_old_scope_cannot_bypass_current_native_lock) ... ok
test_cross_link_heartbeat_transaction_floor_and_standard_model_observation (test_native_tools.NativeToolTests.test_cross_link_heartbeat_transaction_floor_and_standard_model_observation) ... ok
test_deferred_udp_first_attempt_cannot_send_after_newer_can (test_native_tools.NativeToolTests.test_deferred_udp_first_attempt_cannot_send_after_newer_can) ... ok
test_detached_cleanup_keeps_records_counters_and_rejects_send_or_reentry (test_native_tools.NativeToolTests.test_detached_cleanup_keeps_records_counters_and_rejects_send_or_reentry) ... ok
test_direct_native_and_source_apis_cannot_bypass_dispatcher (test_native_tools.NativeToolTests.test_direct_native_and_source_apis_cannot_bypass_dispatcher) ... ok
test_direct_selected_sender_and_builder_reentry_reject_before_mutation (test_native_tools.NativeToolTests.test_direct_selected_sender_and_builder_reentry_reject_before_mutation) ... ok
test_discard_after_retirement_reclaims_only_local_original_plan (test_native_tools.NativeToolTests.test_discard_after_retirement_reclaims_only_local_original_plan) ... ok
test_dispatcher_replacement_waits_for_native_coordinator_cleanup (test_native_tools.NativeToolTests.test_dispatcher_replacement_waits_for_native_coordinator_cleanup) ... ok
test_failed_close_keeps_same_native_handle_for_retry (test_native_tools.NativeToolTests.test_failed_close_keeps_same_native_handle_for_retry) ... ok
test_failed_coordinator_close_blocks_original_udp_transmission (test_native_tools.NativeToolTests.test_failed_coordinator_close_blocks_original_udp_transmission) ... ok
test_inflight_can_plan_requires_retirement_before_discard (test_native_tools.NativeToolTests.test_inflight_can_plan_requires_retirement_before_discard) ... ok
test_newer_can_first_tx_prevents_older_pending_udp_first_tx (test_native_tools.NativeToolTests.test_newer_can_first_tx_prevents_older_pending_udp_first_tx) ... ok
test_newer_udp_first_tx_prevents_older_prepared_can_first_tx (test_native_tools.NativeToolTests.test_newer_udp_first_tx_prevents_older_prepared_can_first_tx) ... ok
test_nonblocking_native_poll_empty_is_not_a_failure (test_native_tools.NativeToolTests.test_nonblocking_native_poll_empty_is_not_a_failure) ... ok
test_nonfresh_input_allocation_and_invalid_sender_list_reject (test_native_tools.NativeToolTests.test_nonfresh_input_allocation_and_invalid_sender_list_reject) ... ok
test_original_recorder_cannot_be_bypassed_for_native_evidence (test_native_tools.NativeToolTests.test_original_recorder_cannot_be_bypassed_for_native_evidence) ... ok
test_original_udp_retry_is_not_a_new_first_tx_after_can (test_native_tools.NativeToolTests.test_original_udp_retry_is_not_a_new_first_tx_after_can) ... ok
test_other_channel_cannot_discard_shared_builder_inflight_plan (test_native_tools.NativeToolTests.test_other_channel_cannot_discard_shared_builder_inflight_plan) ... ok
test_owned_udp_cancel_allowed_after_expiry_or_failed_close (test_native_tools.NativeToolTests.test_owned_udp_cancel_allowed_after_expiry_or_failed_close) ... ok
test_reentry_and_other_thread_cannot_get_delegated_tool_authority (test_native_tools.NativeToolTests.test_reentry_and_other_thread_cannot_get_delegated_tool_authority) ... ok
test_source_and_dispatcher_busy_do_not_allocate_or_send (test_native_tools.NativeToolTests.test_source_and_dispatcher_busy_do_not_allocate_or_send) ... ok
test_unregistered_or_forged_original_instances_and_plans_reject (test_native_tools.NativeToolTests.test_unregistered_or_forged_original_instances_and_plans_reject) ... ok

----------------------------------------------------------------------
Ran 27 tests in 32.892s

OK


& './runtime/icd-venv/Scripts/python.exe' -X utf8 -m unittest discover -s tests/icd_gateway -p test_can_signal.py -v
WARNING: No libpcap provider available ! pcap won't be used
test_actual_corrupt_native_frame_kept_and_not_applied (test_can_signal.CANSignalTests.test_actual_corrupt_native_frame_kept_and_not_applied) ... ok
test_actual_original_can_group_and_immutable_attempts (test_can_signal.CANSignalTests.test_actual_original_can_group_and_immutable_attempts) ... ok
test_all_eleven_inputs_all_models_original_full_groups (test_can_signal.CANSignalTests.test_all_eleven_inputs_all_models_original_full_groups) ... ok
test_all_four_formal_can_channels_map_original_library_groups (test_can_signal.CANSignalTests.test_all_four_formal_can_channels_map_original_library_groups) ... ok
test_attached_dispatcher_prevents_send_close_and_bypass (test_can_signal.CANSignalTests.test_attached_dispatcher_prevents_send_close_and_bypass) ... ok
test_bus_failure_keeps_original_attempt_and_does_not_retry (test_can_signal.CANSignalTests.test_bus_failure_keeps_original_attempt_and_does_not_retry) ... ok
test_cached_heartbeat_renews_at_acceptance_not_later_delivery (test_can_signal.CANSignalTests.test_cached_heartbeat_renews_at_acceptance_not_later_delivery) ... ok
test_capacity_checked_for_whole_group_before_first_tx (test_can_signal.CANSignalTests.test_capacity_checked_for_whole_group_before_first_tx) ... ok
test_close_failure_retries_same_actual_bus (test_can_signal.CANSignalTests.test_close_failure_retries_same_actual_bus) ... ok
test_close_retry_stops_original_periodic_task_after_shutdown_flag_set (test_can_signal.CANSignalTests.test_close_retry_stops_original_periodic_task_after_shutdown_flag_set) ... ok
test_current_role_capability_and_released_token_checked_before_tx (test_can_signal.CANSignalTests.test_current_role_capability_and_released_token_checked_before_tx) ... ok
test_discarded_actual_pending_plan_can_retire_without_forged_identity (test_can_signal.CANSignalTests.test_discarded_actual_pending_plan_can_retire_without_forged_identity) ... ok
test_drain_preserves_complete_tx_context_and_counter_order (test_can_signal.CANSignalTests.test_drain_preserves_complete_tx_context_and_counter_order) ... ok
test_factory_revocation_keeps_opened_native_bus_owned_until_close (test_can_signal.CANSignalTests.test_factory_revocation_keeps_opened_native_bus_owned_until_close) ... ok
test_fresh_actual_heartbeat_status_renews_from_original_tx_only (test_can_signal.CANSignalTests.test_fresh_actual_heartbeat_status_renews_from_original_tx_only) ... ok
test_full_tx_pool_requires_reserved_failure_slot_before_send (test_can_signal.CANSignalTests.test_full_tx_pool_requires_reserved_failure_slot_before_send) ... ok
test_heartbeat_transaction_cannot_be_reused_after_retirement (test_can_signal.CANSignalTests.test_heartbeat_transaction_cannot_be_reused_after_retirement) ... ok
test_held_session_operation_blocks_other_thread_send_and_close (test_can_signal.CANSignalTests.test_held_session_operation_blocks_other_thread_send_and_close) ... ok
test_invalid_native_metadata_keeps_original_received_wire_bytes (test_can_signal.CANSignalTests.test_invalid_native_metadata_keeps_original_received_wire_bytes) ... ok
test_local_close_preserves_records_reservation_without_remote_safety (test_can_signal.CANSignalTests.test_local_close_preserves_records_reservation_without_remote_safety) ... ok
test_local_retire_frees_capacity_not_wire_authorization_or_reservation (test_can_signal.CANSignalTests.test_local_retire_frees_capacity_not_wire_authorization_or_reservation) ... ok
test_missing_socketcan_default_never_falls_back (test_can_signal.CANSignalTests.test_missing_socketcan_default_never_falls_back) ... ok
test_native_feedback_for_other_pending_group_is_retained_not_lost (test_can_signal.CANSignalTests.test_native_feedback_for_other_pending_group_is_retained_not_lost) ... ok
test_native_receive_failure_retains_bounded_original_request_evidence (test_can_signal.CANSignalTests.test_native_receive_failure_retains_bounded_original_request_evidence) ... ok
test_native_socketcan_close_retry_keeps_original_bcm_and_raw_cleanup (test_can_signal.CANSignalTests.test_native_socketcan_close_retry_keeps_original_bcm_and_raw_cleanup) ... socket.CMSG_SPACE not available on this platform
ok
test_non_none_backend_return_records_unknown_result_and_fails (test_can_signal.CANSignalTests.test_non_none_backend_return_records_unknown_result_and_fails) ... ok
test_one_native_feedback_owner_per_reservation_and_actual_bus (test_can_signal.CANSignalTests.test_one_native_feedback_owner_per_reservation_and_actual_bus) ... ok
test_original_role_revocation_after_native_tx_retains_actual_attempt (test_can_signal.CANSignalTests.test_original_role_revocation_after_native_tx_retains_actual_attempt) ... ok
test_partial_group_expiry_before_next_frame_records_group_failure (test_can_signal.CANSignalTests.test_partial_group_expiry_before_next_frame_records_group_failure) ... ok
test_post_tx_expiry_retains_actual_queued_frame (test_can_signal.CANSignalTests.test_post_tx_expiry_retains_actual_queued_frame) ... ok
test_receive_delay_expiry_does_not_allocate_half_group (test_can_signal.CANSignalTests.test_receive_delay_expiry_does_not_allocate_half_group) ... ok
test_released_reservation_does_not_free_still_open_native_backend (test_can_signal.CANSignalTests.test_released_reservation_does_not_free_still_open_native_backend) ... ok
test_replacement_builder_does_not_reset_session_can_transmit_sequence_floor (test_can_signal.CANSignalTests.test_replacement_builder_does_not_reset_session_can_transmit_sequence_floor) ... ok
test_replacement_builder_preserves_session_heartbeat_transaction_history (test_can_signal.CANSignalTests.test_replacement_builder_preserves_session_heartbeat_transaction_history) ... ok
test_rx_timeout_and_expired_lease_do_not_create_applied (test_can_signal.CANSignalTests.test_rx_timeout_and_expired_lease_do_not_create_applied) ... ok
test_second_sender_cannot_replay_attempt_after_success_or_partial_failure (test_can_signal.CANSignalTests.test_second_sender_cannot_replay_attempt_after_success_or_partial_failure) ... ok
test_sender_replacement_after_close_keeps_shared_attempt_history (test_can_signal.CANSignalTests.test_sender_replacement_after_close_keeps_shared_attempt_history) ... ok
test_signed_zero_original_can_bytes_not_normalized (test_can_signal.CANSignalTests.test_signed_zero_original_can_bytes_not_normalized) ... ok
test_standard_can_feedback_matches_actual_full_tx_and_global_highwater (test_can_signal.CANSignalTests.test_standard_can_feedback_matches_actual_full_tx_and_global_highwater) ... ok
test_strict_limits_timeouts_and_original_binding (test_can_signal.CANSignalTests.test_strict_limits_timeouts_and_original_binding) ... ok
test_untransmitted_or_forged_plan_cannot_read_or_send (test_can_signal.CANSignalTests.test_untransmitted_or_forged_plan_cannot_read_or_send) ... ok

----------------------------------------------------------------------
Ran 41 tests in 29.599s

OK


& './runtime/icd-venv/Scripts/python.exe' -X utf8 -m unittest discover -s tests/icd_gateway -p test_scenario_evidence_recorder.py -v
WARNING: No libpcap provider available ! pcap won't be used
test_action_owner_busy_or_replaced_fails_without_worker_or_reclaim (test_scenario_evidence_recorder.ScenarioRecorderTests.test_action_owner_busy_or_replaced_fails_without_worker_or_reclaim) ... ok
test_actions_continue_after_verified_segment_and_plan_saved_once (test_scenario_evidence_recorder.ScenarioRecorderTests.test_actions_continue_after_verified_segment_and_plan_saved_once) ... ok
test_actual_controller_records_and_named_cleanup_are_saved_not_qualified (test_scenario_evidence_recorder.ScenarioRecorderTests.test_actual_controller_records_and_named_cleanup_are_saved_not_qualified) ... ok
test_closed_run_record_fields_handles_and_bytes_are_lossless (test_scenario_evidence_recorder.ScenarioRecorderTests.test_closed_run_record_fields_handles_and_bytes_are_lossless) ... ok
test_count_and_byte_limits_do_not_reclaim_or_allocate_worker (test_scenario_evidence_recorder.ScenarioRecorderTests.test_count_and_byte_limits_do_not_reclaim_or_allocate_worker) ... ok
test_equal_action_record_replacement_refuses_all_stream_commit (test_scenario_evidence_recorder.ScenarioRecorderTests.test_equal_action_record_replacement_refuses_all_stream_commit) ... ok
test_persisted_plan_keeps_exact_original_identity_and_resource_bytes (test_scenario_evidence_recorder.ScenarioRecorderTests.test_persisted_plan_keeps_exact_original_identity_and_resource_bytes) ... ok
test_replaced_plan_is_rejected_before_action_allocation_or_tx (test_scenario_evidence_recorder.ScenarioRecorderTests.test_replaced_plan_is_rejected_before_action_allocation_or_tx) ... ok
test_required_original_scenario_recording_entry (test_scenario_evidence_recorder.ScenarioRecorderTests.test_required_original_scenario_recording_entry) ... ok
test_required_plan_and_event_identifiers_cannot_be_null (test_scenario_evidence_recorder.ScenarioRecorderTests.test_required_plan_and_event_identifiers_cannot_be_null) ... ok
test_saved_history_cannot_be_replaced_before_next_segment (test_scenario_evidence_recorder.ScenarioRecorderTests.test_saved_history_cannot_be_replaced_before_next_segment) ... ok
test_scenario_rows_cannot_be_downgraded_to_native_only_format (test_scenario_evidence_recorder.ScenarioRecorderTests.test_scenario_rows_cannot_be_downgraded_to_native_only_format) ... ok
test_unconsumed_eth_terminal_feedback_keeps_same_job_until_action_poll (test_scenario_evidence_recorder.ScenarioRecorderTests.test_unconsumed_eth_terminal_feedback_keeps_same_job_until_action_poll) ... ok

----------------------------------------------------------------------
Ran 13 tests in 24.499s

OK


& './runtime/icd-venv/Scripts/python.exe' -X utf8 -m unittest discover -s tests/icd_gateway -p test_native_evidence_recorder.py -v
WARNING: No libpcap provider available ! pcap won't be used
test_actual_scapy_two_segments_reclaim_l2_bytes_and_readback_close (test_native_evidence_recorder.NativeRecorderTests.test_actual_scapy_two_segments_reclaim_l2_bytes_and_readback_close) ... ok
test_all_five_actual_streams_share_original_can_scapy_actions_and_persistent_readback (test_native_evidence_recorder.NativeRecorderTests.test_all_five_actual_streams_share_original_can_scapy_actions_and_persistent_readback) ... ok
test_all_native_locks_reject_flush_without_allocating_worker (test_native_evidence_recorder.NativeRecorderTests.test_all_native_locks_reject_flush_without_allocating_worker) ... ok
test_all_native_side_drains_are_blocked_but_send_is_not (test_native_evidence_recorder.NativeRecorderTests.test_all_native_side_drains_are_blocked_but_send_is_not) ... ok
test_four_sender_prefixes_remain_valid_when_first_channel_appends (test_native_evidence_recorder.NativeRecorderTests.test_four_sender_prefixes_remain_valid_when_first_channel_appends) ... ok
test_native_accounting_failure_reclaims_no_other_stream (test_native_evidence_recorder.NativeRecorderTests.test_native_accounting_failure_reclaims_no_other_stream) ... ok
test_native_backend_close_does_not_lose_final_records (test_native_evidence_recorder.NativeRecorderTests.test_native_backend_close_does_not_lose_final_records) ... ok
test_native_sending_continues_while_real_writer_is_busy_and_prefix_only_reclaimed (test_native_evidence_recorder.NativeRecorderTests.test_native_sending_continues_while_real_writer_is_busy_and_prefix_only_reclaimed) ... ok
test_recording_cannot_adopt_replaced_sender_binding_before_tx (test_native_evidence_recorder.NativeRecorderTests.test_recording_cannot_adopt_replaced_sender_binding_before_tx) ... ok
test_required_native_continuous_recorder (test_native_evidence_recorder.NativeRecorderTests.test_required_native_continuous_recorder) ... ok
test_scapy_prefix_accounting_failure_retains_source_and_l2 (test_native_evidence_recorder.NativeRecorderTests.test_scapy_prefix_accounting_failure_retains_source_and_l2) ... ok
test_writer_failure_retains_native_bytes_and_unpersisted_counts (test_native_evidence_recorder.NativeRecorderTests.test_writer_failure_retains_native_bytes_and_unpersisted_counts) ... ok

----------------------------------------------------------------------
Ran 12 tests in 25.623s

OK


& './runtime/icd-venv/Scripts/python.exe' -X utf8 -m unittest discover -s tests/icd_gateway -p test_native_evidence_archive.py -v
WARNING: No libpcap provider available ! pcap won't be used
test_actual_can_records_and_original_source_roundtrip_without_drain (test_native_evidence_archive.NativeArchiveTests.test_actual_can_records_and_original_source_roundtrip_without_drain) ... ok
test_actual_closed_original_owners_can_still_be_archived (test_native_evidence_archive.NativeArchiveTests.test_actual_closed_original_owners_can_still_be_archived) ... ok
test_actual_scapy_opening_l2_records_are_not_dropped (test_native_evidence_archive.NativeArchiveTests.test_actual_scapy_opening_l2_records_are_not_dropped) ... ok
test_all_four_actual_can_senders_keep_their_original_channels (test_native_evidence_archive.NativeArchiveTests.test_all_four_actual_can_senders_keep_their_original_channels) ... ok
test_can_timestamp_negative_zero_and_nan_bits_are_retained_exactly (test_native_evidence_archive.NativeArchiveTests.test_can_timestamp_negative_zero_and_nan_bits_are_retained_exactly) ... ok
test_closed_native_field_domains_and_original_integer_metadata (test_native_evidence_archive.NativeArchiveTests.test_closed_native_field_domains_and_original_integer_metadata) ... ok
test_exact_native_count_and_complete_byte_bounds (test_native_evidence_archive.NativeArchiveTests.test_exact_native_count_and_complete_byte_bounds) ... ok
test_native_snapshot_locks_and_wrong_owner_fail_without_reclaim (test_native_evidence_archive.NativeArchiveTests.test_native_snapshot_locks_and_wrong_owner_fail_without_reclaim) ... ok
test_old_format_cannot_claim_native_rows_and_tampered_flags_fail (test_native_evidence_archive.NativeArchiveTests.test_old_format_cannot_claim_native_rows_and_tampered_flags_fail) ... ok
test_replaced_native_sender_list_cannot_drop_original_records (test_native_evidence_archive.NativeArchiveTests.test_replaced_native_sender_list_cannot_drop_original_records) ... ok
test_required_native_archive_api_exists (test_native_evidence_archive.NativeArchiveTests.test_required_native_archive_api_exists) ... ok

----------------------------------------------------------------------
Ran 11 tests in 17.198s

OK


& './runtime/icd-venv/Scripts/python.exe' -X utf8 -m unittest discover -s tests/icd_runtime -p 'test_*.py' -v
test_mutated_fixtures_cannot_pass_by_rewriting_local_manifest (test_cli.CLITests.test_mutated_fixtures_cannot_pass_by_rewriting_local_manifest) ... ok
test_no_platform_specific_behavior_or_qa_imports (test_cli.CLITests.test_no_platform_specific_behavior_or_qa_imports) ... ok
test_offline_common_cli_checks_all_goldens_and_no_runtime_claim (test_cli.CLITests.test_offline_common_cli_checks_all_goldens_and_no_runtime_claim) ... ok
test_wrong_pinned_baseline_exits_nonzero (test_cli.CLITests.test_wrong_pinned_baseline_exits_nonzero) ... ok
test_runtime_is_a_real_separate_package (test_contract_payload.AvailabilityTest.test_runtime_is_a_real_separate_package) ... ok
test_baseline_and_all_59_fixtures_without_mutation (test_contract_payload.ContractPayloadTests.test_baseline_and_all_59_fixtures_without_mutation) ... ok
test_date_time_fields_reject_invalid_calendar_values (test_contract_payload.ContractPayloadTests.test_date_time_fields_reject_invalid_calendar_values) ... ok
test_each_frozen_component_tamper_is_rejected (test_contract_payload.ContractPayloadTests.test_each_frozen_component_tamper_is_rejected) ... ok
test_external_expected_hash_is_mandatory_and_not_trusted_from_file (test_contract_payload.ContractPayloadTests.test_external_expected_hash_is_mandatory_and_not_trusted_from_file) ... ok
test_ieee754_exact_large_numbers_are_not_uint64_fields (test_contract_payload.ContractPayloadTests.test_ieee754_exact_large_numbers_are_not_uint64_fields) ... ok
test_missing_unknown_types_arrays_and_nonfinite_rejected (test_contract_payload.ContractPayloadTests.test_missing_unknown_types_arrays_and_nonfinite_rejected) ... ok
test_packed_layout_offsets_boolean_and_enum_codes (test_contract_payload.ContractPayloadTests.test_packed_layout_offsets_boolean_and_enum_codes) ... ok
test_session_open_and_nonzero_session_header_rules (test_contract_payload.ContractPayloadTests.test_session_open_and_nonzero_session_header_rules) ... ok
test_strict_json_rejects_ambiguous_and_noncanonical_input (test_contract_payload.ContractPayloadTests.test_strict_json_rejects_ambiguous_and_noncanonical_input) ... ok
test_uint64_string_overflow_is_rejected (test_contract_payload.ContractPayloadTests.test_uint64_string_overflow_is_rejected) ... ok
test_unknown_id_direction_and_wrong_model_rejected (test_contract_payload.ContractPayloadTests.test_unknown_id_direction_and_wrong_model_rejected) ... ok
test_bounded_common_reassembly_exists (test_reassembly.ReassemblyAvailabilityTests.test_bounded_common_reassembly_exists) ... ok
test_64_slots_per_channel_no_eviction (test_reassembly.ReassemblyTests.test_64_slots_per_channel_no_eviction) ... ok
test_all_transports_reassemble_in_reverse_order (test_reassembly.ReassemblyTests.test_all_transports_reassemble_in_reverse_order) ... ok
test_can_timeout_is_20ms (test_reassembly.ReassemblyTests.test_can_timeout_is_20ms) ... ok
test_channel_half_groups_cannot_be_spliced (test_reassembly.ReassemblyTests.test_channel_half_groups_cannot_be_spliced) ... ok
test_clock_cannot_go_backwards_and_terminal_entries_expire (test_reassembly.ReassemblyTests.test_clock_cannot_go_backwards_and_terminal_entries_expire) ... ok
test_completed_retransmission_cannot_emit_second_completion (test_reassembly.ReassemblyTests.test_completed_retransmission_cannot_emit_second_completion) ... ok
test_conflict_invalidates_whole_group_and_blocks_restart (test_reassembly.ReassemblyTests.test_conflict_invalidates_whole_group_and_blocks_restart) ... ok
test_decoded_fragment_metadata_cannot_bypass_reservation_limits (test_reassembly.ReassemblyTests.test_decoded_fragment_metadata_cannot_bypass_reservation_limits) ... ok
test_explicit_session_dedup_owner_can_reassemble_complete_retries (test_reassembly.ReassemblyTests.test_explicit_session_dedup_owner_can_reassemble_complete_retries) ... ok
test_global_8mib_reservation_is_enforced (test_reassembly.ReassemblyTests.test_global_8mib_reservation_is_enforced) ... ok
test_header_inconsistency_invalidates_group (test_reassembly.ReassemblyTests.test_header_inconsistency_invalidates_group) ... ok
test_identical_duplicate_never_extends_fixed_deadline (test_reassembly.ReassemblyTests.test_identical_duplicate_never_extends_fixed_deadline) ... ok
test_pre_session_namespace_cannot_partition_established_business (test_reassembly.ReassemblyTests.test_pre_session_namespace_cannot_partition_established_business) ... ok
test_pre_session_namespaces_share_channel_capacity (test_reassembly.ReassemblyTests.test_pre_session_namespaces_share_channel_capacity) ... ok
test_reassembled_invalid_payload_is_rejected_not_returned (test_reassembly.ReassemblyTests.test_reassembled_invalid_payload_is_rejected_not_returned) ... ok
test_session_discard_frees_only_its_groups_and_terminal_entries (test_reassembly.ReassemblyTests.test_session_discard_frees_only_its_groups_and_terminal_entries) ... ok
test_terminal_cache_overflow_evicts_oldest_at_8192_entries (test_reassembly.ReassemblyTests.test_terminal_cache_overflow_evicts_oldest_at_8192_entries) ... ok
test_unauthorized_direction_or_channel_never_allocates (test_reassembly.ReassemblyTests.test_unauthorized_direction_or_channel_never_allocates) ... ok
test_unknown_channel_and_wrong_medium_never_allocate (test_reassembly.ReassemblyTests.test_unknown_channel_and_wrong_medium_never_allocate) ... ok
test_video_complete_frame_hash_and_four_frame_capacity (test_reassembly.ReassemblyTests.test_video_complete_frame_hash_and_four_frame_capacity) ... ok
test_all_45_input_stimuli_and_model_gate (test_source_contract.SourceContractTests.test_all_45_input_stimuli_and_model_gate) ... ok
test_all_ten_event_branches_use_frozen_closed_definitions (test_source_contract.SourceContractTests.test_all_ten_event_branches_use_frozen_closed_definitions) ... ok
test_complete_source_structure_is_unchanged (test_source_contract.SourceContractTests.test_complete_source_structure_is_unchanged) ... ok
test_component_hashes_are_actual_read_only_copies (test_source_contract.SourceContractTests.test_component_hashes_are_actual_read_only_copies) ... ok
test_decimal_time_cannot_use_trailing_newline_to_bypass_range (test_source_contract.SourceContractTests.test_decimal_time_cannot_use_trailing_newline_to_bypass_range) ... ok
test_decimal_uint64_limit_is_preserved_for_replay (test_source_contract.SourceContractTests.test_decimal_uint64_limit_is_preserved_for_replay) ... ok
test_definition_names_are_a_closed_allowlist (test_source_contract.SourceContractTests.test_definition_names_are_a_closed_allowlist) ... ok
test_each_source_required_field_and_unknown_key_are_rejected (test_source_contract.SourceContractTests.test_each_source_required_field_and_unknown_key_are_rejected) ... ok
test_source_validation_entry_points_exist (test_source_contract.SourceContractTests.test_source_validation_entry_points_exist) ... ok
test_stimulus_cannot_include_session_header_or_feedback (test_source_contract.SourceContractTests.test_stimulus_cannot_include_session_header_or_feedback) ... ok
test_common_video_framing_exists (test_video.VideoAvailabilityTests.test_common_video_framing_exists) ... ok
test_h264_h265_fragment_shapes_and_capacity (test_video.VideoTests.test_h264_h265_fragment_shapes_and_capacity) ... ok
test_invalid_raw_size_codec_header_and_empty_data (test_video.VideoTests.test_invalid_raw_size_codec_header_and_empty_data) ... ok
test_raw_800_fragments_and_all_existing_video_goldens (test_video.VideoTests.test_raw_800_fragments_and_all_existing_video_goldens) ... ok
test_reject_crc_version_flags_reserved_and_fragment_length (test_video.VideoTests.test_reject_crc_version_flags_reserved_and_fragment_length) ... ok
test_wire_codec_exists (test_wire.WireAvailabilityTests.test_wire_codec_exists) ... ok
test_all_business_golden_fragments_byte_exact (test_wire.WireTests.test_all_business_golden_fragments_byte_exact) ... ok
test_can_transport_attributes_and_padding_rejected (test_wire.WireTests.test_can_transport_attributes_and_padding_rejected) ... ok
test_crc_and_truncation_rejected (test_wire.WireTests.test_crc_and_truncation_rejected) ... ok
test_crc_reference_check_values (test_wire.WireTests.test_crc_reference_check_values) ... ok
test_decode_every_logical_message_fragment (test_wire.WireTests.test_decode_every_logical_message_fragment) ... ok
test_integral_json_header_numbers_encode_without_struct_errors (test_wire.WireTests.test_integral_json_header_numbers_encode_without_struct_errors) ... ok
test_json_cannot_be_sent_over_can_and_no_unknown_transport (test_wire.WireTests.test_json_cannot_be_sent_over_can_and_no_unknown_transport) ... ok
test_udp_65536_byte_capacity_requires_a_576_byte_final_chunk (test_wire.WireTests.test_udp_65536_byte_capacity_requires_a_576_byte_final_chunk) ... ok
test_udp_fragment_indexes_counts_and_payload_lengths (test_wire.WireTests.test_udp_fragment_indexes_counts_and_payload_lengths) ... ok
test_udp_magic_version_flags_reserved_and_ids (test_wire.WireTests.test_udp_magic_version_flags_reserved_and_ids) ... ok
test_wire_headers_checked_before_payload_reassembly (test_wire.WireTests.test_wire_headers_checked_before_payload_reassembly) ... ok
test_every_formal_fragment_retains_payload_layout (test_wire_rewrite.RewriteTests.test_every_formal_fragment_retains_payload_layout) ... ok
test_invalid_original_or_header_never_rewritten (test_wire_rewrite.RewriteTests.test_invalid_original_or_header_never_rewritten) ... ok
test_rewrite_exists (test_wire_rewrite.RewriteTests.test_rewrite_exists) ... ok

----------------------------------------------------------------------
Ran 67 tests in 27.719s

OK


& './runtime/icd-venv/Scripts/python.exe' -X utf8 -m unittest discover -s tests -p test_development_backlog.py -v
test_all_41_plan_items_have_common_and_linux_ownership (test_development_backlog.BacklogTests.test_all_41_plan_items_have_common_and_linux_ownership) ... ok
test_removed_or_duplicated_plan_item_cannot_pass_coverage (test_development_backlog.BacklogTests.test_removed_or_duplicated_plan_item_cannot_pass_coverage) ... ok
test_stage_closeout_is_append_only_and_linux_completion_requires_evidence (test_development_backlog.BacklogTests.test_stage_closeout_is_append_only_and_linux_completion_requires_evidence) ... ok

----------------------------------------------------------------------
Ran 3 tests in 0.012s

OK


& './runtime/icd-venv/Scripts/python.exe' -X utf8 -m unittest discover -s tests -p test_contract_single_file.py -v
test_all_field_rows_and_management_definitions_present (test_contract_single_file.SingleFileContractTests.test_all_field_rows_and_management_definitions_present) ... ok
test_all_original_artifacts_are_embedded_byte_exact (test_contract_single_file.SingleFileContractTests.test_all_original_artifacts_are_embedded_byte_exact) ... ok
test_all_schema_references_resolve_inside_document (test_contract_single_file.SingleFileContractTests.test_all_schema_references_resolve_inside_document) ... ok
test_missing_or_corrupt_snapshot_fails_verification (test_contract_single_file.SingleFileContractTests.test_missing_or_corrupt_snapshot_fails_verification) ... ok

----------------------------------------------------------------------
Ran 4 tests in 0.182s

OK


& './runtime/icd-venv/Scripts/python.exe' -X utf8 -m unittest discover -s tests -p test_static_contract.py -v
test_acceptance_directory_name_and_result_are_git_traceable (test_static_contract.RuntimeContractStaticTests.test_acceptance_directory_name_and_result_are_git_traceable) ... ok
test_acceptance_refuses_wrong_target_or_unconfirmed_lifecycle_event (test_static_contract.RuntimeContractStaticTests.test_acceptance_refuses_wrong_target_or_unconfirmed_lifecycle_event) ... ok
test_acceptance_submits_complete_task_4_mission_schema (test_static_contract.RuntimeContractStaticTests.test_acceptance_submits_complete_task_4_mission_schema) ... ok
test_actuator_commands_use_contract_bound_generic_setter (test_static_contract.RuntimeContractStaticTests.test_actuator_commands_use_contract_bound_generic_setter) ... ok
test_adapter_requires_explicit_ned_contract_not_aliases (test_static_contract.RuntimeContractStaticTests.test_adapter_requires_explicit_ned_contract_not_aliases) ... ok
test_bridge_does_not_fabricate_default_mission_or_nonfinite_values (test_static_contract.RuntimeContractStaticTests.test_bridge_does_not_fabricate_default_mission_or_nonfinite_values) ... ok
test_build_request_is_controlled_and_auditable (test_static_contract.RuntimeContractStaticTests.test_build_request_is_controlled_and_auditable) ... ok
test_build_validates_generated_abi_and_emits_no_defaults (test_static_contract.RuntimeContractStaticTests.test_build_validates_generated_abi_and_emits_no_defaults) ... ok
test_core_enables_realtime_scheduler_and_memory_lock (test_static_contract.RuntimeContractStaticTests.test_core_enables_realtime_scheduler_and_memory_lock) ... ok
test_core_has_fixed_state_receipts_and_lifecycle (test_static_contract.RuntimeContractStaticTests.test_core_has_fixed_state_receipts_and_lifecycle) ... ok
test_core_reserves_capacity_for_50_route_points_plus_landing (test_static_contract.RuntimeContractStaticTests.test_core_reserves_capacity_for_50_route_points_plus_landing) ... ok
test_mission_controller_is_independent_of_generated_model_globals (test_static_contract.RuntimeContractStaticTests.test_mission_controller_is_independent_of_generated_model_globals) ... ok
test_no_model_registry_or_hot_reload_implementation (test_static_contract.RuntimeContractStaticTests.test_no_model_registry_or_hot_reload_implementation) ... ok
test_one_command_ubuntu_acceptance_runner_exists (test_static_contract.RuntimeContractStaticTests.test_one_command_ubuntu_acceptance_runner_exists) ... ok
test_production_deploy_uses_systemd_and_health_gate (test_static_contract.RuntimeContractStaticTests.test_production_deploy_uses_systemd_and_health_gate) ... ok
test_python_only_location_of_ned_to_ue4_conversion (test_static_contract.RuntimeContractStaticTests.test_python_only_location_of_ned_to_ue4_conversion) ... ok
test_runtime_ends_once_when_controller_reports_landed (test_static_contract.RuntimeContractStaticTests.test_runtime_ends_once_when_controller_reports_landed) ... ok
test_target_toolchain_and_python_dependencies_are_pinned (test_static_contract.RuntimeContractStaticTests.test_target_toolchain_and_python_dependencies_are_pinned) ... ok
test_ue4_acceptance_contract_excludes_internal_acceleration_and_rate (test_static_contract.RuntimeContractStaticTests.test_ue4_acceptance_contract_excludes_internal_acceleration_and_rate) ... ok
test_v3_fixed_wing_uses_protocol_defined_tcp_roles (test_static_contract.RuntimeContractStaticTests.test_v3_fixed_wing_uses_protocol_defined_tcp_roles) ... ok

----------------------------------------------------------------------
Ran 20 tests in 0.065s

OK


& './runtime/icd-venv/Scripts/python.exe' -X utf8 -m unittest discover -s tests -p test_quadrotor_model_contract.py -v
test_acceptance_fixture_uses_internal_acceleration_contract (test_quadrotor_model_contract.QuadrotorModelContractTests.test_acceptance_fixture_uses_internal_acceleration_contract) ... ok
test_builder_rejects_missing_generated_parameter_and_confines_artifacts (test_quadrotor_model_contract.QuadrotorModelContractTests.test_builder_rejects_missing_generated_parameter_and_confines_artifacts) ... ok
test_contract_declares_all_generated_tunable_abi (test_quadrotor_model_contract.QuadrotorModelContractTests.test_contract_declares_all_generated_tunable_abi) ... ok
test_contract_declares_motor_mode_internal_rate_and_state_mapping (test_quadrotor_model_contract.QuadrotorModelContractTests.test_contract_declares_motor_mode_internal_rate_and_state_mapping) ... ok
test_environment_defaults_reach_generated_external_inputs_and_takeoff (test_quadrotor_model_contract.QuadrotorModelContractTests.test_environment_defaults_reach_generated_external_inputs_and_takeoff) ... ok
test_generator_is_fixed_step_exported_global_four_rotor_plant (test_quadrotor_model_contract.QuadrotorModelContractTests.test_generator_is_fixed_step_exported_global_four_rotor_plant) ... ok
test_matlab_validators_require_internal_acceleration_contract (test_quadrotor_model_contract.QuadrotorModelContractTests.test_matlab_validators_require_internal_acceleration_contract) ... ok

----------------------------------------------------------------------
Ran 7 tests in 0.009s

OK


& './runtime/icd-venv/Scripts/python.exe' -X utf8 -m unittest discover -s tests -p test_parameter_registry_static.py -v
test_analysis_emits_review_only_candidate_report (test_parameter_registry_static.ParameterRegistryStaticTests.test_analysis_emits_review_only_candidate_report) ... ok
test_runtime_query_returns_contract_metadata_and_current_value (test_parameter_registry_static.ParameterRegistryStaticTests.test_runtime_query_returns_contract_metadata_and_current_value) ... ok

----------------------------------------------------------------------
Ran 2 tests in 0.001s

OK


& './runtime/icd-venv/Scripts/python.exe' -X utf8 -m unittest discover -s tests -p test_generic_contract_templates.py -v
test_build_emits_surface_values_only_from_explicit_v3_mapping (test_generic_contract_templates.GenericContractTemplateTests.test_build_emits_surface_values_only_from_explicit_v3_mapping) ... ok
test_declares_v3_n_motor_and_fixed_wing_template_paths (test_generic_contract_templates.GenericContractTemplateTests.test_declares_v3_n_motor_and_fixed_wing_template_paths) ... ok
test_fixed_wing_cannot_select_quadrotor_demo_controller (test_generic_contract_templates.GenericContractTemplateTests.test_fixed_wing_cannot_select_quadrotor_demo_controller) ... ok
test_fixed_wing_template_declares_v3_phase_thresholds_without_fake_surfaces (test_generic_contract_templates.GenericContractTemplateTests.test_fixed_wing_template_declares_v3_phase_thresholds_without_fake_surfaces) ... ok
test_template_covers_sensor_rates_faults_and_complex_parameters (test_generic_contract_templates.GenericContractTemplateTests.test_template_covers_sensor_rates_faults_and_complex_parameters) ... ok

----------------------------------------------------------------------
Ran 5 tests in 0.001s

OK


& './runtime/icd-venv/Scripts/python.exe' -X utf8 scripts/build_contract_single_file.py --check
{
  "status": "SINGLE_FILE_CONTENT_VERIFIED",
  "embedded_sources": 14,
  "resolved_schema_references": 663,
  "business_messages": 59,
  "management_commands": 25,
  "golden_vectors": 85,
  "physical_channels": 56,
  "model_bindings": 97,
  "runtime_hardware_replacement": "NOT_VERIFIED_BY_THIS_CONSOLIDATION"
}


& './runtime/icd-venv/Scripts/python.exe' -X utf8 -m pip check
No broken requirements found.


& './runtime/icd-venv/Scripts/python.exe' -X utf8 -m compileall -q input_simulator icd_gateway icd_runtime tests/icd_gateway tests/icd_runtime scripts/test_icd_runtime.py scripts/build_contract_single_file.py


& './runtime/icd-venv/Scripts/python.exe' -X utf8 -m icd_runtime --contract-dir docs/interfaces/baseline --expected-sha256 22163dc21526ceadd63260b3d5670404a1064c4301e52b2a80edcf41a4fe8a27
{
  "status": "OFFLINE_CODEC_PASS",
  "baseline_sha256": "22163dc21526ceadd63260b3d5670404a1064c4301e52b2a80edcf41a4fe8a27",
  "business_messages": 59,
  "business_transport_completions": 72,
  "golden_fragments": 85,
  "video_raw_fragments": 800,
  "pending_groups": 0,
  "reserved_payload_bytes": 0,
  "runtime_network_model_hardware_replacement": "NOT_EXECUTED"
}
