WARNING: No libpcap provider available ! pcap won't be used
test_actual_can_status_uses_the_same_original_reader_and_handler (test_scenario_assertions.ScenarioAssertionTests.test_actual_can_status_uses_the_same_original_reader_and_handler) ... ok
test_all_eight_operators_use_actual_status_values (test_scenario_assertions.ScenarioAssertionTests.test_all_eight_operators_use_actual_status_values) ... ok
test_all_twelve_frozen_status_fields_are_read_without_invented_values (test_scenario_assertions.ScenarioAssertionTests.test_all_twelve_frozen_status_fields_are_read_without_invented_values) ... ok
test_bool_and_string_fields_use_exact_received_types (test_scenario_assertions.ScenarioAssertionTests.test_bool_and_string_fields_use_exact_received_types) ... ok
test_capture_cannot_bypass_actual_source_operation_owner (test_scenario_assertions.ScenarioAssertionTests.test_capture_cannot_bypass_actual_source_operation_owner) ... ok
test_event_assert_and_foreign_action_keep_original_routing (test_scenario_assertions.ScenarioAssertionTests.test_event_assert_and_foreign_action_keep_original_routing) ... ok
test_exact_raw_sample_provenance_is_detached_and_immutable (test_scenario_assertions.ScenarioAssertionTests.test_exact_raw_sample_provenance_is_detached_and_immutable) ... ok
test_expired_unread_sample_cannot_count_toward_success (test_scenario_assertions.ScenarioAssertionTests.test_expired_unread_sample_cannot_count_toward_success) ... ok
test_field_and_expected_type_are_checked_at_preflight (test_scenario_assertions.ScenarioAssertionTests.test_field_and_expected_type_are_checked_at_preflight) ... ok
test_forged_compiled_plan_cannot_change_original_assertions (test_scenario_assertions.ScenarioAssertionTests.test_forged_compiled_plan_cannot_change_original_assertions) ... ok
test_forged_handle_and_action_and_duplicate_begin_are_rejected (test_scenario_assertions.ScenarioAssertionTests.test_forged_handle_and_action_and_duplicate_begin_are_rejected) ... ok
test_full_sample_history_rejects_new_handle_without_mutation (test_scenario_assertions.ScenarioAssertionTests.test_full_sample_history_rejects_new_handle_without_mutation) ... ok
test_half_open_deadline_does_not_catch_up_old_samples (test_scenario_assertions.ScenarioAssertionTests.test_half_open_deadline_does_not_catch_up_old_samples) ... ok
test_handler_capacity_limits_fail_before_new_handle (test_scenario_assertions.ScenarioAssertionTests.test_handler_capacity_limits_fail_before_new_handle) ... ok
test_invalid_handle_fields_fail_as_state_not_python_exception (test_scenario_assertions.ScenarioAssertionTests.test_invalid_handle_fields_fail_as_state_not_python_exception) ... ok
test_missing_model_reader_and_evidence_stage_fail_before_allocation (test_scenario_assertions.ScenarioAssertionTests.test_missing_model_reader_and_evidence_stage_fail_before_allocation) ... ok
test_old_status_and_repeated_poll_do_not_count (test_scenario_assertions.ScenarioAssertionTests.test_old_status_and_repeated_poll_do_not_count) ... ok
test_ordinary_assert_mismatch_fails_with_original_handle (test_scenario_assertions.ScenarioAssertionTests.test_ordinary_assert_mismatch_fails_with_original_handle) ... ok
test_original_runtime_boundary_delegates_to_real_assertion_handler (test_scenario_assertions.ScenarioAssertionTests.test_original_runtime_boundary_delegates_to_real_assertion_handler) ... ok
test_original_services_cannot_default_to_fake_success_without_reader (test_scenario_assertions.ScenarioAssertionTests.test_original_services_cannot_default_to_fake_success_without_reader) ... ok
test_pending_handler_fails_on_wrong_actual_model_step (test_scenario_assertions.ScenarioAssertionTests.test_pending_handler_fails_on_wrong_actual_model_step) ... ok
test_reader_does_not_send_allocate_drain_or_renew (test_scenario_assertions.ScenarioAssertionTests.test_reader_does_not_send_allocate_drain_or_renew) ... ok
test_reader_is_single_owner_and_close_retains_history (test_scenario_assertions.ScenarioAssertionTests.test_reader_is_single_owner_and_close_retains_history) ... ok
test_reader_overflow_retains_prefix_and_does_not_hide_transport_rx (test_scenario_assertions.ScenarioAssertionTests.test_reader_overflow_retains_prefix_and_does_not_hide_transport_rx) ... ok
test_source_and_reader_replacement_and_close_do_not_adopt_samples (test_scenario_assertions.ScenarioAssertionTests.test_source_and_reader_replacement_and_close_do_not_adopt_samples) ... ok
test_unpolled_intermediate_mismatch_breaks_consecutive_wait_samples (test_scenario_assertions.ScenarioAssertionTests.test_unpolled_intermediate_mismatch_breaks_consecutive_wait_samples) ... ok
test_unpublished_status_probe_is_rejected_from_actual_grant (test_scenario_assertions.ScenarioAssertionTests.test_unpublished_status_probe_is_rejected_from_actual_grant) ... ok
test_unread_samples_from_successive_steps_are_compared_in_order (test_scenario_assertions.ScenarioAssertionTests.test_unread_samples_from_successive_steps_are_compared_in_order) ... ok

----------------------------------------------------------------------
Ran 28 tests in 34.894s

OK
WARNING: No libpcap provider available ! pcap won't be used
test_all_97_registered_probe_bindings_cover_105_scalar_array_values (test_assertion.AssertionTests.test_all_97_registered_probe_bindings_cover_105_scalar_array_values) ... ok
test_all_eight_numeric_operators_use_frozen_mathematical_meanings (test_assertion.AssertionTests.test_all_eight_numeric_operators_use_frozen_mathematical_meanings) ... ok
test_all_scene_root_wait_assert_specs_compiled_and_bad_probe_path_rejected (test_assertion.AssertionTests.test_all_scene_root_wait_assert_specs_compiled_and_bad_probe_path_rejected) ... ok
test_assert_ordinary_mismatch_is_terminal_and_success_needs_all_samples (test_assertion.AssertionTests.test_assert_ordinary_mismatch_is_terminal_and_success_needs_all_samples) ... ok
test_bool_string_exact_type_and_no_order_or_tolerance (test_assertion.AssertionTests.test_bool_string_exact_type_and_no_order_or_tolerance) ... ok
test_bounded_records_preflight_and_drain_do_not_reset_highwater_or_state (test_assertion.AssertionTests.test_bounded_records_preflight_and_drain_do_not_reset_highwater_or_state) ... ok
test_deadline_observation_is_not_counted_or_recorded (test_assertion.AssertionTests.test_deadline_observation_is_not_counted_or_recorded) ... ok
test_duplicate_sequence_backward_step_and_poll_cannot_create_samples (test_assertion.AssertionTests.test_duplicate_sequence_backward_step_and_poll_cannot_create_samples) ... ok
test_eventually_and_wait_reset_consecutive_samples_and_do_not_freeze_model (test_assertion.AssertionTests.test_eventually_and_wait_reset_consecutive_samples_and_do_not_freeze_model) ... ok
test_frozen_probe_model_target_array_index_and_expected_type (test_assertion.AssertionTests.test_frozen_probe_model_target_array_index_and_expected_type) ... ok
test_half_open_timeout_empty_window_and_uint32_overflow (test_assertion.AssertionTests.test_half_open_timeout_empty_window_and_uint32_overflow) ... ok
test_numeric_observations_reject_bool_nonfinite_containers_and_strings (test_assertion.AssertionTests.test_numeric_observations_reject_bool_nonfinite_containers_and_strings) ... ok
test_original_observation_bytes_and_capacity_failure_preserve_state (test_assertion.AssertionTests.test_original_observation_bytes_and_capacity_failure_preserve_state) ... ok
test_spec_snapshot_is_detached_and_preserves_signed_zero (test_assertion.AssertionTests.test_spec_snapshot_is_detached_and_preserves_signed_zero) ... ok
test_strict_timing_count_constructor_and_observation_types (test_assertion.AssertionTests.test_strict_timing_count_constructor_and_observation_types) ... ok
test_window_rule_mode_and_deadline_cannot_be_reassigned (test_assertion.AssertionTests.test_window_rule_mode_and_deadline_cannot_be_reassigned) ... ok

----------------------------------------------------------------------
Ran 16 tests in 8.826s

OK
test_real_grant_header_feeds_replay_and_actual_resource_exchange (test_source_session.ActualResourceSessionTests.test_real_grant_header_feeds_replay_and_actual_resource_exchange) ... WARNING: No libpcap provider available ! pcap won't be used
ok
test_claim_blocks_manual_tx_and_feedback_read_after_construction (test_source_session.ActualSourceSessionTests.test_claim_blocks_manual_tx_and_feedback_read_after_construction) ... ok
test_opening_transaction_follows_prior_manual_transport_use (test_source_session.ActualSourceSessionTests.test_opening_transaction_follows_prior_manual_transport_use) ... ok
test_real_receiver_grant_used_and_missing_capability_stops_before_tx (test_source_session.ActualSourceSessionTests.test_real_receiver_grant_used_and_missing_capability_stops_before_tx) ... ok
test_real_receiver_rejects_wrong_identity_without_local_grant (test_source_session.ActualSourceSessionTests.test_real_receiver_rejects_wrong_identity_without_local_grant) ... ok
test_real_transport_rejects_new_manager_and_delayed_old_grant (test_source_session.ActualSourceSessionTests.test_real_transport_rejects_new_manager_and_delayed_old_grant) ... ok
test_clock_status_nonce_and_request_type_are_correlated (test_source_session.FeedbackCorrelationTests.test_clock_status_nonce_and_request_type_are_correlated) ... ok
test_status_is_only_a_heartbeat_response (test_source_session.FeedbackCorrelationTests.test_status_is_only_a_heartbeat_response) ... ok
test_unrelated_status_clock_feedback_is_not_an_ack (test_source_session.FeedbackCorrelationTests.test_unrelated_status_clock_feedback_is_not_an_ack) ... ok
test_backward_or_bool_source_mono_is_rejected_without_send (test_source_session.SourceSessionTests.test_backward_or_bool_source_mono_is_rejected_without_send) ... ok
test_bad_target_and_counter_wrap_reject (test_source_session.SourceSessionTests.test_bad_target_and_counter_wrap_reject) ... ok
test_clock_failure_after_reply_keeps_untrusted_exchange_record (test_source_session.SourceSessionTests.test_clock_failure_after_reply_keeps_untrusted_exchange_record) ... ok
test_conservative_lease_starts_before_exchange_not_on_late_reply (test_source_session.SourceSessionTests.test_conservative_lease_starts_before_exchange_not_on_late_reply) ... ok
test_explicit_transaction_reservation_never_collides_with_auto_counter (test_source_session.SourceSessionTests.test_explicit_transaction_reservation_never_collides_with_auto_counter) ... ok
test_failed_heartbeat_and_ordinary_feedback_do_not_renew_lease (test_source_session.SourceSessionTests.test_failed_heartbeat_and_ordinary_feedback_do_not_renew_lease) ... ok
test_heartbeat_uses_actual_last_feedback_and_explicit_sender_step (test_source_session.SourceSessionTests.test_heartbeat_uses_actual_last_feedback_and_explicit_sender_step) ... ok
test_invalid_constructor_limits_identity_and_roles_reject (test_source_session.SourceSessionTests.test_invalid_constructor_limits_identity_and_roles_reject) ... ok
test_invalid_payload_does_not_consume_sequence_or_send (test_source_session.SourceSessionTests.test_invalid_payload_does_not_consume_sequence_or_send) ... ok
test_local_abandon_is_not_a_remote_close_reset_or_clear_queues (test_source_session.SourceSessionTests.test_local_abandon_is_not_a_remote_close_reset_or_clear_queues) ... ok
test_one_counter_owner_per_transport_even_after_local_close (test_source_session.SourceSessionTests.test_one_counter_owner_per_transport_even_after_local_close) ... ok
test_open_after_the_entire_lease_cannot_create_a_live_local_session (test_source_session.SourceSessionTests.test_open_after_the_entire_lease_cannot_create_a_live_local_session) ... ok
test_open_captures_actual_grant_and_allocates_global_fresh_headers (test_source_session.SourceSessionTests.test_open_captures_actual_grant_and_allocates_global_fresh_headers) ... ok
test_open_validates_both_baselines_roles_sid_and_model (test_source_session.SourceSessionTests.test_open_validates_both_baselines_roles_sid_and_model) ... ok
test_record_capacity_rejects_before_send_and_drain_does_not_clear_session (test_source_session.SourceSessionTests.test_record_capacity_rejects_before_send_and_drain_does_not_clear_session) ... ok
test_records_and_capabilities_are_immutable_detached (test_source_session.SourceSessionTests.test_records_and_capabilities_are_immutable_detached) ... ok
test_reopen_requires_explicit_local_abandon_and_never_reuses_nonce_or_sid (test_source_session.SourceSessionTests.test_reopen_requires_explicit_local_abandon_and_never_reuses_nonce_or_sid) ... ok
test_request_keeps_real_failed_feedback_without_manufacturing_stage (test_source_session.SourceSessionTests.test_request_keeps_real_failed_feedback_without_manufacturing_stage) ... ok
test_request_payload_detaches_from_callers_during_transport_exchange (test_source_session.SourceSessionTests.test_request_payload_detaches_from_callers_during_transport_exchange) ... ok
test_roles_capability_and_model_are_checked_before_allocation (test_source_session.SourceSessionTests.test_roles_capability_and_model_are_checked_before_allocation) ... ok
test_session_module_exists (test_source_session.SourceSessionTests.test_session_module_exists) ... ok
test_transport_timeout_is_recorded_without_faking_response_or_session (test_source_session.SourceSessionTests.test_transport_timeout_is_recorded_without_faking_response_or_session) ... ok

----------------------------------------------------------------------
Ran 31 tests in 6.482s

OK
WARNING: No libpcap provider available ! pcap won't be used
test_applied_reset_and_resume_invalidate_old_sid_until_new_grant (test_model_clock.ModelClockTests.test_applied_reset_and_resume_invalidate_old_sid_until_new_grant) ... ok
test_can_heartbeat_attempt_blocks_reuse_by_serial_udp (test_model_clock.ModelClockTests.test_can_heartbeat_attempt_blocks_reuse_by_serial_udp) ... ok
test_current_lease_is_required_even_with_cached_status (test_model_clock.ModelClockTests.test_current_lease_is_required_even_with_cached_status) ... ok
test_dispatcher_feedback_reader_never_sends_or_drains (test_model_clock.ModelClockTests.test_dispatcher_feedback_reader_never_sends_or_drains) ... ok
test_duplicate_feedback_cannot_refresh_original_deadline (test_model_clock.ModelClockTests.test_duplicate_feedback_cannot_refresh_original_deadline) ... ok
test_failed_received_or_unpublished_lifecycle_does_not_claim_reset (test_model_clock.ModelClockTests.test_failed_received_or_unpublished_lifecycle_does_not_claim_reset) ... ok
test_failed_serial_heartbeat_attempt_cannot_reuse_transaction (test_model_clock.ModelClockTests.test_failed_serial_heartbeat_attempt_cannot_reuse_transaction) ... ok
test_frozen_240ms_validity_exact_boundary_and_delayed_arrival (test_model_clock.ModelClockTests.test_frozen_240ms_validity_exact_boundary_and_delayed_arrival) ... ok
test_immutable_detached_snapshot_retains_original_exchange_and_identity (test_model_clock.ModelClockTests.test_immutable_detached_snapshot_retains_original_exchange_and_identity) ... ok
test_interleaved_older_heartbeat_still_contributes_model_step_floor (test_model_clock.ModelClockTests.test_interleaved_older_heartbeat_still_contributes_model_step_floor) ... ok
test_local_elapsed_time_never_advances_reported_model_step (test_model_clock.ModelClockTests.test_local_elapsed_time_never_advances_reported_model_step) ... ok
test_local_monotonic_clock_reversal_is_not_a_model_reset (test_model_clock.ModelClockTests.test_local_monotonic_clock_reversal_is_not_a_model_reset) ... ok
test_new_sid_requires_new_status_and_allows_reset_step (test_model_clock.ModelClockTests.test_new_sid_requires_new_status_and_allows_reset_step) ... ok
test_original_can_feedback_uses_source_clock_domain (test_model_clock.ModelClockTests.test_original_can_feedback_uses_source_clock_domain) ... ok
test_private_feedback_capture_cannot_bypass_actual_operation_owner (test_model_clock.ModelClockTests.test_private_feedback_capture_cannot_bypass_actual_operation_owner) ... ok
test_requires_actual_status_not_grant_or_an_arbitrary_object (test_model_clock.ModelClockTests.test_requires_actual_status_not_grant_or_an_arbitrary_object) ... ok
test_reused_heartbeat_transaction_cannot_retime_or_replace_sample (test_model_clock.ModelClockTests.test_reused_heartbeat_transaction_cannot_retime_or_replace_sample) ... ok
test_serial_udp_status_is_bound_to_actual_socket_request (test_model_clock.ModelClockTests.test_serial_udp_status_is_bound_to_actual_socket_request) ... ok
test_source_owner_lock_and_closed_session_are_respected (test_model_clock.ModelClockTests.test_source_owner_lock_and_closed_session_are_respected) ... ok
test_strict_exact_step_and_required_state (test_model_clock.ModelClockTests.test_strict_exact_step_and_required_state) ... ok
test_temporarily_deferred_original_heartbeat_claims_transaction_once (test_model_clock.ModelClockTests.test_temporarily_deferred_original_heartbeat_claims_transaction_once) ... ok
test_timed_out_heartbeat_transaction_cannot_be_reused_after_dispatch_replacement (test_model_clock.ModelClockTests.test_timed_out_heartbeat_transaction_cannot_be_reused_after_dispatch_replacement) ... ok
test_unread_regression_survives_drain_and_reader_replacement (test_model_clock.ModelClockTests.test_unread_regression_survives_drain_and_reader_replacement) ... ok

----------------------------------------------------------------------
Ran 23 tests in 16.255s

OK
test_actual_can_command_and_udp_share_one_lease_observation (test_control_lease.ControlLeaseSocketTests.test_actual_can_command_and_udp_share_one_lease_observation) ... WARNING: No libpcap provider available ! pcap won't be used
ok
test_actual_interleaved_owner_replies_keep_latest_attempt_only (test_control_lease.ControlLeaseSocketTests.test_actual_interleaved_owner_replies_keep_latest_attempt_only) ... ok
test_actual_udp_validated_command_extends_same_original_lease (test_control_lease.ControlLeaseSocketTests.test_actual_udp_validated_command_extends_same_original_lease) ... ok
test_earlier_heartbeat_conflict_permanently_revokes_applied_owner (test_control_lease.ControlLeaseSocketTests.test_earlier_heartbeat_conflict_permanently_revokes_applied_owner) ... ok
test_fresh_conflicting_status_revokes_even_if_clock_cache_keeps_newer_request (test_control_lease.ControlLeaseSocketTests.test_fresh_conflicting_status_revokes_even_if_clock_cache_keeps_newer_request) ... ok
test_pending_owner_ack_cannot_undo_later_safety_status (test_control_lease.ControlLeaseSocketTests.test_pending_owner_ack_cannot_undo_later_safety_status) ... ok
test_pending_owner_source_conflict_requires_a_new_owner_exchange (test_control_lease.ControlLeaseSocketTests.test_pending_owner_source_conflict_requires_a_new_owner_exchange) ... ok
test_abandon_and_new_sid_never_adopt_previous_lease (test_control_lease.ControlLeaseTests.test_abandon_and_new_sid_never_adopt_previous_lease) ... ok
test_applied_owner_cannot_establish_from_an_active_safety_status (test_control_lease.ControlLeaseTests.test_applied_owner_cannot_establish_from_an_active_safety_status) ... ok
test_control_capture_requires_actual_source_operation_owner (test_control_lease.ControlLeaseTests.test_control_capture_requires_actual_source_operation_owner) ... ok
test_control_deadline_exact_boundary_and_heartbeat_do_not_renew (test_control_lease.ControlLeaseTests.test_control_deadline_exact_boundary_and_heartbeat_do_not_renew) ... ok
test_control_permission_failure_revokes_existing_lease (test_control_lease.ControlLeaseTests.test_control_permission_failure_revokes_existing_lease) ... ok
test_control_reader_does_not_transmit_allocate_or_drain (test_control_lease.ControlLeaseTests.test_control_reader_does_not_transmit_allocate_or_drain) ... ok
test_drain_and_reader_replacement_never_reset_deadline (test_control_lease.ControlLeaseTests.test_drain_and_reader_replacement_never_reset_deadline) ... ok
test_duplicate_command_feedback_cannot_renew_again (test_control_lease.ControlLeaseTests.test_duplicate_command_feedback_cannot_renew_again) ... ok
test_exact_applied_owner_retains_original_provenance_without_qualification (test_control_lease.ControlLeaseTests.test_exact_applied_owner_retains_original_provenance_without_qualification) ... ok
test_expired_lease_cannot_be_recreated_by_late_command_ack (test_control_lease.ControlLeaseTests.test_expired_lease_cannot_be_recreated_by_late_command_ack) ... ok
test_new_owner_attempt_invalidates_old_even_when_send_fails (test_control_lease.ControlLeaseTests.test_new_owner_attempt_invalidates_old_even_when_send_fails) ... ok
test_old_owner_reply_after_new_attempt_cannot_restore_old_lease (test_control_lease.ControlLeaseTests.test_old_owner_reply_after_new_attempt_cannot_restore_old_lease) ... ok
test_old_owner_reply_after_status_revocation_cannot_restore_old_lease (test_control_lease.ControlLeaseTests.test_old_owner_reply_after_status_revocation_cannot_restore_old_lease) ... ok
test_received_failed_environment_and_wrong_lane_never_renew (test_control_lease.ControlLeaseTests.test_received_failed_environment_and_wrong_lane_never_renew) ... ok
test_safety_lifecycle_attempt_revokes_before_reply (test_control_lease.ControlLeaseTests.test_safety_lifecycle_attempt_revokes_before_reply) ... ok
test_safety_status_and_changed_source_revoke_without_regain (test_control_lease.ControlLeaseTests.test_safety_status_and_changed_source_revoke_without_regain) ... ok
test_status_alone_cannot_invent_control_lease (test_control_lease.ControlLeaseTests.test_status_alone_cannot_invent_control_lease) ... ok
test_status_step_freshness_and_strict_expected_source_lane_are_required (test_control_lease.ControlLeaseTests.test_status_step_freshness_and_strict_expected_source_lane_are_required) ... ok
test_unpublished_or_received_owner_never_establishes_lease (test_control_lease.ControlLeaseTests.test_unpublished_or_received_owner_never_establishes_lease) ... ok
test_unpublished_owner_probe_never_establishes_lease (test_control_lease.ControlLeaseTests.test_unpublished_owner_probe_never_establishes_lease) ... ok
test_validated_matching_control_renews_from_first_tx_not_reply (test_control_lease.ControlLeaseTests.test_validated_matching_control_renews_from_first_tx_not_reply) ... ok

----------------------------------------------------------------------
Ran 28 tests in 20.728s

OK
WARNING: No libpcap provider available ! pcap won't be used
test_actual_original_native_tx_and_feedback_inside_controller (test_scenario_driver.ScenarioDriverTests.test_actual_original_native_tx_and_feedback_inside_controller) ... ok
test_bad_local_cleanup_clock_still_attempts_remote_cleanup (test_scenario_driver.ScenarioDriverTests.test_bad_local_cleanup_clock_still_attempts_remote_cleanup) ... ok
test_cleanup_accumulates_original_incremental_receipts (test_scenario_driver.ScenarioDriverTests.test_cleanup_accumulates_original_incremental_receipts) ... ok
test_cleanup_can_confirm_actual_original_source_close (test_scenario_driver.ScenarioDriverTests.test_cleanup_can_confirm_actual_original_source_close) ... ok
test_cleanup_deadline_clock_failure_is_local_not_remote (test_scenario_driver.ScenarioDriverTests.test_cleanup_deadline_clock_failure_is_local_not_remote) ... ok
test_cleanup_error_history_stays_bounded_and_invalid_receipts_are_closed (test_scenario_driver.ScenarioDriverTests.test_cleanup_error_history_stays_bounded_and_invalid_receipts_are_closed) ... ok
test_cleanup_has_local_monotonic_deadline (test_scenario_driver.ScenarioDriverTests.test_cleanup_has_local_monotonic_deadline) ... ok
test_cleanup_provider_session_change_cannot_count_new_receipts (test_scenario_driver.ScenarioDriverTests.test_cleanup_provider_session_change_cannot_count_new_receipts) ... ok
test_cleanup_session_change_before_poll_never_calls_remote (test_scenario_driver.ScenarioDriverTests.test_cleanup_session_change_before_poll_never_calls_remote) ... ok
test_cleanup_stale_session_stops_local_without_remote_begin (test_scenario_driver.ScenarioDriverTests.test_cleanup_stale_session_stops_local_without_remote_begin) ... ok
test_cleanup_starts_remote_even_when_local_stop_needs_retry (test_scenario_driver.ScenarioDriverTests.test_cleanup_starts_remote_even_when_local_stop_needs_retry) ... ok
test_cleanup_synchronous_original_close_can_deliver_final_receipt (test_scenario_driver.ScenarioDriverTests.test_cleanup_synchronous_original_close_can_deliver_final_receipt) ... ok
test_closing_another_sid_cannot_confirm_original_cleanup (test_scenario_driver.ScenarioDriverTests.test_closing_another_sid_cannot_confirm_original_cleanup) ... ok
test_delegate_begin_failure_is_not_retried (test_scenario_driver.ScenarioDriverTests.test_delegate_begin_failure_is_not_retried) ... ok
test_empty_provider_handle_cannot_be_wrapped_as_valid_action (test_scenario_driver.ScenarioDriverTests.test_empty_provider_handle_cannot_be_wrapped_as_valid_action) ... ok
test_empty_provider_handle_cannot_be_wrapped_as_valid_root_assertion (test_scenario_driver.ScenarioDriverTests.test_empty_provider_handle_cannot_be_wrapped_as_valid_root_assertion) ... ok
test_explicit_none_step_cannot_start_remote_cleanup (test_scenario_driver.ScenarioDriverTests.test_explicit_none_step_cannot_start_remote_cleanup) ... ok
test_finite_handle_budget_and_reentry_are_rejected (test_scenario_driver.ScenarioDriverTests.test_finite_handle_budget_and_reentry_are_rejected) ... ok
test_forged_root_assertion_metadata_is_rejected_before_service_begin (test_scenario_driver.ScenarioDriverTests.test_forged_root_assertion_metadata_is_rejected_before_service_begin) ... ok
test_frozen_model_native_target_must_equal_actual_current_step (test_scenario_driver.ScenarioDriverTests.test_frozen_model_native_target_must_equal_actual_current_step) ... ok
test_missing_receipt_never_becomes_complete (test_scenario_driver.ScenarioDriverTests.test_missing_receipt_never_becomes_complete) ... ok
test_missing_services_or_status_never_allocates_or_transmits (test_scenario_driver.ScenarioDriverTests.test_missing_services_or_status_never_allocates_or_transmits) ... ok
test_partition_preserves_original_nonnative_link_and_plan (test_scenario_driver.ScenarioDriverTests.test_partition_preserves_original_nonnative_link_and_plan) ... ok
test_remote_terminal_receipt_is_not_repolled_while_local_recovery_pending (test_scenario_driver.ScenarioDriverTests.test_remote_terminal_receipt_is_not_repolled_while_local_recovery_pending) ... ok
test_service_begin_session_change_retains_attempt_without_retry (test_scenario_driver.ScenarioDriverTests.test_service_begin_session_change_retains_attempt_without_retry) ... ok
test_service_poll_exception_retains_context_and_separate_remote_error (test_scenario_driver.ScenarioDriverTests.test_service_poll_exception_retains_context_and_separate_remote_error) ... ok
test_service_poll_session_change_cannot_cache_completion (test_scenario_driver.ScenarioDriverTests.test_service_poll_session_change_cannot_cache_completion) ... ok
test_strict_observed_step_target_and_action_before_native_allocation (test_scenario_driver.ScenarioDriverTests.test_strict_observed_step_target_and_action_before_native_allocation) ... ok
test_whole_plan_service_preflight_failure_precedes_native_send (test_scenario_driver.ScenarioDriverTests.test_whole_plan_service_preflight_failure_precedes_native_send) ... ok
test_wrapped_original_handles_reject_forged_or_foreign_progress (test_scenario_driver.ScenarioDriverTests.test_wrapped_original_handles_reject_forged_or_foreign_progress) ... ok
test_wrong_kind_on_native_link_remains_service_event (test_scenario_driver.ScenarioDriverTests.test_wrong_kind_on_native_link_remains_service_event) ... ok

----------------------------------------------------------------------
Ran 31 tests in 54.376s

OK
WARNING: No libpcap provider available ! pcap won't be used
test_begin_failure_record_names_original_attempted_event (test_scenario_execution.ScenarioExecutionTests.test_begin_failure_record_names_original_attempted_event) ... ok
test_cleanup_exception_record_is_distinct_from_prior_run_failure (test_scenario_execution.ScenarioExecutionTests.test_cleanup_exception_record_is_distinct_from_prior_run_failure) ... ok
test_cleanup_missing_one_of_nine_fields_never_local_stopped (test_scenario_execution.ScenarioExecutionTests.test_cleanup_missing_one_of_nine_fields_never_local_stopped) ... ok
test_cleanup_unknown_error_is_normalized_to_frozen_resource (test_scenario_execution.ScenarioExecutionTests.test_cleanup_unknown_error_is_normalized_to_frozen_resource) ... ok
test_complete_budget_rejects_million_actions_before_any_driver_call (test_scenario_execution.ScenarioExecutionTests.test_complete_budget_rejects_million_actions_before_any_driver_call) ... ok
test_completed_short_root_does_not_timeout_while_long_root_is_pending (test_scenario_execution.ScenarioExecutionTests.test_completed_short_root_does_not_timeout_while_long_root_is_pending) ... ok
test_driver_non_icd_exception_is_recorded_and_cleanup_runs (test_scenario_execution.ScenarioExecutionTests.test_driver_non_icd_exception_is_recorded_and_cleanup_runs) ... ok
test_driver_reentrancy_is_rejected_without_second_execution (test_scenario_execution.ScenarioExecutionTests.test_driver_reentrancy_is_rejected_without_second_execution) ... ok
test_each_root_assertion_deadline_is_enforced_independently (test_scenario_execution.ScenarioExecutionTests.test_each_root_assertion_deadline_is_enforced_independently) ... ok
test_end_waits_for_outstanding_assert_operation_before_cleanup (test_scenario_execution.ScenarioExecutionTests.test_end_waits_for_outstanding_assert_operation_before_cleanup) ... ok
test_event_assertions_do_not_start_as_root_assertions_before_their_events (test_scenario_execution.ScenarioExecutionTests.test_event_assertions_do_not_start_as_root_assertions_before_their_events) ... ok
test_failure_reaches_cleanup_without_starting_later_events (test_scenario_execution.ScenarioExecutionTests.test_failure_reaches_cleanup_without_starting_later_events) ... ok
test_foreign_progress_handle_is_rejected_and_cleanup_requested (test_scenario_execution.ScenarioExecutionTests.test_foreign_progress_handle_is_rejected_and_cleanup_requested) ... ok
test_forged_compiled_plan_and_unknown_progress_are_not_trusted (test_scenario_execution.ScenarioExecutionTests.test_forged_compiled_plan_and_unknown_progress_are_not_trusted) ... ok
test_incremental_cleanup_requires_all_nine_receipts (test_scenario_execution.ScenarioExecutionTests.test_incremental_cleanup_requires_all_nine_receipts) ... ok
test_missing_driver_and_preflight_rejection_never_start_or_dispatch (test_scenario_execution.ScenarioExecutionTests.test_missing_driver_and_preflight_rejection_never_start_or_dispatch) ... ok
test_pending_limit_fails_before_next_begin_without_partial_overwrite (test_scenario_execution.ScenarioExecutionTests.test_pending_limit_fails_before_next_begin_without_partial_overwrite) ... ok
test_periodic_and_waveform_sampling_uses_original_order_without_duplication (test_scenario_execution.ScenarioExecutionTests.test_periodic_and_waveform_sampling_uses_original_order_without_duplication) ... ok
test_poll_exception_preserves_original_failed_handle_not_cancellation (test_scenario_execution.ScenarioExecutionTests.test_poll_exception_preserves_original_failed_handle_not_cancellation) ... ok
test_root_assertions_and_same_original_complete_stimulus_are_retained (test_scenario_execution.ScenarioExecutionTests.test_root_assertions_and_same_original_complete_stimulus_are_retained) ... ok
test_root_assertions_must_finish_before_cleanup (test_scenario_execution.ScenarioExecutionTests.test_root_assertions_must_finish_before_cleanup) ... ok
test_same_handle_for_two_operations_is_rejected (test_scenario_execution.ScenarioExecutionTests.test_same_handle_for_two_operations_is_rejected) ... ok
test_skip_model_step_fails_without_catchup_or_new_handle (test_scenario_execution.ScenarioExecutionTests.test_skip_model_step_fails_without_catchup_or_new_handle) ... ok
test_stop_cleanup_once_and_does_not_reexecute_or_claim_remote_safety (test_scenario_execution.ScenarioExecutionTests.test_stop_cleanup_once_and_does_not_reexecute_or_claim_remote_safety) ... ok
test_strict_step_types_backwards_and_second_start (test_scenario_execution.ScenarioExecutionTests.test_strict_step_types_backwards_and_second_start) ... ok
test_successful_stop_retains_local_cancellation_and_nine_cleanup_receipts (test_scenario_execution.ScenarioExecutionTests.test_successful_stop_retains_local_cancellation_and_nine_cleanup_receipts) ... ok
test_ten_original_event_kinds_and_replay_negative_fields_not_changed (test_scenario_execution.ScenarioExecutionTests.test_ten_original_event_kinds_and_replay_negative_fields_not_changed) ... ok
test_terminal_records_keep_original_runtime_handle_correlation (test_scenario_execution.ScenarioExecutionTests.test_terminal_records_keep_original_runtime_handle_correlation) ... ok
test_unhashable_adapter_error_code_cannot_escape_failure_recording (test_scenario_execution.ScenarioExecutionTests.test_unhashable_adapter_error_code_cannot_escape_failure_recording) ... ok
test_wait_blocks_same_step_following_until_original_handle_completes (test_scenario_execution.ScenarioExecutionTests.test_wait_blocks_same_step_following_until_original_handle_completes) ... ok
test_wait_does_not_rewrite_overdue_absolute_steps_after_release (test_scenario_execution.ScenarioExecutionTests.test_wait_does_not_rewrite_overdue_absolute_steps_after_release) ... ok
test_wait_timeout_is_enforced_even_if_driver_stays_pending (test_scenario_execution.ScenarioExecutionTests.test_wait_timeout_is_enforced_even_if_driver_stays_pending) ... ok

----------------------------------------------------------------------
Ran 32 tests in 17.055s

OK
