test_actual_granted_roles_not_configured_or_requested_roles_are_used (test_registered_controller.RegisteredControllerTests.test_actual_granted_roles_not_configured_or_requested_roles_are_used) ... ok
test_actual_terminal_selector_request_cannot_later_authorize (test_registered_controller.RegisteredControllerTests.test_actual_terminal_selector_request_cannot_later_authorize) ... ok
test_all_three_models_use_original_external_source_and_lanes (test_registered_controller.RegisteredControllerTests.test_all_three_models_use_original_external_source_and_lanes) ... ok
test_complete_identity_is_required_not_a_model_or_source_string (test_registered_controller.RegisteredControllerTests.test_complete_identity_is_required_not_a_model_or_source_string) ... ok
test_cross_model_actual_producer_is_not_selected_for_the_view (test_registered_controller.RegisteredControllerTests.test_cross_model_actual_producer_is_not_selected_for_the_view) ... ok
test_cross_vehicle_or_run_producer_cannot_authorize_selector (test_registered_controller.RegisteredControllerTests.test_cross_vehicle_or_run_producer_cannot_authorize_selector) ... ok
test_expired_other_sid_does_not_make_live_controller_ambiguous (test_registered_controller.RegisteredControllerTests.test_expired_other_sid_does_not_make_live_controller_ambiguous) ... ok
test_expiry_is_half_open_and_read_does_not_delete_records (test_registered_controller.RegisteredControllerTests.test_expiry_is_half_open_and_read_does_not_delete_records) ... ok
test_external_gate_rejects_unavailable_registry_and_non_controller_session (test_registered_controller.RegisteredControllerTests.test_external_gate_rejects_unavailable_registry_and_non_controller_session) ... ok
test_external_owner_uses_distinct_actual_controller_not_selector_sid (test_registered_controller.RegisteredControllerTests.test_external_owner_uses_distinct_actual_controller_not_selector_sid) ... ok
test_fresh_heartbeat_updates_actual_session_not_control_lease (test_registered_controller.RegisteredControllerTests.test_fresh_heartbeat_updates_actual_session_not_control_lease) ... ok
test_frozen_target_and_demo_model_rules_are_not_weakened (test_registered_controller.RegisteredControllerTests.test_frozen_target_and_demo_model_rules_are_not_weakened) ... ok
test_list_valued_grant_bindings_cannot_escape_as_mutable_alias (test_registered_controller.RegisteredControllerTests.test_list_valued_grant_bindings_cannot_escape_as_mutable_alias) ... ok
test_monotonic_nanoseconds_are_strict (test_registered_controller.RegisteredControllerTests.test_monotonic_nanoseconds_are_strict) ... ok
test_none_revocation_does_not_require_live_producer (test_registered_controller.RegisteredControllerTests.test_none_revocation_does_not_require_live_producer) ... ok
test_original_selector_request_must_actually_be_admitted (test_registered_controller.RegisteredControllerTests.test_original_selector_request_must_actually_be_admitted) ... ok
test_readonly_admission_does_not_revive_expired_retry_record (test_registered_controller.RegisteredControllerTests.test_readonly_admission_does_not_revive_expired_retry_record) ... ok
test_readonly_admission_rejects_expired_selector_without_removing_it (test_registered_controller.RegisteredControllerTests.test_readonly_admission_rejects_expired_selector_without_removing_it) ... ok
test_readonly_admission_returns_first_receive_and_rejects_claimed_record (test_registered_controller.RegisteredControllerTests.test_readonly_admission_returns_first_receive_and_rejects_claimed_record) ... ok
test_reads_do_not_renew_allocate_or_overwrite_receiver_history (test_registered_controller.RegisteredControllerTests.test_reads_do_not_renew_allocate_or_overwrite_receiver_history) ... ok
test_required_registry_and_semantic_apis_exist (test_registered_controller.RegisteredControllerTests.test_required_registry_and_semantic_apis_exist) ... ok
test_revoked_closed_and_missing_live_producer_fail (test_registered_controller.RegisteredControllerTests.test_revoked_closed_and_missing_live_producer_fail) ... ok
test_selector_model_view_must_match_actual_receiver_session (test_registered_controller.RegisteredControllerTests.test_selector_model_view_must_match_actual_receiver_session) ... ok
test_semantic_gate_does_not_run_unrelated_receiver_maintenance (test_registered_controller.RegisteredControllerTests.test_semantic_gate_does_not_run_unrelated_receiver_maintenance) ... ok
test_snapshot_identity_is_detached_and_record_is_immutable (test_registered_controller.RegisteredControllerTests.test_snapshot_identity_is_detached_and_record_is_immutable) ... ok
test_snapshot_retains_actual_sid_grant_roles_links_and_nonce (test_registered_controller.RegisteredControllerTests.test_snapshot_retains_actual_sid_grant_roles_links_and_nonce) ... ok
test_source_lane_model_and_paused_rules_remain_original (test_registered_controller.RegisteredControllerTests.test_source_lane_model_and_paused_rules_remain_original) ... ok
test_stimulus_session_does_not_make_the_controller_ambiguous (test_registered_controller.RegisteredControllerTests.test_stimulus_session_does_not_make_the_controller_ambiguous) ... ok
test_unique_controller_session_cannot_be_selected_by_latest_nonce (test_registered_controller.RegisteredControllerTests.test_unique_controller_session_cannot_be_selected_by_latest_nonce) ... ok

----------------------------------------------------------------------
Ran 29 tests in 15.085s

OK
test_common_gateway_package_exists (test_session.AvailabilityTests.test_common_gateway_package_exists) ... ok
test_actual_8192_retry_cache_eviction_preserves_high_water_mark (test_session.SessionTests.test_actual_8192_retry_cache_eviction_preserves_high_water_mark) ... ok
test_cache_expiry_does_not_reset_session_sequence (test_session.SessionTests.test_cache_expiry_does_not_reset_session_sequence) ... ok
test_capacity_and_pending_duplicate_never_allocate_second_session (test_session.SessionTests.test_capacity_and_pending_duplicate_never_allocate_second_session) ... ok
test_cross_link_complete_duplicate_replays_original_failure_once (test_session.SessionTests.test_cross_link_complete_duplicate_replays_original_failure_once) ... ok
test_duplicate_complete_grant_identity_cannot_split_session_ownership (test_session.SessionTests.test_duplicate_complete_grant_identity_cannot_split_session_ownership) ... ok
test_expired_or_revoked_session_cannot_write_and_ids_are_not_reused (test_session.SessionTests.test_expired_or_revoked_session_cannot_write_and_ids_are_not_reused) ... ok
test_feedback_counter_and_response_bounds (test_session.SessionTests.test_feedback_counter_and_response_bounds) ... ok
test_fixed_lease_and_only_fresh_heartbeat_renewal (test_session.SessionTests.test_fixed_lease_and_only_fresh_heartbeat_renewal) ... ok
test_grants_and_request_identity_are_not_mutable_aliases (test_session.SessionTests.test_grants_and_request_identity_are_not_mutable_aliases) ... ok
test_open_requires_exact_identity_and_granted_roles (test_session.SessionTests.test_open_requires_exact_identity_and_granted_roles) ... ok
test_same_sequence_different_value_or_transaction_is_rejected (test_session.SessionTests.test_same_sequence_different_value_or_transaction_is_rejected) ... ok
test_unregistered_link_and_role_rejected_before_fragment_allocation (test_session.SessionTests.test_unregistered_link_and_role_rejected_before_fragment_allocation) ... ok

----------------------------------------------------------------------
Ran 13 tests in 17.928s

OK
test_complete_configure_snapshot_is_immutable_and_not_model_ready (test_semantic_guards.SemanticTests.test_complete_configure_snapshot_is_immutable_and_not_model_ready) ... ok
test_complete_lifecycle_action_state_matrix (test_semantic_guards.SemanticTests.test_complete_lifecycle_action_state_matrix) ... ok
test_configuration_model_and_complete_initial_branch_must_match (test_semantic_guards.SemanticTests.test_configuration_model_and_complete_initial_branch_must_match) ... ok
test_configure_only_stopped_or_initial_configured (test_semantic_guards.SemanticTests.test_configure_only_stopped_or_initial_configured) ... ok
test_every_model_requires_explicit_safe_zero_control_initial_values (test_semantic_guards.SemanticTests.test_every_model_requires_explicit_safe_zero_control_initial_values) ... ok
test_expected_state_and_initial_configuration_cannot_be_assumed (test_semantic_guards.SemanticTests.test_expected_state_and_initial_configuration_cannot_be_assumed) ... ok
test_external_owner_cannot_use_sender_role_or_unknown_declared_source (test_semantic_guards.SemanticTests.test_external_owner_cannot_use_sender_role_or_unknown_declared_source) ... ok
test_external_owner_grant_requires_safe_values_clear_queue_and_fixed_lease (test_semantic_guards.SemanticTests.test_external_owner_grant_requires_safe_values_clear_queue_and_fixed_lease) ... ok
test_fixed_wing_explicit_velocity_is_not_overridden_and_airborne_matches_height (test_semantic_guards.SemanticTests.test_fixed_wing_explicit_velocity_is_not_overridden_and_airborne_matches_height) ... ok
test_frozen_boundary_is_current_and_running_boundary_is_future (test_semantic_guards.SemanticTests.test_frozen_boundary_is_current_and_running_boundary_is_future) ... ok
test_ground_sign_airborne_and_static_multirotor_are_consistent (test_semantic_guards.SemanticTests.test_ground_sign_airborne_and_static_multirotor_are_consistent) ... ok
test_handover_is_paused_only_and_none_is_revocation_not_grant (test_semantic_guards.SemanticTests.test_handover_is_paused_only_and_none_is_revocation_not_grant) ... ok
test_initial_sensor_failure_is_consistent_and_demo_model_is_not_silently_changed (test_semantic_guards.SemanticTests.test_initial_sensor_failure_is_consistent_and_demo_model_is_not_silently_changed) ... ok
test_initial_state_only_configured_paused_and_preserves_reset_requirement (test_semantic_guards.SemanticTests.test_initial_state_only_configured_paused_and_preserves_reset_requirement) ... ok
test_internal_demo_controller_is_declared_quad_only_and_not_external_writer (test_semantic_guards.SemanticTests.test_internal_demo_controller_is_declared_quad_only_and_not_external_writer) ... ok
test_invalid_quaternion_is_rejected_without_normalizing (test_semantic_guards.SemanticTests.test_invalid_quaternion_is_rejected_without_normalizing) ... ok
test_semantic_guards_exist (test_semantic_guards.SemanticTests.test_semantic_guards_exist) ... ok
test_step_is_exact_sequential_1ms_and_keeps_model_paused (test_semantic_guards.SemanticTests.test_step_is_exact_sequential_1ms_and_keeps_model_paused) ... ok
test_step_rejects_hardware_control_owner_duration_overflow_and_bad_counts (test_semantic_guards.SemanticTests.test_step_rejects_hardware_control_owner_duration_overflow_and_bad_counts) ... ok
test_stop_reset_resume_require_cleanup_and_reset_restores_initial (test_semantic_guards.SemanticTests.test_stop_reset_resume_require_cleanup_and_reset_restores_initial) ... ok
test_terrain_requires_actual_sample_and_agrees_with_root_ground_height (test_semantic_guards.SemanticTests.test_terrain_requires_actual_sample_and_agrees_with_root_ground_height) ... ok
test_view_is_strict_immutable_and_missing_model_is_not_fabricated (test_semantic_guards.SemanticTests.test_view_is_strict_immutable_and_missing_model_is_not_fabricated) ... ok
test_wrong_message_schema_model_and_no_application_evidence (test_semantic_guards.SemanticTests.test_wrong_message_schema_model_and_no_application_evidence) ... ok

----------------------------------------------------------------------
Ran 23 tests in 11.815s

OK
test_100ms_control_age_uses_first_receive_even_with_fresh_heartbeat (test_model_queue.QueueTests.test_100ms_control_age_uses_first_receive_even_with_fresh_heartbeat) ... ok
test_clear_preserves_model_step_close_refuses_use_and_clocks_do_not_rewind (test_model_queue.QueueTests.test_clear_preserves_model_step_close_refuses_use_and_clocks_do_not_rewind) ... ok
test_closed_queue_cannot_reset_step_history_for_still_live_sessions (test_model_queue.QueueTests.test_closed_queue_cannot_reset_step_history_for_still_live_sessions) ... ok
test_control_age_below_deadline_can_release_but_no_safety_is_claimed (test_model_queue.QueueTests.test_control_age_below_deadline_can_release_but_no_safety_is_claimed) ... ok
test_controller_source_lane_model_and_stimulus_metadata_are_strict (test_model_queue.QueueTests.test_controller_source_lane_model_and_stimulus_metadata_are_strict) ... ok
test_cross_session_writer_conflict_and_whole_snapshot_rollback (test_model_queue.QueueTests.test_cross_session_writer_conflict_and_whole_snapshot_rollback) ... ok
test_duplicate_or_cleared_admission_cannot_enter_queue_twice (test_model_queue.QueueTests.test_duplicate_or_cleared_admission_cannot_enter_queue_twice) ... ok
test_expired_before_enqueue_control_is_not_reserved (test_model_queue.QueueTests.test_expired_before_enqueue_control_is_not_reserved) ... ok
test_failed_admission_cannot_be_queued (test_model_queue.QueueTests.test_failed_admission_cannot_be_queued) ... ok
test_idle_expiry_returns_rejections_and_removes_writer_reservations (test_model_queue.QueueTests.test_idle_expiry_returns_rejections_and_removes_writer_reservations) ... ok
test_invalid_boundary_state_model_range_and_clock_never_release (test_model_queue.QueueTests.test_invalid_boundary_state_model_range_and_clock_never_release) ... ok
test_lane_alias_cannot_be_enabled_concurrently (test_model_queue.QueueTests.test_lane_alias_cannot_be_enabled_concurrently) ... ok
test_missing_or_duplicate_model_mapping_refuses_construction (test_model_queue.QueueTests.test_missing_or_duplicate_model_mapping_refuses_construction) ... ok
test_model_queue_exists (test_model_queue.QueueTests.test_model_queue_exists) ... ok
test_only_exact_next_step_can_release_no_late_catchup (test_model_queue.QueueTests.test_only_exact_next_step_can_release_no_late_catchup) ... ok
test_original_admission_receiving_time_not_retry_time_is_returned (test_model_queue.QueueTests.test_original_admission_receiving_time_not_retry_time_is_returned) ... ok
test_paused_and_service_consumers_cannot_enter_running_model_queue (test_model_queue.QueueTests.test_paused_and_service_consumers_cannot_enter_running_model_queue) ... ok
test_pending_is_immutable_full_message_and_is_not_application_evidence (test_model_queue.QueueTests.test_pending_is_immutable_full_message_and_is_not_application_evidence) ... ok
test_queue_capacity_is_4096_globally_without_overwrite (test_model_queue.QueueTests.test_queue_capacity_is_4096_globally_without_overwrite) ... ok
test_registry_has_one_global_queue_even_for_disjoint_model_sets (test_model_queue.QueueTests.test_registry_has_one_global_queue_even_for_disjoint_model_sets) ... ok
test_registry_shutdown_also_closes_its_owned_queue (test_model_queue.QueueTests.test_registry_shutdown_also_closes_its_owned_queue) ... ok
test_same_target_overlap_is_rejected_not_last_write_wins (test_model_queue.QueueTests.test_same_target_overlap_is_rejected_not_last_write_wins) ... ok
test_session_expiry_and_external_revoke_purge_pending_inputs (test_model_queue.QueueTests.test_session_expiry_and_external_revoke_purge_pending_inputs) ... ok
test_target_ahead_late_and_run_duration_bounds (test_model_queue.QueueTests.test_target_ahead_late_and_run_duration_bounds) ... ok
test_wrong_registry_model_and_unadmitted_input_are_not_queued (test_model_queue.QueueTests.test_wrong_registry_model_and_unadmitted_input_are_not_queued) ... ok

----------------------------------------------------------------------
Ran 25 tests in 33.492s

OK
test_acl_role_and_expiry_checks_precede_reassembly (test_receiver.ReceiverTests.test_acl_role_and_expiry_checks_precede_reassembly) ... ok
test_bad_open_identity_has_zero_session_failed_ack (test_receiver.ReceiverTests.test_bad_open_identity_has_zero_session_failed_ack) ... ok
test_common_receiver_exists (test_receiver.ReceiverTests.test_common_receiver_exists) ... ok
test_complete_retry_reemits_same_feedback_without_second_admission (test_receiver.ReceiverTests.test_complete_retry_reemits_same_feedback_without_second_admission) ... ok
test_different_value_reusing_sequence_is_failed_duplicate (test_receiver.ReceiverTests.test_different_value_reusing_sequence_is_failed_duplicate) ... ok
test_interleaved_fragmented_opens_are_isolated_by_authorized_grant (test_receiver.ReceiverTests.test_interleaved_fragmented_opens_are_isolated_by_authorized_grant) ... ok
test_missing_consumer_has_received_then_failed_and_no_application (test_receiver.ReceiverTests.test_missing_consumer_has_received_then_failed_and_no_application) ... ok
test_open_is_source_transparent_and_does_not_claim_model_readiness (test_receiver.ReceiverTests.test_open_is_source_transparent_and_does_not_claim_model_readiness) ... ok
test_partial_groups_expire_even_without_traffic_and_session_shutdown_frees (test_receiver.ReceiverTests.test_partial_groups_expire_even_without_traffic_and_session_shutdown_frees) ... ok

----------------------------------------------------------------------
Ran 9 tests in 4.859s

OK
test_actual_udp_overhead_and_no_burst_reservations (test_resource_worker.ResourceBudgetTests.test_actual_udp_overhead_and_no_burst_reservations) ... ok
test_background_rate_cannot_exceed_frozen_policy (test_resource_worker.ResourceBudgetTests.test_background_rate_cannot_exceed_frozen_policy) ... ok
test_background_wire_budget_exists (test_resource_worker.ResourceBudgetTests.test_background_wire_budget_exists) ... ok
test_actual_background_file_and_original_outcome (test_resource_worker.ResourceWorkerTests.test_actual_background_file_and_original_outcome) ... ok
test_actual_background_worker_exists (test_resource_worker.ResourceWorkerTests.test_actual_background_worker_exists) ... ok
test_cancelled_session_cleans_actual_staging_and_keeps_originals (test_resource_worker.ResourceWorkerTests.test_cancelled_session_cleans_actual_staging_and_keeps_originals) ... ok
test_cleanup_failure_shutdown_preserves_aborted_and_unfinished_originals (test_resource_worker.ResourceWorkerTests.test_cleanup_failure_shutdown_preserves_aborted_and_unfinished_originals) ... ok
test_expired_nonfinal_write_aborts_only_its_owned_resource (test_resource_worker.ResourceWorkerTests.test_expired_nonfinal_write_aborts_only_its_owned_resource) ... ok
test_failed_thread_start_releases_owned_root_and_does_not_attach_worker (test_resource_worker.ResourceWorkerTests.test_failed_thread_start_releases_owned_root_and_does_not_attach_worker) ... ok
test_foreign_expired_same_hash_job_does_not_kill_worker_or_abort_owner (test_resource_worker.ResourceWorkerTests.test_foreign_expired_same_hash_job_does_not_kill_worker_or_abort_owner) ... ok
test_future_wire_budget_rejection_never_claims_or_mutates_original (test_resource_worker.ResourceWorkerTests.test_future_wire_budget_rejection_never_claims_or_mutates_original) ... ok
test_invalid_worker_limits_are_rejected_before_lifetime_claim (test_resource_worker.ResourceWorkerTests.test_invalid_worker_limits_are_rejected_before_lifetime_claim) ... ok
test_original_message_byte_capacity_and_invalid_limits (test_resource_worker.ResourceWorkerTests.test_original_message_byte_capacity_and_invalid_limits) ... ok
test_original_request_cannot_be_claimed_twice (test_resource_worker.ResourceWorkerTests.test_original_request_cannot_be_claimed_twice) ... ok
test_registry_close_waits_for_owned_worker_and_retains_shutdown (test_resource_worker.ResourceWorkerTests.test_registry_close_waits_for_owned_worker_and_retains_shutdown) ... ok
test_registry_retire_cancels_owned_upload_without_manual_worker_sync (test_resource_worker.ResourceWorkerTests.test_registry_retire_cancels_owned_upload_without_manual_worker_sync) ... ok
test_restricted_resource_submit_requires_actual_model_state_before_claim (test_resource_worker.ResourceWorkerTests.test_restricted_resource_submit_requires_actual_model_state_before_claim) ... ok
test_result_capacity_is_reserved_until_released (test_resource_worker.ResourceWorkerTests.test_result_capacity_is_reserved_until_released) ... ok
test_store_has_one_worker_lifetime_and_no_caller_file_io (test_resource_worker.ResourceWorkerTests.test_store_has_one_worker_lifetime_and_no_caller_file_io) ... ok
test_timed_out_abort_drain_can_be_retried_without_losing_originals (test_resource_worker.ResourceWorkerTests.test_timed_out_abort_drain_can_be_retried_without_losing_originals) ... ok

----------------------------------------------------------------------
Ran 20 tests in 12.904s

OK

----------------------------------------------------------------------
Ran 0 tests in 0.000s

NO TESTS RAN
test_actual_socket_open_fragmented_input_and_cached_failure_feedback (test_udp.UDPTests.test_actual_socket_open_fragmented_input_and_cached_failure_feedback) ... ok
test_actual_udp_idle_poll_releases_owned_queue_without_model_execution (test_udp.UDPTests.test_actual_udp_idle_poll_releases_owned_queue_without_model_execution) ... ok
test_actual_wire_cleanup_remains_failure_until_all_real_consumers_exist (test_udp.UDPTests.test_actual_wire_cleanup_remains_failure_until_all_real_consumers_exist) ... ok
test_common_udp_and_source_packages_exist (test_udp.UDPTests.test_common_udp_and_source_packages_exist) ... ok
test_defined_port_roles_36100_36101_36102_use_actual_sockets (test_udp.UDPTests.test_defined_port_roles_36100_36101_36102_use_actual_sockets) ... ok
test_feedback_cache_expiry_cannot_rollback_highwater (test_udp.UDPTests.test_feedback_cache_expiry_cannot_rollback_highwater) ... ok
test_feedback_sequence_reuse_for_a_different_reply_is_rejected (test_udp.UDPTests.test_feedback_sequence_reuse_for_a_different_reply_is_rejected) ... ok
test_forward_acl_bad_crc_and_oversize_do_not_allocate (test_udp.UDPTests.test_forward_acl_bad_crc_and_oversize_do_not_allocate) ... ok
test_reliable_retries_are_identical_and_periodic_control_is_not_retried (test_udp.UDPTests.test_reliable_retries_are_identical_and_periodic_control_is_not_retried) ... ok
test_reverse_acl_and_transaction_filter_ignore_foreign_feedback (test_udp.UDPTests.test_reverse_acl_and_transaction_filter_ignore_foreign_feedback) ... ok
test_source_request_waits_for_terminal_and_gateway_idle_expires_session (test_udp.UDPTests.test_source_request_waits_for_terminal_and_gateway_idle_expires_session) ... ok
test_source_tracking_capacity_is_explicit_not_misreported_as_timeout (test_udp.UDPTests.test_source_tracking_capacity_is_explicit_not_misreported_as_timeout) ... ok
test_storage_library_does_not_enable_wire_resource_consumer (test_udp.UDPTests.test_storage_library_does_not_enable_wire_resource_consumer) ... ok
test_udp_close_preserves_receiver_shutdown_records_after_socket_release (test_udp.UDPTests.test_udp_close_preserves_receiver_shutdown_records_after_socket_release) ... ok

----------------------------------------------------------------------
Ran 14 tests in 11.241s

OK
test_both_messages_require_all_nine_operations_and_no_success_is_claimed (test_retirement.CleanupGuardTests.test_both_messages_require_all_nine_operations_and_no_success_is_claimed) ... ok
test_cleanup_accepts_safety_boundary_in_all_states_including_failed (test_retirement.CleanupGuardTests.test_cleanup_accepts_safety_boundary_in_all_states_including_failed) ... ok
test_false_missing_extra_and_non_boolean_cleanup_fields_are_rejected (test_retirement.CleanupGuardTests.test_false_missing_extra_and_non_boolean_cleanup_fields_are_rejected) ... ok
test_model_cleanup_running_and_frozen_targets_obey_actual_boundary (test_retirement.CleanupGuardTests.test_model_cleanup_running_and_frozen_targets_obey_actual_boundary) ... ok
test_session_close_preserves_each_explicit_reason_and_rejects_other_messages (test_retirement.CleanupGuardTests.test_session_close_preserves_each_explicit_reason_and_rejects_other_messages) ... ok
test_session_close_uses_actual_service_boundary_not_future_or_late_header_target (test_retirement.CleanupGuardTests.test_session_close_uses_actual_service_boundary_not_future_or_late_header_target) ... ok
test_failed_maintenance_clock_preflight_does_not_delete_any_resource (test_retirement.RetirementTests.test_failed_maintenance_clock_preflight_does_not_delete_any_resource) ... ok
test_idle_queue_maintenance_preserves_original_rejections_and_other_session (test_retirement.RetirementTests.test_idle_queue_maintenance_preserves_original_rejections_and_other_session) ... ok
test_idle_revoke_releases_fragments_even_without_pending_model_input (test_retirement.RetirementTests.test_idle_revoke_releases_fragments_even_without_pending_model_input) ... ok
test_implicit_ingress_maintenance_keeps_original_rejection_until_drained (test_retirement.RetirementTests.test_implicit_ingress_maintenance_keeps_original_rejection_until_drained) ... ok
test_inactive_cleanup_preserves_pending_pre_session_zero_until_shutdown (test_retirement.RetirementTests.test_inactive_cleanup_preserves_pending_pre_session_zero_until_shutdown) ... ok
test_maintenance_capacity_is_local_strict_and_cannot_expand_protocol_limits (test_retirement.RetirementTests.test_maintenance_capacity_is_local_strict_and_cannot_expand_protocol_limits) ... ok
test_maintenance_mailbox_full_refuses_deletion_until_prior_records_drained (test_retirement.RetirementTests.test_maintenance_mailbox_full_refuses_deletion_until_prior_records_drained) ... ok
test_maintenance_preview_is_read_only_and_its_sessions_are_strict (test_retirement.RetirementTests.test_maintenance_preview_is_read_only_and_its_sessions_are_strict) ... ok
test_reassembler_inactive_filter_is_strict_and_clear_preserves_clock (test_retirement.RetirementTests.test_reassembler_inactive_filter_is_strict_and_clear_preserves_clock) ... ok
test_receiver_close_clears_revoked_fragments_and_returns_all_original_inputs (test_retirement.RetirementTests.test_receiver_close_clears_revoked_fragments_and_returns_all_original_inputs) ... ok
test_receiver_idle_expiry_releases_queue_without_a_model_step (test_retirement.RetirementTests.test_receiver_idle_expiry_releases_queue_without_a_model_step) ... ok
test_receiver_retirement_releases_only_named_fragments_and_queue (test_retirement.RetirementTests.test_receiver_retirement_releases_only_named_fragments_and_queue) ... ok
test_registry_shutdown_returns_discarded_inputs_and_is_permanent (test_retirement.RetirementTests.test_registry_shutdown_returns_discarded_inputs_and_is_permanent) ... ok
test_registry_without_model_queue_retirement_and_maintenance_still_work (test_retirement.RetirementTests.test_registry_without_model_queue_retirement_and_maintenance_still_work) ... ok
test_retired_feedback_is_retained_but_cannot_admit_retry_or_open_again (test_retirement.RetirementTests.test_retired_feedback_is_retained_but_cannot_admit_retry_or_open_again) ... ok
test_retirement_identity_is_strict_and_cannot_delete_another_session (test_retirement.RetirementTests.test_retirement_identity_is_strict_and_cannot_delete_another_session) ... ok
test_retirement_preserves_model_step_and_does_not_reclaim_old_admission (test_retirement.RetirementTests.test_retirement_preserves_model_step_and_does_not_reclaim_old_admission) ... ok
test_retirement_releases_only_its_owned_queue_and_retains_original_input (test_retirement.RetirementTests.test_retirement_releases_only_its_owned_queue_and_retains_original_input) ... ok
test_shutdown_inputs_survive_implicit_close_and_can_be_drained_once (test_retirement.RetirementTests.test_shutdown_inputs_survive_implicit_close_and_can_be_drained_once) ... ok
test_shutdown_keeps_prior_maintenance_separate_from_remaining_queue (test_retirement.RetirementTests.test_shutdown_keeps_prior_maintenance_separate_from_remaining_queue) ... ok
test_wire_cleanup_without_consumers_is_failure_and_not_local_retirement (test_retirement.RetirementTests.test_wire_cleanup_without_consumers_is_failure_and_not_local_retirement) ... ok

----------------------------------------------------------------------
Ran 27 tests in 14.626s

OK
test_deferral_capacity_preflight_never_claims_the_65th_original (test_resource_exchange.ResourceExchangeTests.test_deferral_capacity_preflight_never_claims_the_65th_original) ... ok
test_direct_terminal_resource_ack_cannot_name_another_request (test_resource_exchange.ResourceExchangeTests.test_direct_terminal_resource_ack_cannot_name_another_request) ... ok
test_final_pin_is_removed_at_ten_seconds_under_fresh_heartbeats (test_resource_exchange.ResourceExchangeTests.test_final_pin_is_removed_at_ten_seconds_under_fresh_heartbeats) ... ok
test_final_pin_preserves_actual_prefix_after_five_seconds (test_resource_exchange.ResourceExchangeTests.test_final_pin_preserves_actual_prefix_after_five_seconds) ... ok
test_malformed_deferred_feedback_is_schema_error_not_python_exception (test_resource_exchange.ResourceExchangeTests.test_malformed_deferred_feedback_is_schema_error_not_python_exception) ... ok
test_nonfinal_pin_never_allows_success_after_one_second (test_resource_exchange.ResourceExchangeTests.test_nonfinal_pin_never_allows_success_after_one_second) ... ok
test_only_claimed_resource_received_prefix_can_be_deferred (test_resource_exchange.ResourceExchangeTests.test_only_claimed_resource_received_prefix_can_be_deferred) ... ok
test_ordinary_terminal_feedback_stays_immutable (test_resource_exchange.ResourceExchangeTests.test_ordinary_terminal_feedback_stays_immutable) ... ok
test_pending_duplicate_and_real_terminal_append_are_immutable (test_resource_exchange.ResourceExchangeTests.test_pending_duplicate_and_real_terminal_append_are_immutable) ... ok
test_pin_never_renews_session_or_allows_success_after_timeout (test_resource_exchange.ResourceExchangeTests.test_pin_never_renews_session_or_allows_success_after_timeout) ... ok
test_resource_specific_pending_api_exists (test_resource_exchange.ResourceExchangeTests.test_resource_specific_pending_api_exists) ... ok
test_wrong_resource_id_hash_session_transaction_and_progress_rejected (test_resource_exchange.ResourceExchangeTests.test_wrong_resource_id_hash_session_transaction_and_progress_rejected) ... ok
test_actual_source_accepts_only_matching_resource_ack (test_resource_exchange.ResourceSourceTests.test_actual_source_accepts_only_matching_resource_ack) ... ok
test_inconsistent_progress_is_dropped_before_feedback_high_water (test_resource_exchange.ResourceSourceTests.test_inconsistent_progress_is_dropped_before_feedback_high_water) ... ok
test_resource_error_can_report_zero_remaining_stored_bytes (test_resource_exchange.ResourceSourceTests.test_resource_error_can_report_zero_remaining_stored_bytes) ... ok

----------------------------------------------------------------------
Ran 15 tests in 7.993s

OK
test_actual_chunk_hash_error_is_storage_not_application_failure (test_resource_udp.ResourceUDPTests.test_actual_chunk_hash_error_is_storage_not_application_failure) ... ok
test_actual_multichunk_udp_file_and_capabilities (test_resource_udp.ResourceUDPTests.test_actual_multichunk_udp_file_and_capabilities) ... ok
test_bounded_records_leave_original_worker_results_until_drain (test_resource_udp.ResourceUDPTests.test_bounded_records_leave_original_worker_results_until_drain) ... ok
test_capacity_failure_has_no_second_original_job (test_resource_udp.ResourceUDPTests.test_capacity_failure_has_no_second_original_job) ... ok
test_changed_duplicate_never_creates_a_new_job (test_resource_udp.ResourceUDPTests.test_changed_duplicate_never_creates_a_new_job) ... ok
test_idle_feedback_and_terminal_duplicate_keep_original_result (test_resource_udp.ResourceUDPTests.test_idle_feedback_and_terminal_duplicate_keep_original_result) ... ok
test_model_and_terrain_do_not_bypass_missing_actual_state_gate (test_resource_udp.ResourceUDPTests.test_model_and_terrain_do_not_bypass_missing_actual_state_gate) ... ok
test_pending_duplicate_and_retire_do_not_block_on_actual_file_io (test_resource_udp.ResourceUDPTests.test_pending_duplicate_and_retire_do_not_block_on_actual_file_io) ... ok
test_retired_result_retained_without_live_session_feedback (test_resource_udp.ResourceUDPTests.test_retired_result_retained_without_live_session_feedback) ... ok

----------------------------------------------------------------------
Ran 9 tests in 5.939s

OK
